Microchip MPLAB XC8 Compiler V1.45 ()

Linker command line:

-W-3 --edf=/Applications/microchip/xc8/v1.45/dat/en_msgs.txt -cs \
  -h+dist/default/debug/Main_Robot.debug.sym \
  --cmf=dist/default/debug/Main_Robot.debug.cmf -z -Q18F4620 \
  -o/tmp/xcL5TGzuB -Mdist/default/debug/Main_Robot.debug.map -E1 -ver=XC8 \
  -ASTACK=028Eh-0eeeh -pstack=STACK -ACODE=00h-0FCFFh -ACONST=00h-0FCFFh \
  -ASMALLCONST=01000h-010FFhx237 -AMEDIUMCONST=01000h-0FCFFh \
  -ACOMRAM=01h-07Fh -AABS1=00h-0EEEh,0F00h-0F7Fh \
  -ABIGRAM=01h-0EEEh,0F00h-0F7Fh \
  -ARAM=080h-0FFh,0100h-01FFhx13,0E00h-0EEEh,0F00h-0F7Fh -ABANK0=080h-0FFh \
  -ABANK1=0100h-01FFh -ABANK2=0200h-02FFh -ABANK3=0300h-03FFh \
  -ABANK4=0400h-04FFh -ABANK5=0500h-05FFh -ABANK6=0600h-06FFh \
  -ABANK7=0700h-07FFh -ABANK8=0800h-08FFh -ABANK9=0900h-09FFh \
  -ABANK10=0A00h-0AFFh -ABANK11=0B00h-0BFFh -ABANK12=0C00h-0CFFh \
  -ABANK13=0D00h-0DFFh -ABANK14=0E00h-0EEEh -ABANK15=0F00h-0F7Fh \
  -ASFR=0F80h-0F9Bh,0F9Dh-0FD3h,0FD5h-0FDAh,0FE0h-0FE2h,0FE8h-0FEAh,0FF0h-0FFBh \
  -preset_vec=00h,intcode,intcodelo,powerup,init -pramtop=01000h \
  -psmallconst=SMALLCONST -pmediumconst=MEDIUMCONST -pconst=CONST \
  -AFARRAM=00h-00h -ACONFIG=0300000h-030000Dh -pconfig=CONFIG \
  -AIDLOC=0200000h-0200007h -pidloc=IDLOC -AEEDATA=0F00000h-0F003FFh \
  -peeprom_data=EEDATA \
  -prdata=COMRAM,nvrram=COMRAM,nvbit=COMRAM,rbss=COMRAM,rbit=COMRAM \
  -pfarbss=FARRAM,fardata=FARRAM,nvFARRAM=FARRAM \
  -pintsave_regs=BIGRAM,bigbss=BIGRAM,bigdata=BIGRAM -pbss=RAM \
  -pidata=CODE,irdata=CODE,ibigdata=CODE,ifardata=CODE -prparam=COMRAM \
  /tmp/xc1S0P8ca.obj dist/default/debug/Main_Robot.debug.obj 

Object code version is 3.11

Machine type is 18F4620

Call graph: (short form)




                Name                               Link     Load   Length Selector   Space Scale
/tmp/xc1S0P8ca.obj
                init                                  2        2        4        0       0
                reset_vec                             0        0        2        0       0
                idloc                            200000   200000        8   200000       0
                config                           300000   300000        E   300000       0
dist/default/debug/Main_Robot.debug.obj
                mediumconst                        F924     F924      3DC     7C92       0
                text56                             A242     A242       CC     5121       0
                text55                             9D4E     9D4E       84     4EA7       0
                text54                             9888     9888       2A     4C44       0
                text53                             983C     983C       26     4C1E       0
                text52                             9C4E     9C4E       7E     4E27       0
                text51                             97BE     97BE       14     4BDF       0
                text50                             9966     9966       4C     4CB3       0
                text49                             9E5C     9E5C       9A     4F2E       0
                text48                             98B2     98B2       34     4C59       0
                text47                             9862     9862       26     4C31       0
                text46                             9EF6     9EF6       A0     4F7B       0
                text45                             9F96     9F96       A0     4FCB       0
                text44                             A036     A036       A0     501B       0
                text43                             ACF8     ACF8      16E     567C       0
                text42                             9B0E     9B0E       60     4D87       0
                text41                             AB92     AB92      166     55C9       0
                text40                             AFDA     AFDA      194     57ED       0
                text39                             A924     A924      130     5492       0
                text38                             97D2     97D2       14     4BE9       0
                text37                             A6E6     A6E6      11A     5373       0
                text36                             9B6E     9B6E       70     4DB7       0
                text35                             9BDE     9BDE       70     4DEF       0
                text34                             BA2C     BA2C      262     5D16       0
                text33                             AE66     AE66      174     5733       0
                text32                             B7D4     B7D4      258     5BEA       0
                text31                             99B2     99B2       52     4CD9       0
                text30                             9924     9924       42     4C92       0
                text29                             97FA     97FA       1E     4BFD       0
                text28                             97E6     97E6       14     4BF3       0
                text27                             BF7A     BF7A      3F2     5FBD       0
                text26                             DF58     DF58      AF8     6FAC       0
                text25                             9A56     9A56       5C     4D2B       0
                text24                             CE0E     CE0E      68E     6707       0
                text23                             9CCC     9CCC       82     4E66       0
                text22                             9AB2     9AB2       5C     4D59       0
                text21                             97AC     97AC       12     4BD6       0
                text20                             9818     9818       24     4C0C       0
                text19                             978A     978A        8     4BC5       0
                text18                             9792     9792        8     4BC9       0
                text17                             97A2     97A2        A     4BD1       0
                text16                             A800     A800      124     5400       0
                text15                             C36C     C36C      532     61B6       0
                text14                             D49C     D49C      ABC     6A4E       0
                text13                             A184     A184       BE     50C2       0
                text12                             B16E     B16E      1FA     58B7       0
                text11                             A3F0     A3F0       F0     51F8       0
                text10                             A5D0     A5D0      116     52E8       0
                text9                              A4E0     A4E0       F0     5270       0
                text8                              B57E     B57E      256     5ABF       0
                text7                              A0D6     A0D6       AE     506B       0
                text6                              C89E     C89E      570     644F       0
                text5                              9A04     9A04       52     4D02       0
                text4                              BC8E     BC8E      2EC     5E47       0
                text3                              A30E     A30E       E2     5187       0
                text2                              B368     B368      216     59B4       0
                text1                              EA50     EA50      ED4     7528       0
                text0                              AA54     AA54      13E     552A       0
                cstackCOMRAM                          1        1       6D        1       1
                cstackBANK0                          80       80       50       80       1
                cstackBANK1                         100      100       8A      100       1
                dataBANK2                           250      250       3E      200       1
                bssBANK2                            200      200       50      200       1
                bssBANK1                            18A      18A       74      100       1
                dataBANK0                            F8       F8        2       80       1
                bssBANK0                             D0       D0       28       80       1
                dataCOMRAM                           6E       6E        8        1       1
                bssCOMRAM                            76       76        4        1       1
                cinit                              9DD2     9DD2       8A     4EE9       0
                idataBANK2                         98E6     98E6       3E     98E6       0
                idataBANK0                         9788     9788        2     9788       0
                idataCOMRAM                        979A     979A        8     979A       0

TOTAL           Name                               Link     Load   Length     Space
        CLASS   STACK          

        CLASS   CODE           
                init                                  2        2        4         0
                reset_vec                             0        0        2         0
                text56                             A242     A242       CC         0
                text55                             9D4E     9D4E       84         0
                text54                             9888     9888       2A         0
                text53                             983C     983C       26         0
                text52                             9C4E     9C4E       7E         0
                text51                             97BE     97BE       14         0
                text50                             9966     9966       4C         0
                text49                             9E5C     9E5C       9A         0
                text48                             98B2     98B2       34         0
                text47                             9862     9862       26         0
                text46                             9EF6     9EF6       A0         0
                text45                             9F96     9F96       A0         0
                text44                             A036     A036       A0         0
                text43                             ACF8     ACF8      16E         0
                text42                             9B0E     9B0E       60         0
                text41                             AB92     AB92      166         0
                text40                             AFDA     AFDA      194         0
                text39                             A924     A924      130         0
                text38                             97D2     97D2       14         0
                text37                             A6E6     A6E6      11A         0
                text36                             9B6E     9B6E       70         0
                text35                             9BDE     9BDE       70         0
                text34                             BA2C     BA2C      262         0
                text33                             AE66     AE66      174         0
                text32                             B7D4     B7D4      258         0
                text31                             99B2     99B2       52         0
                text30                             9924     9924       42         0
                text29                             97FA     97FA       1E         0
                text28                             97E6     97E6       14         0
                text27                             BF7A     BF7A      3F2         0
                text26                             DF58     DF58      AF8         0
                text25                             9A56     9A56       5C         0
                text24                             CE0E     CE0E      68E         0
                text23                             9CCC     9CCC       82         0
                text22                             9AB2     9AB2       5C         0
                text21                             97AC     97AC       12         0
                text20                             9818     9818       24         0
                text19                             978A     978A        8         0
                text18                             9792     9792        8         0
                text17                             97A2     97A2        A         0
                text16                             A800     A800      124         0
                text15                             C36C     C36C      532         0
                text14                             D49C     D49C      ABC         0
                text13                             A184     A184       BE         0
                text12                             B16E     B16E      1FA         0
                text11                             A3F0     A3F0       F0         0
                text10                             A5D0     A5D0      116         0
                text9                              A4E0     A4E0       F0         0
                text8                              B57E     B57E      256         0
                text7                              A0D6     A0D6       AE         0
                text6                              C89E     C89E      570         0
                text5                              9A04     9A04       52         0
                text4                              BC8E     BC8E      2EC         0
                text3                              A30E     A30E       E2         0
                text2                              B368     B368      216         0
                text1                              EA50     EA50      ED4         0
                text0                              AA54     AA54      13E         0
                cinit                              9DD2     9DD2       8A         0
                idataBANK2                         98E6     98E6       3E         0
                idataBANK0                         9788     9788        2         0
                idataCOMRAM                        979A     979A        8         0

        CLASS   CONST          

        CLASS   SMALLCONST     

        CLASS   MEDIUMCONST    
                mediumconst                        F924     F924      3DC         0

        CLASS   COMRAM         
                cstackCOMRAM                          1        1       6D         1
                dataCOMRAM                           6E       6E        8         1
                bssCOMRAM                            76       76        4         1

        CLASS   ABS1           

        CLASS   BIGRAM         

        CLASS   RAM            

        CLASS   BANK0          
                cstackBANK0                          80       80       50         1
                dataBANK0                            F8       F8        2         1
                bssBANK0                             D0       D0       28         1

        CLASS   BANK1          
                cstackBANK1                         100      100       8A         1
                bssBANK1                            18A      18A       74         1

        CLASS   BANK2          
                dataBANK2                           250      250       3E         1
                bssBANK2                            200      200       50         1

        CLASS   BANK3          

        CLASS   BANK4          

        CLASS   BANK5          

        CLASS   BANK6          

        CLASS   BANK7          

        CLASS   BANK8          

        CLASS   BANK9          

        CLASS   BANK10         

        CLASS   BANK11         

        CLASS   BANK12         

        CLASS   BANK13         

        CLASS   BANK14         

        CLASS   BANK15         

        CLASS   SFR            

        CLASS   FARRAM         

        CLASS   CONFIG         
                config                           300000   300000        E         0

        CLASS   IDLOC          
                idloc                            200000   200000        8         0

        CLASS   EEDATA         



SEGMENTS        Name                           Load    Length   Top    Selector   Space  Class

                reset_vec                      000000  000006  000006         0       0  CODE    
                cstackCOMRAM                   000001  000079  00007A         1       1  COMRAM  
                cstackBANK0                    000080  00007A  0000FA        80       1  BANK0   
                cstackBANK1                    000100  0000FE  0001FE       100       1  BANK1   
                bssBANK2                       000200  00008E  00028E       200       1  BANK2   
                idataBANK0                     009788  000002  00978A      9788       0  CODE    
                text19                         00978A  000008  009792      4BC5       0  CODE    
                text18                         009792  000008  00979A      4BC9       0  CODE    
                idataCOMRAM                    00979A  000008  0097A2      979A       0  CODE    
                text17                         0097A2  00000A  0097AC      4BD1       0  CODE    
                text21                         0097AC  000012  0097BE      4BD6       0  CODE    
                text51                         0097BE  000014  0097D2      4BDF       0  CODE    
                text38                         0097D2  000014  0097E6      4BE9       0  CODE    
                text28                         0097E6  000014  0097FA      4BF3       0  CODE    
                text29                         0097FA  00001E  009818      4BFD       0  CODE    
                text20                         009818  000024  00983C      4C0C       0  CODE    
                text53                         00983C  000026  009862      4C1E       0  CODE    
                text47                         009862  000026  009888      4C31       0  CODE    
                text54                         009888  00002A  0098B2      4C44       0  CODE    
                text48                         0098B2  000034  0098E6      4C59       0  CODE    
                idataBANK2                     0098E6  00003E  009924      98E6       0  CODE    
                text30                         009924  000042  009966      4C92       0  CODE    
                text50                         009966  00004C  0099B2      4CB3       0  CODE    
                text31                         0099B2  000052  009A04      4CD9       0  CODE    
                text5                          009A04  000052  009A56      4D02       0  CODE    
                text25                         009A56  00005C  009AB2      4D2B       0  CODE    
                text22                         009AB2  00005C  009B0E      4D59       0  CODE    
                text42                         009B0E  000060  009B6E      4D87       0  CODE    
                text36                         009B6E  000070  009BDE      4DB7       0  CODE    
                text35                         009BDE  000070  009C4E      4DEF       0  CODE    
                text52                         009C4E  00007E  009CCC      4E27       0  CODE    
                text23                         009CCC  000082  009D4E      4E66       0  CODE    
                text55                         009D4E  000084  009DD2      4EA7       0  CODE    
                cinit                          009DD2  00008A  009E5C      4EE9       0  CODE    
                text49                         009E5C  00009A  009EF6      4F2E       0  CODE    
                text46                         009EF6  0000A0  009F96      4F7B       0  CODE    
                text45                         009F96  0000A0  00A036      4FCB       0  CODE    
                text44                         00A036  0000A0  00A0D6      501B       0  CODE    
                text7                          00A0D6  0000AE  00A184      506B       0  CODE    
                text13                         00A184  0000BE  00A242      50C2       0  CODE    
                text56                         00A242  0000CC  00A30E      5121       0  CODE    
                text3                          00A30E  0000E2  00A3F0      5187       0  CODE    
                text11                         00A3F0  0000F0  00A4E0      51F8       0  CODE    
                text9                          00A4E0  0000F0  00A5D0      5270       0  CODE    
                text10                         00A5D0  000116  00A6E6      52E8       0  CODE    
                text37                         00A6E6  00011A  00A800      5373       0  CODE    
                text16                         00A800  000124  00A924      5400       0  CODE    
                text39                         00A924  000130  00AA54      5492       0  CODE    
                text0                          00AA54  00013E  00AB92      552A       0  CODE    
                text41                         00AB92  000166  00ACF8      55C9       0  CODE    
                text43                         00ACF8  00016E  00AE66      567C       0  CODE    
                text33                         00AE66  000174  00AFDA      5733       0  CODE    
                text40                         00AFDA  000194  00B16E      57ED       0  CODE    
                text12                         00B16E  0001FA  00B368      58B7       0  CODE    
                text2                          00B368  000216  00B57E      59B4       0  CODE    
                text8                          00B57E  000256  00B7D4      5ABF       0  CODE    
                text32                         00B7D4  000258  00BA2C      5BEA       0  CODE    
                text34                         00BA2C  000262  00BC8E      5D16       0  CODE    
                text4                          00BC8E  0002EC  00BF7A      5E47       0  CODE    
                text27                         00BF7A  0003F2  00C36C      5FBD       0  CODE    
                text15                         00C36C  000532  00C89E      61B6       0  CODE    
                text6                          00C89E  000570  00CE0E      644F       0  CODE    
                text24                         00CE0E  00068E  00D49C      6707       0  CODE    
                text14                         00D49C  000ABC  00DF58      6A4E       0  CODE    
                text26                         00DF58  000AF8  00EA50      6FAC       0  CODE    
                text1                          00EA50  000ED4  00F924      7528       0  CODE    
                mediumconst                    00F924  0003DC  00FD00      7C92       0  MEDIUMCO
                idloc                          200000  000008  200008    200000       0  IDLOC   
                config                         300000  00000E  30000E    300000       0  CONFIG  


UNUSED ADDRESS RANGES

        Name                Unused          Largest block    Delta
        BANK0            0000FA-0000FF                6
        BANK1            0001FE-0001FF                2
        BANK10           000A00-000AFF              100
        BANK11           000B00-000BFF              100
        BANK12           000C00-000CFF              100
        BANK13           000D00-000DFF              100
        BANK14           000E00-000EEE               EF
        BANK15           000F00-000F7F               80
        BANK2            00028E-0002FF               72
        BANK3            000300-0003FF              100
        BANK4            000400-0004FF              100
        BANK5            000500-0005FF              100
        BANK6            000600-0006FF              100
        BANK7            000700-0007FF              100
        BANK8            000800-0008FF              100
        BANK9            000900-0009FF              100
        BIGRAM           00007A-00007F                6
                         0000FA-0000FF                6
                         0001FE-0001FF                2
                         00028E-000EEE              C61
                         000F00-000F7F               80
        CODE             000006-009787             9782
        COMRAM           00007A-00007F                6
        CONST            000006-009787             9782
        EEDATA           F00000-F003FF              400
        MEDIUMCONST      001000-009787             8788
        RAM              0000FA-0000FF                6
                         0001FE-0001FF                2
                         00028E-000EEE              100
                         000F00-000F7F               80
        SFR              000F80-000F9B               1C
                         000F9D-000FD3               37
                         000FD5-000FDA                6
                         000FE0-000FE2                3
                         000FE8-000FEA                3
                         000FF0-000FFB                C
        SMALLCONST       001000-009787              100
        STACK            00028E-000EEE              C61

                                  Symbol Table

?___aldiv                         cstackCOMRAM 000001
?___lldiv                         cstackCOMRAM 000001
?___lwdiv                         cstackCOMRAM 000001
?___lwmod                         cstackCOMRAM 000008
?___wmul                          cstackCOMRAM 000001
?_check_food                      cstackCOMRAM 000001
?_decode_diet                     cstackCOMRAM 000001
?_decode_drawer                   cstackCOMRAM 000001
?_diet_press                      cstackCOMRAM 000029
?_displayLogs                     cstackCOMRAM 000029
?_findDrawerIndex                 cstackCOMRAM 000001
?_food_press                      cstackCOMRAM 000029
?_getFlat                         cstackCOMRAM 000001
?_getFlatPieces                   cstackCOMRAM 000001
?_getLong                         cstackCOMRAM 000001
?_getLongPieces                   cstackCOMRAM 000001
?_getRound                        cstackCOMRAM 000001
?_getRoundPieces                  cstackCOMRAM 000001
?_get_digits                      cstackCOMRAM 000001
?_moveVertically                  cstackCOMRAM 00000C
?_printFoodInput                  cstackCOMRAM 000001
?_printf                          cstackCOMRAM 00000D
?_standbyMode                     cstackCOMRAM 00005E
?_verifyKeypress                  cstackCOMRAM 000001
?_viewLogs                        cstackCOMRAM 000052
?_which_drawer                    cstackCOMRAM 000029
I2C_Master_Init@clockFreq         cstackCOMRAM 00000E
I2C_Master_Read@ackBit            cstackCOMRAM 000002
I2C_Master_Read@receivedByte      cstackCOMRAM 000003
I2C_Master_Write@byteToWrite      cstackCOMRAM 000002
UART_Init@baud                    cstackCOMRAM 00000F
_ADCON0                           (abs)        000FC2
_ADCON0bits                       (abs)        000FC2
_ADCON1                           (abs)        000FC1
_ADON                             (abs)        007E10
_ADRESH                           (abs)        000FC4
_ADRESL                           (abs)        000FC3
_EEADR                            (abs)        000FA9
_EECON1bits                       (abs)        000FA6
_EECON2                           (abs)        000FA7
_EEDATA                           (abs)        000FA8
_I2C_Master_Init                  text22       009AB2
_I2C_Master_Read                  text20       009818
_I2C_Master_Start                 text19       00978A
_I2C_Master_Stop                  text18       009792
_I2C_Master_Wait                  text21       0097AC
_I2C_Master_Write                 text17       0097A2
_INTCONbits                       (abs)        000FF2
_LATA                             (abs)        000F89
_LATAbits                         (abs)        000F89
_LATB                             (abs)        000F8A
_LATC                             (abs)        000F8B
_LATCbits                         (abs)        000F8B
_LATD                             (abs)        000F8C
_LATDbits                         (abs)        000F8C
_LATE                             (abs)        000F8D
_LATEbits                         (abs)        000F8D
_LCD_HORZ_LIMIT                   mediumconst  00F965
_LCD_LEFT                         mediumconst  00F960
_LCD_RIGHT                        mediumconst  00F961
_LCD_SIZE_HORZ                    mediumconst  00F963
_LCD_SIZE_VERT                    mediumconst  00F962
_LCD_VERT_LIMIT                   mediumconst  00F964
_LCDinterruptState                bssCOMRAM    000078
_PORTB                            (abs)        000F81
_PORTBbits                        (abs)        000F81
_RCIE                             (abs)        007CED
_RCIF                             (abs)        007CF5
_RCREG                            (abs)        000FAE
_RCSTAbits                        (abs)        000FAB
_SPBRG                            (abs)        000FAF
_SSPADD                           (abs)        000FC8
_SSPBUF                           (abs)        000FC9
_SSPCON1                          (abs)        000FC6
_SSPCON1bits                      (abs)        000FC6
_SSPCON2                          (abs)        000FC5
_SSPCON2bits                      (abs)        000FC5
_SSPSTAT                          (abs)        000FC7
_TRISA                            (abs)        000F92
_TRISAbits                        (abs)        000F92
_TRISB                            (abs)        000F93
_TRISC                            (abs)        000F94
_TRISC6                           (abs)        007CA6
_TRISC7                           (abs)        007CA7
_TRISCbits                        (abs)        000F94
_TRISD                            (abs)        000F95
_TRISDbits                        (abs)        000F95
_TRISE                            (abs)        000F96
_TRISEbits                        (abs)        000F96
_TRMT                             (abs)        007D61
_TXIE                             (abs)        007CEC
_TXIF                             (abs)        007CF4
_TXREG                            (abs)        000FAD
_TXSTAbits                        (abs)        000FAC
_UART                             dataCOMRAM   00006E
_UART_Init                        text55       009D4E
_UARTinterruptState               bssCOMRAM    000079
__CFG_BOREN$SBORDIS               (abs)        000000
__CFG_BORV$3                      (abs)        000000
__CFG_CCP2MX$PORTC                (abs)        000000
__CFG_CP0$OFF                     (abs)        000000
__CFG_CP1$OFF                     (abs)        000000
__CFG_CP2$OFF                     (abs)        000000
__CFG_CP3$OFF                     (abs)        000000
__CFG_CPB$OFF                     (abs)        000000
__CFG_CPD$ON                      (abs)        000000
__CFG_EBTR0$OFF                   (abs)        000000
__CFG_EBTR1$OFF                   (abs)        000000
__CFG_EBTR2$OFF                   (abs)        000000
__CFG_EBTR3$OFF                   (abs)        000000
__CFG_EBTRB$OFF                   (abs)        000000
__CFG_FCMEN$OFF                   (abs)        000000
__CFG_IESO$OFF                    (abs)        000000
__CFG_LPT1OSC$OFF                 (abs)        000000
__CFG_LVP$OFF                     (abs)        000000
__CFG_MCLRE$ON                    (abs)        000000
__CFG_OSC$HSPLL                   (abs)        000000
__CFG_PBADEN$ON                   (abs)        000000
__CFG_PWRT$OFF                    (abs)        000000
__CFG_STVREN$ON                   (abs)        000000
__CFG_WDT$OFF                     (abs)        000000
__CFG_WDTPS$32768                 (abs)        000000
__CFG_WRT0$OFF                    (abs)        000000
__CFG_WRT1$OFF                    (abs)        000000
__CFG_WRT2$OFF                    (abs)        000000
__CFG_WRT3$OFF                    (abs)        000000
__CFG_WRTB$OFF                    (abs)        000000
__CFG_WRTC$OFF                    (abs)        000000
__CFG_WRTD$OFF                    (abs)        000000
__CFG_XINST$OFF                   (abs)        000000
__HRAM                            (abs)        000000
__Habs1                           abs1         000000
__Hbank0                          bank0        000000
__Hbank1                          bank1        000000
__Hbank10                         bank10       000000
__Hbank11                         bank11       000000
__Hbank12                         bank12       000000
__Hbank13                         bank13       000000
__Hbank14                         bank14       000000
__Hbank15                         bank15       000000
__Hbank2                          bank2        000000
__Hbank3                          bank3        000000
__Hbank4                          bank4        000000
__Hbank5                          bank5        000000
__Hbank6                          bank6        000000
__Hbank7                          bank7        000000
__Hbank8                          bank8        000000
__Hbank9                          bank9        000000
__Hbigbss                         bigbss       000000
__Hbigdata                        bigdata      000000
__Hbigram                         bigram       000000
__Hbss                            bss          000000
__HbssBANK0                       bssBANK0     000000
__HbssBANK1                       bssBANK1     000000
__HbssBANK2                       bssBANK2     000000
__HbssCOMRAM                      bssCOMRAM    000000
__Hcinit                          cinit        000000
__Hclrtext                        clrtext      000000
__Hcomram                         comram       000000
__Hconfig                         config       30000E
__Hconst                          const        000000
__HcstackBANK0                    cstackBANK0  000000
__HcstackBANK1                    cstackBANK1  000000
__HcstackCOMRAM                   cstackCOMRAM 000000
__Hdata                           data         000000
__HdataBANK0                      dataBANK0    000000
__HdataBANK2                      dataBANK2    000000
__HdataCOMRAM                     dataCOMRAM   000000
__Heeprom_data                    eeprom_data  000000
__Hfarbss                         farbss       000000
__Hfardata                        fardata      000000
__Hibigdata                       ibigdata     000000
__Hidata                          idata        000000
__HidataBANK0                     idataBANK0   000000
__HidataBANK2                     idataBANK2   000000
__HidataCOMRAM                    idataCOMRAM  000000
__Hidloc                          idloc        200008
__Hifardata                       ifardata     000000
__Hinit                           init         000006
__Hintcode                        intcode      000002
__Hintcode_body                   intcode_body 000000
__Hintcodelo                      intcodelo    000002
__Hintentry                       intentry     000000
__Hintret                         intret       000000
__Hintsave_regs                   intsave_regs 000000
__Hirdata                         irdata       000000
__Hmediumconst                    mediumconst  00FD00
__HnvFARRAM                       nvFARRAM     000000
__Hnvbit                          nvbit        000000
__Hnvrram                         nvrram       000000
__Hparam                          rparam       000000
__Hpowerup                        powerup      000002
__Hram                            ram          000000
__Hramtop                         ramtop       001000
__Hrbit                           rbit         000000
__Hrbss                           rbss         000000
__Hrdata                          rdata        000000
__Hreset_vec                      reset_vec    000002
__Hrparam                         rparam       000000
__Hsfr                            sfr          000000
__Hsmallconst                     smallconst   000000
__Hspace_0                        (abs)        30000E
__Hspace_1                        (abs)        00028E
__Hspace_2                        (abs)        000000
__Hstack                          stack        000000
__Hstruct                         struct       000000
__Htemp                           temp         000000
__Htext                           text         000000
__Htext0                          text0        000000
__Htext1                          text1        000000
__Htext10                         text10       000000
__Htext11                         text11       000000
__Htext12                         text12       000000
__Htext13                         text13       000000
__Htext14                         text14       000000
__Htext15                         text15       000000
__Htext16                         text16       000000
__Htext17                         text17       000000
__Htext18                         text18       000000
__Htext19                         text19       000000
__Htext2                          text2        000000
__Htext20                         text20       000000
__Htext21                         text21       000000
__Htext22                         text22       000000
__Htext23                         text23       000000
__Htext24                         text24       000000
__Htext25                         text25       000000
__Htext26                         text26       000000
__Htext27                         text27       000000
__Htext28                         text28       000000
__Htext29                         text29       000000
__Htext3                          text3        000000
__Htext30                         text30       000000
__Htext31                         text31       000000
__Htext32                         text32       000000
__Htext33                         text33       000000
__Htext34                         text34       000000
__Htext35                         text35       000000
__Htext36                         text36       000000
__Htext37                         text37       000000
__Htext38                         text38       000000
__Htext39                         text39       000000
__Htext4                          text4        000000
__Htext40                         text40       000000
__Htext41                         text41       000000
__Htext42                         text42       000000
__Htext43                         text43       000000
__Htext44                         text44       000000
__Htext45                         text45       000000
__Htext46                         text46       000000
__Htext47                         text47       000000
__Htext48                         text48       000000
__Htext49                         text49       000000
__Htext5                          text5        000000
__Htext50                         text50       000000
__Htext51                         text51       000000
__Htext52                         text52       000000
__Htext53                         text53       000000
__Htext54                         text54       000000
__Htext55                         text55       000000
__Htext56                         text56       000000
__Htext6                          text6        000000
__Htext7                          text7        000000
__Htext8                          text8        000000
__Htext9                          text9        000000
__LRAM                            (abs)        000001
__Labs1                           abs1         000000
__Lbank0                          bank0        000000
__Lbank1                          bank1        000000
__Lbank10                         bank10       000000
__Lbank11                         bank11       000000
__Lbank12                         bank12       000000
__Lbank13                         bank13       000000
__Lbank14                         bank14       000000
__Lbank15                         bank15       000000
__Lbank2                          bank2        000000
__Lbank3                          bank3        000000
__Lbank4                          bank4        000000
__Lbank5                          bank5        000000
__Lbank6                          bank6        000000
__Lbank7                          bank7        000000
__Lbank8                          bank8        000000
__Lbank9                          bank9        000000
__Lbigbss                         bigbss       000000
__Lbigdata                        bigdata      000000
__Lbigram                         bigram       000000
__Lbss                            bss          000000
__LbssBANK0                       bssBANK0     000000
__LbssBANK1                       bssBANK1     000000
__LbssBANK2                       bssBANK2     000000
__LbssCOMRAM                      bssCOMRAM    000000
__Lcinit                          cinit        000000
__Lclrtext                        clrtext      000000
__Lcomram                         comram       000000
__Lconfig                         config       300000
__Lconst                          const        000000
__LcstackBANK0                    cstackBANK0  000000
__LcstackBANK1                    cstackBANK1  000000
__LcstackCOMRAM                   cstackCOMRAM 000000
__Ldata                           data         000000
__LdataBANK0                      dataBANK0    000000
__LdataBANK2                      dataBANK2    000000
__LdataCOMRAM                     dataCOMRAM   000000
__Leeprom_data                    eeprom_data  000000
__Lfarbss                         farbss       000000
__Lfardata                        fardata      000000
__Libigdata                       ibigdata     000000
__Lidata                          idata        000000
__LidataBANK0                     idataBANK0   000000
__LidataBANK2                     idataBANK2   000000
__LidataCOMRAM                    idataCOMRAM  000000
__Lidloc                          idloc        200000
__Lifardata                       ifardata     000000
__Linit                           init         000002
__Lintcode                        intcode      000002
__Lintcode_body                   intcode_body 000000
__Lintcodelo                      intcodelo    000002
__Lintentry                       intentry     000000
__Lintret                         intret       000000
__Lintsave_regs                   intsave_regs 000000
__Lirdata                         irdata       000000
__Lmediumconst                    mediumconst  00F924
__LnvFARRAM                       nvFARRAM     000000
__Lnvbit                          nvbit        000000
__Lnvrram                         nvrram       000000
__Lparam                          rparam       000000
__Lpowerup                        powerup      000002
__Lram                            ram          000000
__Lramtop                         ramtop       001000
__Lrbit                           rbit         000000
__Lrbss                           rbss         000000
__Lrdata                          rdata        000000
__Lreset_vec                      reset_vec    000000
__Lrparam                         rparam       000000
__Lsfr                            sfr          000000
__Lsmallconst                     smallconst   000000
__Lspace_0                        (abs)        000000
__Lspace_1                        (abs)        000000
__Lspace_2                        (abs)        000000
__Lstack                          stack        000000
__Lstruct                         struct       000000
__Ltemp                           temp         000000
__Ltext                           text         000000
__Ltext0                          text0        000000
__Ltext1                          text1        000000
__Ltext10                         text10       000000
__Ltext11                         text11       000000
__Ltext12                         text12       000000
__Ltext13                         text13       000000
__Ltext14                         text14       000000
__Ltext15                         text15       000000
__Ltext16                         text16       000000
__Ltext17                         text17       000000
__Ltext18                         text18       000000
__Ltext19                         text19       000000
__Ltext2                          text2        000000
__Ltext20                         text20       000000
__Ltext21                         text21       000000
__Ltext22                         text22       000000
__Ltext23                         text23       000000
__Ltext24                         text24       000000
__Ltext25                         text25       000000
__Ltext26                         text26       000000
__Ltext27                         text27       000000
__Ltext28                         text28       000000
__Ltext29                         text29       000000
__Ltext3                          text3        000000
__Ltext30                         text30       000000
__Ltext31                         text31       000000
__Ltext32                         text32       000000
__Ltext33                         text33       000000
__Ltext34                         text34       000000
__Ltext35                         text35       000000
__Ltext36                         text36       000000
__Ltext37                         text37       000000
__Ltext38                         text38       000000
__Ltext39                         text39       000000
__Ltext4                          text4        000000
__Ltext40                         text40       000000
__Ltext41                         text41       000000
__Ltext42                         text42       000000
__Ltext43                         text43       000000
__Ltext44                         text44       000000
__Ltext45                         text45       000000
__Ltext46                         text46       000000
__Ltext47                         text47       000000
__Ltext48                         text48       000000
__Ltext49                         text49       000000
__Ltext5                          text5        000000
__Ltext50                         text50       000000
__Ltext51                         text51       000000
__Ltext52                         text52       000000
__Ltext53                         text53       000000
__Ltext54                         text54       000000
__Ltext55                         text55       000000
__Ltext56                         text56       000000
__Ltext6                          text6        000000
__Ltext7                          text7        000000
__Ltext8                          text8        000000
__Ltext9                          text9        000000
__S0                              (abs)        30000E
__S1                              (abs)        00028E
__S2                              (abs)        000000
___aldiv                          text56       00A242
___aldiv@counter                  cstackCOMRAM 000009
___aldiv@dividend                 cstackCOMRAM 000001
___aldiv@divisor                  cstackCOMRAM 000005
___aldiv@quotient                 cstackCOMRAM 00000B
___aldiv@sign                     cstackCOMRAM 00000A
___inthi_sp                       stack        000000
___intlo_sp                       stack        000000
___lldiv                          text23       009CCC
___lldiv@counter                  cstackCOMRAM 00000D
___lldiv@dividend                 cstackCOMRAM 000001
___lldiv@divisor                  cstackCOMRAM 000005
___lldiv@quotient                 cstackCOMRAM 000009
___lwdiv                          text31       0099B2
___lwdiv@counter                  cstackCOMRAM 000007
___lwdiv@dividend                 cstackCOMRAM 000001
___lwdiv@divisor                  cstackCOMRAM 000003
___lwdiv@quotient                 cstackCOMRAM 000005
___lwmod                          text30       009924
___lwmod@counter                  cstackCOMRAM 00000C
___lwmod@dividend                 cstackCOMRAM 000008
___lwmod@divisor                  cstackCOMRAM 00000A
___param_bank                     (abs)        000000
___rparam_used                    (abs)        000001
___sp                             stack        000000
___wmul                           text47       009862
___wmul@multiplicand              cstackCOMRAM 000003
___wmul@multiplier                cstackCOMRAM 000001
___wmul@product                   cstackCOMRAM 000005
__accesstop                       (abs)        000080
__activetblptr                    (abs)        000003
__end_of_I2C_Master_Init          text22       009B0E
__end_of_I2C_Master_Read          text20       00983C
__end_of_I2C_Master_Start         text19       009792
__end_of_I2C_Master_Stop          text18       00979A
__end_of_I2C_Master_Wait          text21       0097BE
__end_of_I2C_Master_Write         text17       0097AC
__end_of_LCD_HORZ_LIMIT           mediumconst  00F966
__end_of_LCD_LEFT                 mediumconst  00F961
__end_of_LCD_RIGHT                mediumconst  00F962
__end_of_LCD_SIZE_HORZ            mediumconst  00F964
__end_of_LCD_SIZE_VERT            mediumconst  00F963
__end_of_LCD_VERT_LIMIT           mediumconst  00F965
__end_of_UART_Init                text55       009DD2
__end_of___aldiv                  text56       00A30E
__end_of___lldiv                  text23       009D4E
__end_of___lwdiv                  text31       009A04
__end_of___lwmod                  text30       009966
__end_of___wmul                   text47       009888
__end_of__initialization          cinit        009E56
__end_of_check_food               text14       00DF58
__end_of_configDrawer             text48       0098E6
__end_of_decode_diet              text16       00A924
__end_of_decode_drawer            text3        00A3F0
__end_of_diet_press               text15       00C89E
__end_of_displayLogs              text6        00CE0E
__end_of_distributeFlat           text46       009F96
__end_of_distributeLong           text45       00A036
__end_of_distributePieces         text43       00AE66
__end_of_distributeRound          text44       00A0D6
__end_of_dpowers                  mediumconst  00F951
__end_of_findDrawerIndex          text42       009B6E
__end_of_food_press               text12       00B368
__end_of_getFlat                  text11       00A4E0
__end_of_getFlatPieces            text41       00ACF8
__end_of_getLong                  text10       00A6E6
__end_of_getLongPieces            text40       00B16E
__end_of_getRound                 text9        00A5D0
__end_of_getRoundPieces           text39       00AA54
__end_of_getUserInputs            text37       00A800
__end_of_get_digits               text13       00A242
__end_of_happynewyear             mediumconst  00F960
__end_of_hexpowers                mediumconst  00F959
__end_of_horizontalStepper        text36       009BDE
__end_of_initArm                  text34       00BC8E
__end_of_initEEPROM               text53       009862
__end_of_initLCD                  text50       0099B2
__end_of_input                    mediumconst  00F947
__end_of_isdigit                  text29       009818
__end_of_keys                     mediumconst  00F936
__end_of_lcdInst                  text51       0097D2
__end_of_lcdNibble                text52       009CCC
__end_of_main                     text0        00AB92
__end_of_mainOperation            text24       00D49C
__end_of_moveHorizontally         text33       00AFDA
__end_of_moveVertically           text32       00BA2C
__end_of_printFoodInput           text8        00B7D4
__end_of_printf                   text27       00C36C
__end_of_putch                    text28       0097FA
__end_of_readEEPROM               text38       0097E6
__end_of_shiftEEPROM              text7        00A184
__end_of_sortDrawerList           text26       00EA50
__end_of_standbyMode              text1        00F924
__end_of_trapDoor                 text25       009AB2
__end_of_uartTransmitBlocking     text49       009EF6
__end_of_verifyKeypress           text5        009A56
__end_of_verticalStepper          text35       009C4E
__end_of_viewLogs                 text4        00BF7A
__end_of_which_drawer             text2        00B57E
__end_of_writeEEPROM              text54       0098B2
__initialization                  cinit        009DD2
__mediumconst                     mediumconst  00F924
__pbssBANK0                       bssBANK0     0000D0
__pbssBANK1                       bssBANK1     00018A
__pbssBANK2                       bssBANK2     000200
__pbssCOMRAM                      bssCOMRAM    000076
__pcinit                          cinit        009DD2
__pcstackBANK0                    cstackBANK0  000080
__pcstackBANK1                    cstackBANK1  000100
__pcstackCOMRAM                   cstackCOMRAM 000001
__pdataBANK0                      dataBANK0    0000F8
__pdataBANK2                      dataBANK2    000250
__pdataCOMRAM                     dataCOMRAM   00006E
__pidataBANK0                     idataBANK0   009788
__pidataBANK2                     idataBANK2   0098E6
__pidataCOMRAM                    idataCOMRAM  00979A
__pmediumconst                    mediumconst  00F924
__ptext0                          text0        00AA54
__ptext1                          text1        00EA50
__ptext10                         text10       00A5D0
__ptext11                         text11       00A3F0
__ptext12                         text12       00B16E
__ptext13                         text13       00A184
__ptext14                         text14       00D49C
__ptext15                         text15       00C36C
__ptext16                         text16       00A800
__ptext17                         text17       0097A2
__ptext18                         text18       009792
__ptext19                         text19       00978A
__ptext2                          text2        00B368
__ptext20                         text20       009818
__ptext21                         text21       0097AC
__ptext22                         text22       009AB2
__ptext23                         text23       009CCC
__ptext24                         text24       00CE0E
__ptext25                         text25       009A56
__ptext26                         text26       00DF58
__ptext27                         text27       00BF7A
__ptext28                         text28       0097E6
__ptext29                         text29       0097FA
__ptext3                          text3        00A30E
__ptext30                         text30       009924
__ptext31                         text31       0099B2
__ptext32                         text32       00B7D4
__ptext33                         text33       00AE66
__ptext34                         text34       00BA2C
__ptext35                         text35       009BDE
__ptext36                         text36       009B6E
__ptext37                         text37       00A6E6
__ptext38                         text38       0097D2
__ptext39                         text39       00A924
__ptext4                          text4        00BC8E
__ptext40                         text40       00AFDA
__ptext41                         text41       00AB92
__ptext42                         text42       009B0E
__ptext43                         text43       00ACF8
__ptext44                         text44       00A036
__ptext45                         text45       009F96
__ptext46                         text46       009EF6
__ptext47                         text47       009862
__ptext48                         text48       0098B2
__ptext49                         text49       009E5C
__ptext5                          text5        009A04
__ptext50                         text50       009966
__ptext51                         text51       0097BE
__ptext52                         text52       009C4E
__ptext53                         text53       00983C
__ptext54                         text54       009888
__ptext55                         text55       009D4E
__ptext56                         text56       00A242
__ptext6                          text6        00C89E
__ptext7                          text7        00A0D6
__ptext8                          text8        00B57E
__ptext9                          text9        00A4E0
__ramtop                          ramtop       001000
__size_of_I2C_Master_Init         (abs)        000000
__size_of_I2C_Master_Read         (abs)        000000
__size_of_I2C_Master_Start        (abs)        000000
__size_of_I2C_Master_Stop         (abs)        000000
__size_of_I2C_Master_Wait         (abs)        000000
__size_of_I2C_Master_Write        (abs)        000000
__size_of_UART_Init               (abs)        000000
__size_of___aldiv                 (abs)        000000
__size_of___lldiv                 (abs)        000000
__size_of___lwdiv                 (abs)        000000
__size_of___lwmod                 (abs)        000000
__size_of___wmul                  (abs)        000000
__size_of_check_food              (abs)        000000
__size_of_configDrawer            (abs)        000000
__size_of_decode_diet             (abs)        000000
__size_of_decode_drawer           (abs)        000000
__size_of_diet_press              (abs)        000000
__size_of_displayLogs             (abs)        000000
__size_of_distributeFlat          (abs)        000000
__size_of_distributeLong          (abs)        000000
__size_of_distributePieces        (abs)        000000
__size_of_distributeRound         (abs)        000000
__size_of_findDrawerIndex         (abs)        000000
__size_of_food_press              (abs)        000000
__size_of_getFlat                 (abs)        000000
__size_of_getFlatPieces           (abs)        000000
__size_of_getLong                 (abs)        000000
__size_of_getLongPieces           (abs)        000000
__size_of_getRound                (abs)        000000
__size_of_getRoundPieces          (abs)        000000
__size_of_getUserInputs           (abs)        000000
__size_of_get_digits              (abs)        000000
__size_of_horizontalStepper       (abs)        000000
__size_of_initArm                 (abs)        000000
__size_of_initEEPROM              (abs)        000000
__size_of_initLCD                 (abs)        000000
__size_of_isdigit                 (abs)        000000
__size_of_lcdInst                 (abs)        000000
__size_of_lcdNibble               (abs)        000000
__size_of_main                    (abs)        000000
__size_of_mainOperation           (abs)        000000
__size_of_moveHorizontally        (abs)        000000
__size_of_moveVertically          (abs)        000000
__size_of_printFoodInput          (abs)        000000
__size_of_printf                  (abs)        000000
__size_of_putch                   (abs)        000000
__size_of_readEEPROM              (abs)        000000
__size_of_shiftEEPROM             (abs)        000000
__size_of_sortDrawerList          (abs)        000000
__size_of_standbyMode             (abs)        000000
__size_of_trapDoor                (abs)        000000
__size_of_uartTransmitBlocking    (abs)        000000
__size_of_verifyKeypress          (abs)        000000
__size_of_verticalStepper         (abs)        000000
__size_of_viewLogs                (abs)        000000
__size_of_which_drawer            (abs)        000000
__size_of_writeEEPROM             (abs)        000000
__smallconst                      smallconst   000000
_arr_dataRX                       bssBANK2     000240
_check_food                       text14       00D49C
_columnLeft                       dataCOMRAM   000073
_columnRight                      dataCOMRAM   000072
_configDrawer                     text48       0098B2
_decode_diet                      text16       00A800
_decode_drawer                    text3        00A30E
_diet_press                       text15       00C36C
_displayLogs                      text6        00C89E
_distributeFlat                   text46       009EF6
_distributeLong                   text45       009F96
_distributePieces                 text43       00ACF8
_distributeRound                  text44       00A036
_dpowers                          mediumconst  00F947
_drawerClose                      dataCOMRAM   000070
_drawerDown                       dataBANK0    0000F8
_drawerOpen                       dataCOMRAM   000071
_drawerUp                         dataBANK0    0000F9
_findDrawerIndex                  text42       009B0E
_firstIteration                   bssCOMRAM    000076
_foodInputs                       dataBANK2    000274
_food_press                       text12       00B16E
_getFlat                          text11       00A3F0
_getFlatPieces                    text41       00AB92
_getLong                          text10       00A5D0
_getLongPieces                    text40       00AFDA
_getRound                         text9        00A4E0
_getRoundPieces                   text39       00A924
_getUserInputs                    text37       00A6E6
_get_digits                       text13       00A184
_happynewyear                     mediumconst  00F959
_hexpowers                        mediumconst  00F951
_horizontalStepper                text36       009B6E
_initArm                          text34       00BA2C
_initEEPROM                       text53       00983C
_initLCD                          text50       009966
_input                            mediumconst  00F936
_inputs                           dataBANK2    000250
_isdigit                          text29       0097FA
_isdigit$1966                     cstackCOMRAM 000002
_keys                             mediumconst  00F925
_lcdInst                          text51       0097BE
_lcdNibble                        text52       009C4E
_main                             text0        00AA54
_mainOperation                    text24       00CE0E
_moveHorizontally                 text33       00AE66
_moveVertically                   text32       00B7D4
_printFoodInput                   text8        00B57E
_printf                           text27       00BF7A
_putch                            text28       0097E6
_readEEPROM                       text38       0097D2
_rowDown                          dataCOMRAM   000074
_rowUp                            dataCOMRAM   000075
_shiftEEPROM                      text7        00A0D6
_sortDrawerList                   text26       00DF58
_standbyMode                      text1        00EA50
_trapDoor                         text25       009A56
_uart                             bssBANK1     0001F2
_uartTransmitBlocking             text49       009E5C
_verifyKeypress                   text5        009A04
_verticalStepper                  text35       009BDE
_viewLogs                         text4        00BC8E
_which_drawer                     text2        00B368
_writeEEPROM                      text54       009888
check_food@foodInput              cstackCOMRAM 000003
check_food@returnValue            cstackCOMRAM 000007
check_food@sum                    cstackCOMRAM 000001
configDrawer@direction            cstackCOMRAM 000006
decode_diet@dietType              cstackCOMRAM 000001
decode_diet@returnValue           cstackCOMRAM 000005
decode_drawer@drawer              cstackCOMRAM 000001
decode_drawer@returnValue         cstackCOMRAM 000005
diet_press@F3132                  bssBANK1     0001EA
diet_press@backCheck              cstackCOMRAM 000031
diet_press@count                  cstackCOMRAM 000033
diet_press@dietTable              cstackCOMRAM 000038
diet_press@drawer                 cstackCOMRAM 000029
diet_press@i                      cstackCOMRAM 00002F
diet_press@keypress               cstackCOMRAM 000037
diet_press@previous               cstackCOMRAM 00002D
diet_press@sum                    cstackCOMRAM 000035
displayLogs@day                   cstackCOMRAM 000031
displayLogs@dietType              cstackCOMRAM 00003D
displayLogs@drawerNumber          cstackCOMRAM 000044
displayLogs@flatPieces            cstackCOMRAM 000035
displayLogs@foodType              cstackCOMRAM 00003F
displayLogs@i                     cstackCOMRAM 000046
displayLogs@keypress3             cstackCOMRAM 000041
displayLogs@logNumber             cstackCOMRAM 000029
displayLogs@longPieces            cstackCOMRAM 000037
displayLogs@markedDrawer1         cstackCOMRAM 000048
displayLogs@markedDrawer2         cstackCOMRAM 00004A
displayLogs@markedDrawer3         cstackCOMRAM 00004C
displayLogs@markedDrawer4         cstackCOMRAM 00004E
displayLogs@minutes               cstackCOMRAM 000039
displayLogs@month                 cstackCOMRAM 00002F
displayLogs@n                     cstackCOMRAM 000050
displayLogs@operationTime         cstackCOMRAM 000042
displayLogs@roundPieces           cstackCOMRAM 000033
displayLogs@seconds               cstackCOMRAM 00003B
displayLogs@year                  cstackCOMRAM 00002D
distributeFlat@count              cstackCOMRAM 000007
distributeFlat@i                  cstackCOMRAM 00000A
distributeLong@count              cstackCOMRAM 000007
distributeLong@i                  cstackCOMRAM 00000A
distributePieces@flatPieces       cstackCOMRAM 00000E
distributePieces@longPieces       cstackCOMRAM 000010
distributePieces@roundPieces      cstackCOMRAM 00000C
distributeRound@count             cstackCOMRAM 000007
distributeRound@i                 cstackCOMRAM 00000A
end_of_initialization             cinit        009E56
findDrawerIndex@drawerTable       cstackCOMRAM 000001
findDrawerIndex@i                 cstackCOMRAM 000009
findDrawerIndex@returnValue       cstackCOMRAM 000007
findDrawerIndex@sortedDrawerValue cstackCOMRAM 000003
food_press@F3117                  bssBANK0     0000D0
food_press@backCheck              cstackCOMRAM 000031
food_press@count                  cstackCOMRAM 000035
food_press@dietSum                cstackCOMRAM 000029
food_press@drawer                 cstackCOMRAM 00002B
food_press@foodTable              cstackCOMRAM 000038
food_press@isValid                cstackCOMRAM 000033
food_press@keypress               cstackCOMRAM 000037
food_press@tally                  cstackCOMRAM 00002F
getFlat@code                      cstackCOMRAM 000001
getFlat@returnValue               cstackCOMRAM 000005
getFlatPieces@dietType            cstackCOMRAM 000001
getFlatPieces@foodType            cstackCOMRAM 000003
getFlatPieces@returnValue         cstackCOMRAM 000007
getLong@code                      cstackCOMRAM 000001
getLong@returnValue               cstackCOMRAM 000005
getLongPieces@dietType            cstackCOMRAM 000001
getLongPieces@foodType            cstackCOMRAM 000003
getLongPieces@returnValue         cstackCOMRAM 000007
getRound@code                     cstackCOMRAM 000001
getRound@returnValue              cstackCOMRAM 000005
getRoundPieces@dietType           cstackCOMRAM 000001
getRoundPieces@foodType           cstackCOMRAM 000003
getRoundPieces@returnValue        cstackCOMRAM 000007
getUserInputs@count               cstackCOMRAM 000011
getUserInputs@data                cstackCOMRAM 000015
getUserInputs@dietTable           cstackCOMRAM 000009
getUserInputs@drawerTable         cstackCOMRAM 000007
getUserInputs@foodTable           cstackCOMRAM 00000B
getUserInputs@i                   cstackCOMRAM 000017
getUserInputs@logNumber           cstackCOMRAM 00000F
getUserInputs@n                   cstackCOMRAM 000013
get_digits@count                  cstackCOMRAM 000005
get_digits@sum                    cstackCOMRAM 000001
horizontalStepper@direction       cstackCOMRAM 000008
horizontalStepper@i               cstackCOMRAM 00000A
horizontalStepper@rotations       cstackCOMRAM 000006
initArm@currentDrawer             cstackCOMRAM 00000C
initEEPROM@i                      cstackCOMRAM 000003
intlevel0                         text         000000
intlevel1                         text         000000
intlevel2                         text         000000
intlevel3                         text         000000
isdigit@c                         cstackCOMRAM 000003
lcdInst@data                      cstackCOMRAM 000003
lcdNibble@data                    cstackCOMRAM 000002
lcdNibble@temp                    cstackCOMRAM 000001
main@checkEEPROM                  cstackCOMRAM 00006C
main@i                            cstackCOMRAM 000066
main@l                            cstackCOMRAM 000068
main@operationMode                cstackCOMRAM 00006A
mainOperation@F3176               bssBANK1     0001DA
mainOperation@F3178               bssBANK1     0001CA
mainOperation@F3180               bssBANK1     0001BA
mainOperation@F3182               bssBANK1     0001AA
mainOperation@currentDrawer       cstackBANK0  0000CA
mainOperation@dietTable           cstackBANK0  000090
mainOperation@drawerTable         cstackBANK0  000080
mainOperation@flatPieces          cstackBANK0  0000C2
mainOperation@foodTable           cstackBANK0  0000A0
mainOperation@i                   cstackBANK0  0000CE
mainOperation@longPieces          cstackBANK0  0000C4
mainOperation@nextDrawer          cstackBANK0  0000C8
mainOperation@roundPieces         cstackBANK0  0000C0
mainOperation@sortedDrawerTable   cstackBANK0  0000B0
mainOperation@temp                cstackBANK0  0000C6
mainOperation@trueValue           cstackBANK0  0000CC
moveHorizontally@currentDrawer    cstackCOMRAM 00000C
moveHorizontally@nextDrawer       cstackCOMRAM 00000E
moveVertically@currentDrawer      cstackCOMRAM 00000C
moveVertically@nextDrawer         cstackCOMRAM 00000E
printFoodInput@food               cstackCOMRAM 000001
printf@ap                         cstackCOMRAM 00001F
printf@c                          cstackCOMRAM 000028
printf@cp                         cstackCOMRAM 00001D
printf@f                          cstackCOMRAM 00000D
printf@flag                       cstackCOMRAM 000025
printf@idx                        cstackCOMRAM 00001B
printf@len                        cstackCOMRAM 000021
printf@prec                       cstackCOMRAM 00001C
printf@val                        cstackCOMRAM 000023
printf@width                      cstackCOMRAM 000026
putch@data                        cstackCOMRAM 000003
readEEPROM@address                cstackCOMRAM 000001
shiftEEPROM@i                     cstackCOMRAM 000006
shiftEEPROM@temp                  cstackCOMRAM 000004
sortDrawerList@F3094              bssBANK0     0000F0
sortDrawerList@F3097              bssBANK0     0000E8
sortDrawerList@F3100              bssBANK0     0000E0
sortDrawerList@F3103              bssBANK0     0000D8
sortDrawerList@count1             cstackCOMRAM 000031
sortDrawerList@count2             cstackCOMRAM 00002D
sortDrawerList@count3             cstackCOMRAM 000033
sortDrawerList@count4             cstackCOMRAM 00002B
sortDrawerList@drawerTable        cstackCOMRAM 000001
sortDrawerList@i                  cstackCOMRAM 000037
sortDrawerList@j                  cstackCOMRAM 000035
sortDrawerList@sortedDrawerTable  cstackCOMRAM 000003
sortDrawerList@sublist1           cstackCOMRAM 00000B
sortDrawerList@sublist2           cstackCOMRAM 00001B
sortDrawerList@sublist3           cstackCOMRAM 000023
sortDrawerList@sublist4           cstackCOMRAM 000013
sortDrawerList@temp               cstackCOMRAM 00002F
stackhi                           (abs)        000EEE
stacklo                           (abs)        00028E
standbyMode@F3152                 bssBANK1     00019A
standbyMode@F3154                 bssBANK1     00018A
standbyMode@F3156                 bssBANK2     000230
standbyMode@F3158                 bssBANK2     000220
standbyMode@F3160                 bssBANK2     000210
standbyMode@F3162                 bssBANK2     000200
standbyMode@decodedDiet           cstackBANK1  000172
standbyMode@diet                  cstackBANK1  000180
standbyMode@dietType              cstackBANK1  000130
standbyMode@drawer                cstackBANK1  000182
standbyMode@drawerCount           cstackBANK1  000186
standbyMode@drawerInformation     cstackBANK1  000150
standbyMode@firstIteration        cstackBANK1  000167
standbyMode@flat                  cstackBANK1  00016E
standbyMode@flatPieces            cstackBANK1  000110
standbyMode@food                  cstackBANK1  000184
standbyMode@foodType              cstackBANK1  000140
standbyMode@i                     cstackBANK1  000188
standbyMode@keypress              cstackBANK1  00016B
standbyMode@keypress1             cstackBANK1  000176
standbyMode@lng                   cstackBANK1  000170
standbyMode@logNumber             cstackBANK1  00017F
standbyMode@longPieces            cstackBANK1  000120
standbyMode@n                     cstackBANK1  00017B
standbyMode@round                 cstackBANK1  00016C
standbyMode@roundPieces           cstackBANK1  000100
standbyMode@storedFoodType        cstackBANK1  000174
standbyMode@time                  cstackBANK1  000160
standbyMode@validDrawer           cstackBANK1  000177
standbyMode@whichKey              cstackBANK1  000169
standbyMode@x                     cstackBANK1  00017D
standbyMode@zero                  cstackBANK1  000179
start                             init         000002
start_initialization              cinit        009DD2
trapDoor@direction                cstackCOMRAM 000001
trapDoor@i                        cstackCOMRAM 000005
uartTransmitBlocking@data         cstackCOMRAM 000001
uartTransmitBlocking@numBytes     cstackCOMRAM 000003
uartTransmitBlocking@numTransmits cstackCOMRAM 000005
verifyKeypress@i                  cstackCOMRAM 000008
verifyKeypress@keypress           cstackCOMRAM 000001
verifyKeypress@logNumber          cstackCOMRAM 000005
verifyKeypress@returnVal          cstackCOMRAM 000006
verticalStepper@direction         cstackCOMRAM 000008
verticalStepper@i                 cstackCOMRAM 00000A
verticalStepper@rotations         cstackCOMRAM 000006
viewLogs@checkLog                 cstackCOMRAM 000056
viewLogs@keypress2                cstackCOMRAM 00005D
viewLogs@logNumber                cstackCOMRAM 00005C
viewLogs@logView                  cstackCOMRAM 00005A
viewLogs@returnVal                cstackCOMRAM 000058
which_drawer@backCheck            cstackCOMRAM 000030
which_drawer@count                cstackCOMRAM 000032
which_drawer@keypress             cstackCOMRAM 000034
which_drawer@rand                 cstackCOMRAM 00002C
which_drawer@sum                  cstackCOMRAM 00002E
writeEEPROM@address               cstackCOMRAM 000002
writeEEPROM@data                  cstackCOMRAM 000001


FUNCTION INFORMATION:

 *************** function _main *****************
 Defined at:
		line 19 in file "main.c"
 Parameters:    Size  Location     Type
		None
 Auto vars:     Size  Location     Type
  checkEEPROM     2  107[COMRAM] unsigned int 
  operationMod    2  105[COMRAM] unsigned int 
  l               2  103[COMRAM] unsigned int 
  i               2  101[COMRAM] unsigned int 
 Return value:  Size  Location     Type
                  1    wreg      void 
 Registers used:
		wreg, fsr1l, fsr1h, fsr2l, fsr2h, status,2, status,0, tblptrl, tblptrh, tblptru, prodl, prodh, cstack
 Tracked objects:
		On entry : 
		On exit  : 
		Unchanged: 
 Data sizes:     COMRAM   BANK0   BANK1   BANK2   BANK3   BANK4   BANK5   BANK6   BANK7   BANK8   BANK9  BANK10  BANK11  BANK12  BANK13  BANK14  BANK15
      Params:         0       0       0       0       0       0       0       0       0       0       0       0       0       0       0       0       0
      Locals:         8       0       0       0       0       0       0       0       0       0       0       0       0       0       0       0       0
      Temps:          2       0       0       0       0       0       0       0       0       0       0       0       0       0       0       0       0
      Totals:        10       0       0       0       0       0       0       0       0       0       0       0       0       0       0       0       0
Total ram usage:       10 bytes
 Hardware stack levels required when called:    6
 This function calls:
		_UART_Init
		_initEEPROM
		_initLCD
		_lcdInst
		_mainOperation
		_printf
		_readEEPROM
		_standbyMode
 This function is called by:
		Startup code after reset
 This function uses a non-reentrant model


 *************** function _standbyMode *****************
 Defined at:
		line 1605 in file "standbyMode.c"
 Parameters:    Size  Location     Type
		None
 Auto vars:     Size  Location     Type
  keypress1       1  118[BANK1 ] unsigned char 
  whichKey        2  105[BANK1 ] unsigned int 
  drawerInform   16   80[BANK1 ] unsigned int [8]
  foodType       16   64[BANK1 ] unsigned int [8]
  dietType       16   48[BANK1 ] unsigned int [8]
  longPieces     16   32[BANK1 ] unsigned int [8]
  flatPieces     16   16[BANK1 ] unsigned int [8]
  roundPieces    16    0[BANK1 ] unsigned int [8]
  time            7   96[BANK1 ] unsigned char [7]
  i               2  136[BANK1 ] unsigned int 
  drawerCount     2  134[BANK1 ] unsigned int 
  food            2  132[BANK1 ] unsigned int 
  drawer          2  130[BANK1 ] unsigned int 
  diet            2  128[BANK1 ] unsigned int 
  x               2  125[BANK1 ] unsigned int 
  n               2  123[BANK1 ] unsigned int 
  zero            2  121[BANK1 ] unsigned int 
  validDrawer     2  119[BANK1 ] unsigned int 
  storedFoodTy    2  116[BANK1 ] unsigned int 
  decodedDiet     2  114[BANK1 ] unsigned int 
  lng             2  112[BANK1 ] unsigned int 
  flat            2  110[BANK1 ] unsigned int 
  round           2  108[BANK1 ] unsigned int 
  firstIterati    2  103[BANK1 ] unsigned int 
  logNumber       1  127[BANK1 ] unsigned char 
  keypress        1  107[BANK1 ] unsigned char 
 Return value:  Size  Location     Type
                  2   93[COMRAM] unsigned int 
 Registers used:
		wreg, fsr1l, fsr1h, fsr2l, fsr2h, status,2, status,0, tblptrl, tblptrh, tblptru, prodl, prodh, cstack
 Tracked objects:
		On entry : 
		On exit  : 
		Unchanged: 
 Data sizes:     COMRAM   BANK0   BANK1   BANK2   BANK3   BANK4   BANK5   BANK6   BANK7   BANK8   BANK9  BANK10  BANK11  BANK12  BANK13  BANK14  BANK15
      Params:         2       0       0       0       0       0       0       0       0       0       0       0       0       0       0       0       0
      Locals:         0       0     138       0       0       0       0       0       0       0       0       0       0       0       0       0       0
      Temps:          4       0       0       0       0       0       0       0       0       0       0       0       0       0       0       0       0
      Totals:         6       0     138       0       0       0       0       0       0       0       0       0       0       0       0       0       0
Total ram usage:      144 bytes
 Hardware stack levels used:    1
 Hardware stack levels required when called:    5
 This function calls:
		_I2C_Master_Init
		_I2C_Master_Read
		_I2C_Master_Start
		_I2C_Master_Stop
		_I2C_Master_Write
		___wmul
		_decode_diet
		_diet_press
		_food_press
		_getFlat
		_getLong
		_getRound
		_lcdInst
		_printFoodInput
		_printf
		_readEEPROM
		_shiftEEPROM
		_viewLogs
		_which_drawer
		_writeEEPROM
 This function is called by:
		_main
 This function uses a non-reentrant model


 *************** function _which_drawer *****************
 Defined at:
		line 1539 in file "standbyMode.c"
 Parameters:    Size  Location     Type
		None
 Auto vars:     Size  Location     Type
  rand            2   43[COMRAM] unsigned int 
  keypress        1   51[COMRAM] unsigned char 
  count           2   49[COMRAM] unsigned int 
  backCheck       2   47[COMRAM] unsigned int 
  sum             2   45[COMRAM] unsigned int 
 Return value:  Size  Location     Type
                  2   40[COMRAM] unsigned int 
 Registers used:
[...]
 Hardware stack levels used:    1
 Hardware stack levels required when called:    1
 This function calls:
		___wmul
 This function is called by:
		_distributePieces
 This function uses a non-reentrant model


 *************** function ___wmul *****************
 Defined at:
		line 15 in file "/Applications/microchip/xc8/v1.45/sources/common/Umul16.c"
 Parameters:    Size  Location     Type
  multiplier      2    0[COMRAM] unsigned int 
  multiplicand    2    2[COMRAM] unsigned int 
 Auto vars:     Size  Location     Type
  product         2    4[COMRAM] unsigned int 
 Return value:  Size  Location     Type
                  2    0[COMRAM] unsigned int 
 Registers used:
		wreg, status,2, status,0, prodl, prodh
 Tracked objects:
		On entry : 
		On exit  : 
		Unchanged: 
 Data sizes:     COMRAM   BANK0   BANK1   BANK2   BANK3   BANK4   BANK5   BANK6   BANK7   BANK8   BANK9  BANK10  BANK11  BANK12  BANK13  BANK14  BANK15
      Params:         4       0       0       0       0       0       0       0       0       0       0       0       0       0       0       0       0
      Locals:         2       0       0       0       0       0       0       0       0       0       0       0       0       0       0       0       0
      Temps:          0       0       0       0       0       0       0       0       0       0       0       0       0       0       0       0       0
      Totals:         6       0       0       0       0       0       0       0       0       0       0       0       0       0       0       0       0
Total ram usage:        6 bytes
 Hardware stack levels used:    1
 This function calls:
		Nothing
 This function is called by:
		_getUserInputs
		_distributeRound
		_distributeFlat
		_distributeLong
		_displayLogs
		_standbyMode
		_printf
		_tock
 This function uses a non-reentrant model


 *************** function _configDrawer *****************
 Defined at:
		line 812 in file "operationMode.c"
 Parameters:    Size  Location     Type
  direction       2    5[COMRAM] unsigned int 
 Auto vars:     Size  Location     Type
		None
 Return value:  Size  Location     Type
                  1    wreg      void 
 Registers used:
		wreg, fsr2l, fsr2h, status,2, status,0, prodl, prodh, cstack
 Tracked objects:
		On entry : 
		On exit  : 
		Unchanged: 
 Data sizes:     COMRAM   BANK0   BANK1   BANK2   BANK3   BANK4   BANK5   BANK6   BANK7   BANK8   BANK9  BANK10  BANK11  BANK12  BANK13  BANK14  BANK15
      Params:         2       0       0       0       0       0       0       0       0       0       0       0       0       0       0       0       0
      Locals:         0       0       0       0       0       0       0       0       0       0       0       0       0       0       0       0       0
      Temps:          0       0       0       0       0       0       0       0       0       0       0       0       0       0       0       0       0
      Totals:         2       0       0       0       0       0       0       0       0       0       0       0       0       0       0       0       0
Total ram usage:        2 bytes
 Hardware stack levels used:    1
 Hardware stack levels required when called:    1
 This function calls:
		_uartTransmitBlocking
 This function is called by:
		_mainOperation
 This function uses a non-reentrant model


 *************** function _uartTransmitBlocking *****************
 Defined at:
		line 19 in file "UART_PIC.c"
 Parameters:    Size  Location     Type
  data            2    0[COMRAM] PTR unsigned char 
		 -> drawerClose(1), drawerOpen(1), drawerDown(1), drawerUp(1), 
		 -> columnRight(1), columnLeft(1), rowDown(1), rowUp(1), 
  numBytes        1    2[COMRAM] unsigned char 
 Auto vars:     Size  Location     Type
  numTransmits    1    4[COMRAM] unsigned char 
 Return value:  Size  Location     Type
                  1    wreg      void 
 Registers used:
		wreg, fsr2l, fsr2h, status,2, status,0, prodl, prodh
 Tracked objects:
		On entry : 
		On exit  : 
		Unchanged: 
 Data sizes:     COMRAM   BANK0   BANK1   BANK2   BANK3   BANK4   BANK5   BANK6   BANK7   BANK8   BANK9  BANK10  BANK11  BANK12  BANK13  BANK14  BANK15
      Params:         3       0       0       0       0       0       0       0       0       0       0       0       0       0       0       0       0
      Locals:         1       0       0       0       0       0       0       0       0       0       0       0       0       0       0       0       0
      Temps:          1       0       0       0       0       0       0       0       0       0       0       0       0       0       0       0       0
      Totals:         5       0       0       0       0       0       0       0       0       0       0       0       0       0       0       0       0
Total ram usage:        5 bytes
 Hardware stack levels used:    1
 This function calls:
		Nothing
 This function is called by:
		_verticalStepper
		_horizontalStepper
		_configDrawer
		_mainOperation
		_drawerStepper
 This function uses a non-reentrant model


 *************** function _initLCD *****************
 Defined at:
		line 27 in file "LCD.c"
 Parameters:    Size  Location     Type
		None
 Auto vars:     Size  Location     Type
		None
 Return value:  Size  Location     Type
                  1    wreg      void 
 Registers used:
		wreg, status,2, status,0, cstack
 Tracked objects:
		On entry : 
		On exit  : 
		Unchanged: 
 Data sizes:     COMRAM   BANK0   BANK1   BANK2   BANK3   BANK4   BANK5   BANK6   BANK7   BANK8   BANK9  BANK10  BANK11  BANK12  BANK13  BANK14  BANK15
      Params:         0       0       0       0       0       0       0       0       0       0       0       0       0       0       0       0       0
      Locals:         0       0       0       0       0       0       0       0       0       0       0       0       0       0       0       0       0
      Temps:          1       0       0       0       0       0       0       0       0       0       0       0       0       0       0       0       0
      Totals:         1       0       0       0       0       0       0       0       0       0       0       0       0       0       0       0       0
Total ram usage:        1 bytes
 Hardware stack levels used:    1
 Hardware stack levels required when called:    2
 This function calls:
		_lcdInst
 This function is called by:
		_main
 This function uses a non-reentrant model


 *************** function _lcdInst *****************
 Defined at:
		line 13 in file "LCD.c"
 Parameters:    Size  Location     Type
  data            1    wreg     unsigned char 
 Auto vars:     Size  Location     Type
  data            1    2[COMRAM] unsigned char 
 Return value:  Size  Location     Type
                  1    wreg      void 
 Registers used:
		wreg, status,2, status,0, cstack
 Tracked objects:
		On entry : 
		On exit  : 
		Unchanged: 
 Data sizes:     COMRAM   BANK0   BANK1   BANK2   BANK3   BANK4   BANK5   BANK6   BANK7   BANK8   BANK9  BANK10  BANK11  BANK12  BANK13  BANK14  BANK15
      Params:         0       0       0       0       0       0       0       0       0       0       0       0       0       0       0       0       0
      Locals:         1       0       0       0       0       0       0       0       0       0       0       0       0       0       0       0       0
      Temps:          0       0       0       0       0       0       0       0       0       0       0       0       0       0       0       0       0
      Totals:         1       0       0       0       0       0       0       0       0       0       0       0       0       0       0       0       0
Total ram usage:        1 bytes
 Hardware stack levels used:    1
 Hardware stack levels required when called:    1
 This function calls:
		_lcdNibble
 This function is called by:
		_main
		_mainOperation
		_viewLogs
		_displayLogs
		_food_press
		_diet_press
		_which_drawer
		_standbyMode
		_initLCD
 This function uses a non-reentrant model


 *************** function _lcdNibble *****************
 Defined at:
		line 48 in file "LCD.c"
 Parameters:    Size  Location     Type
  data            1    wreg     unsigned char 
 Auto vars:     Size  Location     Type
  data            1    1[COMRAM] unsigned char 
  temp            1    0[COMRAM] unsigned char 
 Return value:  Size  Location     Type
                  1    wreg      void 
 Registers used:
		wreg, status,2, status,0
 Tracked objects:
		On entry : 
		On exit  : 
		Unchanged: 
 Data sizes:     COMRAM   BANK0   BANK1   BANK2   BANK3   BANK4   BANK5   BANK6   BANK7   BANK8   BANK9  BANK10  BANK11  BANK12  BANK13  BANK14  BANK15
      Params:         0       0       0       0       0       0       0       0       0       0       0       0       0       0       0       0       0
      Locals:         2       0       0       0       0       0       0       0       0       0       0       0       0       0       0       0       0
      Temps:          0       0       0       0       0       0       0       0       0       0       0       0       0       0       0       0       0
      Totals:         2       0       0       0       0       0       0       0       0       0       0       0       0       0       0       0       0
Total ram usage:        2 bytes
 Hardware stack levels used:    1
 This function calls:
		Nothing
 This function is called by:
		_lcdInst
		_putch
 This function uses a non-reentrant model


 *************** function _initEEPROM *****************
 Defined at:
		line 40 in file "EEPROMstorage.c"
 Parameters:    Size  Location     Type
		None
 Auto vars:     Size  Location     Type
  i               2    2[COMRAM] unsigned int 
 Return value:  Size  Location     Type
                  1    wreg      void 
 Registers used:
		wreg, status,2, status,0, cstack
 Tracked objects:
		On entry : 
		On exit  : 
		Unchanged: 
 Data sizes:     COMRAM   BANK0   BANK1   BANK2   BANK3   BANK4   BANK5   BANK6   BANK7   BANK8   BANK9  BANK10  BANK11  BANK12  BANK13  BANK14  BANK15
      Params:         0       0       0       0       0       0       0       0       0       0       0       0       0       0       0       0       0
      Locals:         2       0       0       0       0       0       0       0       0       0       0       0       0       0       0       0       0
      Temps:          0       0       0       0       0       0       0       0       0       0       0       0       0       0       0       0       0
      Totals:         2       0       0       0       0       0       0       0       0       0       0       0       0       0       0       0       0
Total ram usage:        2 bytes
 Hardware stack levels used:    1
 Hardware stack levels required when called:    1
 This function calls:
		_writeEEPROM
 This function is called by:
		_main
 This function uses a non-reentrant model


 *************** function _writeEEPROM *****************
 Defined at:
		line 10 in file "EEPROMstorage.c"
 Parameters:    Size  Location     Type
  address         1    wreg     unsigned char 
  data            1    0[COMRAM] unsigned char 
 Auto vars:     Size  Location     Type
  address         1    1[COMRAM] unsigned char 
 Return value:  Size  Location     Type
                  1    wreg      void 
 Registers used:
		wreg, status,2
 Tracked objects:
		On entry : 
		On exit  : 
		Unchanged: 
 Data sizes:     COMRAM   BANK0   BANK1   BANK2   BANK3   BANK4   BANK5   BANK6   BANK7   BANK8   BANK9  BANK10  BANK11  BANK12  BANK13  BANK14  BANK15
      Params:         1       0       0       0       0       0       0       0       0       0       0       0       0       0       0       0       0
      Locals:         1       0       0       0       0       0       0       0       0       0       0       0       0       0       0       0       0
      Temps:          0       0       0       0       0       0       0       0       0       0       0       0       0       0       0       0       0
      Totals:         2       0       0       0       0       0       0       0       0       0       0       0       0       0       0       0       0
Total ram usage:        2 bytes
 Hardware stack levels used:    1
 This function calls:
		Nothing
 This function is called by:
		_standbyMode
		_initEEPROM
		_shiftEEPROM
 This function uses a non-reentrant model


 *************** function _UART_Init *****************
 Defined at:
		line 197 in file "UART_PIC.c"
 Parameters:    Size  Location     Type
  baud            4   14[COMRAM] long 
 Auto vars:     Size  Location     Type
		None
 Return value:  Size  Location     Type
                  1    wreg      void 
 Registers used:
		wreg, fsr2l, fsr2h, status,2, status,0, cstack
 Tracked objects:
		On entry : 
		On exit  : 
		Unchanged: 
 Data sizes:     COMRAM   BANK0   BANK1   BANK2   BANK3   BANK4   BANK5   BANK6   BANK7   BANK8   BANK9  BANK10  BANK11  BANK12  BANK13  BANK14  BANK15
      Params:         4       0       0       0       0       0       0       0       0       0       0       0       0       0       0       0       0
      Locals:         0       0       0       0       0       0       0       0       0       0       0       0       0       0       0       0       0
      Temps:          4       0       0       0       0       0       0       0       0       0       0       0       0       0       0       0       0
      Totals:         8       0       0       0       0       0       0       0       0       0       0       0       0       0       0       0       0
Total ram usage:        8 bytes
 Hardware stack levels used:    1
 Hardware stack levels required when called:    1
 This function calls:
		___aldiv
 This function is called by:
		_main
 This function uses a non-reentrant model


 *************** function ___aldiv *****************
 Defined at:
		line 8 in file "/Applications/microchip/xc8/v1.45/sources/common/aldiv.c"
 Parameters:    Size  Location     Type
  dividend        4    0[COMRAM] long 
  divisor         4    4[COMRAM] long 
 Auto vars:     Size  Location     Type
  quotient        4   10[COMRAM] long 
  sign            1    9[COMRAM] unsigned char 
  counter         1    8[COMRAM] unsigned char 
 Return value:  Size  Location     Type
                  4    0[COMRAM] long 
 Registers used:
		wreg, status,2, status,0
 Tracked objects:
		On entry : 
		On exit  : 
		Unchanged: 
 Data sizes:     COMRAM   BANK0   BANK1   BANK2   BANK3   BANK4   BANK5   BANK6   BANK7   BANK8   BANK9  BANK10  BANK11  BANK12  BANK13  BANK14  BANK15
      Params:         8       0       0       0       0       0       0       0       0       0       0       0       0       0       0       0       0
      Locals:         6       0       0       0       0       0       0       0       0       0       0       0       0       0       0       0       0
      Temps:          0       0       0       0       0       0       0       0       0       0       0       0       0       0       0       0       0
      Totals:        14       0       0       0       0       0       0       0       0       0       0       0       0       0       0       0       0
Total ram usage:       14 bytes
 Hardware stack levels used:    1
 This function calls:
		Nothing
 This function is called by:
		_UART_Init
 This function uses a non-reentrant model



MODULE INFORMATION

Module		Function		Class		Link	Load	Size
/Applications/microchip/xc8/v1.45/sources/common/lwmod.c
		___lwmod       		CODE           	9924	0000	67

/Applications/microchip/xc8/v1.45/sources/common/lwmod.c estimated size: 67

UART_PIC.c
		_UART_Init     		CODE           	9D4E	0000	133
		_uartTransmitBlocking		CODE           	9E5C	0000	155

UART_PIC.c estimated size: 288

/Applications/microchip/xc8/v1.45/sources/common/doprnt.c
		_printf        		CODE           	BF7A	0000	1011

/Applications/microchip/xc8/v1.45/sources/common/doprnt.c estimated size: 1011

I2C.c
		_I2C_Master_Read		CODE           	9818	0000	37
		_I2C_Master_Wait		CODE           	97AC	0000	19
		_I2C_Master_Init		CODE           	9AB2	0000	93
		_I2C_Master_Stop		CODE           	9792	0000	9
		_I2C_Master_Write		CODE           	97A2	0000	11
		_I2C_Master_Start		CODE           	978A	0000	9

I2C.c estimated size: 178

EEPROMstorage.c
		_shiftEEPROM   		CODE           	A0D6	0000	175
		_initEEPROM    		CODE           	983C	0000	39
		_readEEPROM    		CODE           	97D2	0000	21
		_writeEEPROM   		CODE           	9888	0000	43

EEPROMstorage.c estimated size: 278

/Applications/microchip/xc8/v1.45/sources/common/lwdiv.c
		___lwdiv       		CODE           	99B2	0000	83

/Applications/microchip/xc8/v1.45/sources/common/lwdiv.c estimated size: 83

/Applications/microchip/xc8/v1.45/sources/common/lldiv.c
		___lldiv       		CODE           	9CCC	0000	131

/Applications/microchip/xc8/v1.45/sources/common/lldiv.c estimated size: 131

standbyMode.c
		_diet_press    		CODE           	C36C	0000	1331
		_which_drawer  		CODE           	B368	0000	535
		_getFlat       		CODE           	A3F0	0000	241
		_displayLogs   		CODE           	C89E	0000	1393
		_food_press    		CODE           	B16E	0000	507
		_viewLogs      		CODE           	BC8E	0000	749
		_printFoodInput		CODE           	B57E	0000	599
		_getRound      		CODE           	A4E0	0000	241
		_decode_diet   		CODE           	A800	0000	293
		_check_food    		CODE           	D49C	0000	2749
		_verifyKeypress		CODE           	9A04	0000	83
		_decode_drawer 		CODE           	A30E	0000	227
		_standbyMode   		CODE           	EA50	0000	3797
		_getLong       		CODE           	A5D0	0000	279
		_get_digits    		CODE           	A184	0000	191

standbyMode.c estimated size: 13215

/Applications/microchip/xc8/v1.45/sources/common/aldiv.c
		___aldiv       		CODE           	A242	0000	205

/Applications/microchip/xc8/v1.45/sources/common/aldiv.c estimated size: 205

/Applications/microchip/xc8/v1.45/sources/common/Umul16.c
		___wmul        		CODE           	9862	0000	39

/Applications/microchip/xc8/v1.45/sources/common/Umul16.c estimated size: 39

/Applications/microchip/xc8/v1.45/sources/common/isdigit.c
		_isdigit       		CODE           	97FA	0000	31

/Applications/microchip/xc8/v1.45/sources/common/isdigit.c estimated size: 31

shared
		_dpowers       		MEDIUMCONST    	F947	0000	11
		_LCD_LEFT      		MEDIUMCONST    	F960	0000	2
		_input         		MEDIUMCONST    	F936	0000	18
		_keys          		MEDIUMCONST    	F925	0000	18
		_LCD_RIGHT     		MEDIUMCONST    	F961	0000	2
		__initialization		CODE           	9DD2	0000	133
		_LCD_VERT_LIMIT		MEDIUMCONST    	F964	0000	2
		_LCD_HORZ_LIMIT		MEDIUMCONST    	F965	0000	2
		_hexpowers     		MEDIUMCONST    	F951	0000	9
		_LCD_SIZE_VERT 		MEDIUMCONST    	F962	0000	2
		_LCD_SIZE_HORZ 		MEDIUMCONST    	F963	0000	2
		_happynewyear  		MEDIUMCONST    	F959	0000	8

shared estimated size: 209

main.c
		_main          		CODE           	AA54	0000	319

main.c estimated size: 319

operationMode.c
		_distributeRound		CODE           	A036	0000	161
		_mainOperation 		CODE           	CE0E	0000	1679
		_getFlatPieces 		CODE           	AB92	0000	359
		_configDrawer  		CODE           	98B2	0000	53
		_initArm       		CODE           	BA2C	0000	611
		_sortDrawerList		CODE           	DF58	0000	2809
		_moveHorizontally		CODE           	AE66	0000	373
		_distributePieces		CODE           	ACF8	0000	367
		_moveVertically		CODE           	B7D4	0000	601
		_getRoundPieces		CODE           	A924	0000	305
		_horizontalStepper		CODE           	9B6E	0000	113
		_distributeLong		CODE           	9F96	0000	161
		_getUserInputs 		CODE           	A6E6	0000	283
		_distributeFlat		CODE           	9EF6	0000	161
		_getLongPieces 		CODE           	AFDA	0000	405
		_trapDoor      		CODE           	9A56	0000	93
		_verticalStepper		CODE           	9BDE	0000	113
		_findDrawerIndex		CODE           	9B0E	0000	97

operationMode.c estimated size: 8744

LCD.c
		_putch         		CODE           	97E6	0000	21
		_lcdInst       		CODE           	97BE	0000	21
		_lcdNibble     		CODE           	9C4E	0000	127
		_initLCD       		CODE           	9966	0000	77

LCD.c estimated size: 246

