Microchip MPLAB XC8 Compiler V1.45 ()

Linker command line:

-W-3 --edf=/Applications/microchip/xc8/v1.45/dat/en_msgs.txt -cs \
  -h+dist/default/production/Main_Robot.production.sym \
  --cmf=dist/default/production/Main_Robot.production.cmf -z -Q18F4620 \
  -o/tmp/xcSvIthJ3 -Mdist/default/production/Main_Robot.production.map -E1 \
  -ver=XC8 -ASTACK=0160h-0f7fh -pstack=STACK -ACODE=00h-0FFFFh \
  -ACONST=00h-0FFFFh -ASMALLCONST=01000h-010FFhx240 \
  -AMEDIUMCONST=01000h-0FFFFh -ACOMRAM=01h-07Fh -AABS1=00h-0F7Fh \
  -ABIGRAM=01h-0F7Fh -ARAM=080h-0FFh,0100h-01FFhx14,0F00h-0F7Fh \
  -ABANK0=080h-0FFh -ABANK1=0100h-01FFh -ABANK2=0200h-02FFh \
  -ABANK3=0300h-03FFh -ABANK4=0400h-04FFh -ABANK5=0500h-05FFh \
  -ABANK6=0600h-06FFh -ABANK7=0700h-07FFh -ABANK8=0800h-08FFh \
  -ABANK9=0900h-09FFh -ABANK10=0A00h-0AFFh -ABANK11=0B00h-0BFFh \
  -ABANK12=0C00h-0CFFh -ABANK13=0D00h-0DFFh -ABANK14=0E00h-0EFFh \
  -ABANK15=0F00h-0F7Fh -ASFR=0F80h-0FFFh \
  -preset_vec=00h,intcode,intcodelo,powerup,init -pramtop=01000h \
  -psmallconst=SMALLCONST -pmediumconst=MEDIUMCONST -pconst=CONST \
  -AFARRAM=00h-00h -ACONFIG=0300000h-030000Dh -pconfig=CONFIG \
  -AIDLOC=0200000h-0200007h -pidloc=IDLOC -AEEDATA=0F00000h-0F003FFh \
  -peeprom_data=EEDATA \
  -prdata=COMRAM,nvrram=COMRAM,nvbit=COMRAM,rbss=COMRAM,rbit=COMRAM \
  -pfarbss=FARRAM,fardata=FARRAM,nvFARRAM=FARRAM \
  -pintsave_regs=BIGRAM,bigbss=BIGRAM,bigdata=BIGRAM -pbss=RAM \
  -pidata=CODE,irdata=CODE,ibigdata=CODE,ifardata=CODE -prparam=COMRAM \
  /tmp/xcbhnFg9m.obj dist/default/production/Main_Robot.production.obj 

Object code version is 3.11

Machine type is 18F4620

Call graph: (short form)




                Name                               Link     Load   Length Selector   Space Scale
/tmp/xcbhnFg9m.obj
                init                                  0        0        4        0       0
                idloc                            200000   200000        8   200000       0
                config                           300000   300000        E   300000       0
dist/default/production/Main_Robot.production.obj
                mediumconst                        FD22     FD22      2DE     7E91       0
                text36                             CA9C     CA9C       7E     654E       0
                text35                             C7C2     C7C2       14     63E1       0
                text34                             C950     C950       4C     64A8       0
                text33                             CE08     CE08       CC     6704       0
                text32                             CB98     CB98       82     65CC       0
                text31                             C7FE     C7FE       16     63FF       0
                text30                             CC1A     CC1A       82     660D       0
                text29                             CA40     CA40       5C     6520       0
                text28                             C7B0     C7B0       12     63D8       0
                text27                             C832     C832       24     6419       0
                text26                             C796     C796        8     63CB       0
                text25                             C79E     C79E        8     63CF       0
                text24                             C7A6     C7A6        A     63D3       0
                text23                             C99C     C99C       52     64CE       0
                text22                             C8CC     C8CC       42     6466       0
                text21                             C856     C856       26     642B       0
                text20                             C814     C814       1E     640A       0
                text19                             C7D6     C7D6       14     63EB       0
                text18                             D98A     D98A      30C     6CC5       0
                text17                             E0DC     E0DC      526     706E       0
                text16                             E602     E602      ABC     7301       0
                text15                             CD4A     CD4A       BE     66A5       0
                text14                             D2AC     D2AC      1F4     6956       0
                text13                             CFB6     CFB6       F0     67DB       0
                text12                             D196     D196      116     68CB       0
                text11                             D0A6     D0A6       F0     6853       0
                text10                             C8A2     C8A2       2A     6451       0
                text9                              C87C     C87C       26     643E       0
                text8                              C7EA     C7EA       14     63F5       0
                text7                              CC9C     CC9C       AE     664E       0
                text6                              DC96     DC96      446     6E4B       0
                text5                              C9EE     C9EE       52     64F7       0
                text4                              D6A4     D6A4      2E6     6B52       0
                text3                              CED4     CED4       E2     676A       0
                text2                              D4A0     D4A0      204     6A50       0
                text1                              F0BE     F0BE      C64     785F       0
                text0                              CB1A     CB1A       7E     658D       0
                cstackCOMRAM                          1        1       58        1       1
                cstackBANK0                          80       80       76       80       1
                bssBANK1                            100      100       60      100       1
                dataCOMRAM                           78       78        6        1       1
                bssCOMRAM                            59       59       1F        1       1
                cinit                              C90E     C90E       42     6487       0
                idataCOMRAM                        C790     C790        6     C790       0

TOTAL           Name                               Link     Load   Length     Space
        CLASS   STACK          

        CLASS   CODE           
                init                                  0        0        4         0
                text36                             CA9C     CA9C       7E         0
                text35                             C7C2     C7C2       14         0
                text34                             C950     C950       4C         0
                text33                             CE08     CE08       CC         0
                text32                             CB98     CB98       82         0
                text31                             C7FE     C7FE       16         0
                text30                             CC1A     CC1A       82         0
                text29                             CA40     CA40       5C         0
                text28                             C7B0     C7B0       12         0
                text27                             C832     C832       24         0
                text26                             C796     C796        8         0
                text25                             C79E     C79E        8         0
                text24                             C7A6     C7A6        A         0
                text23                             C99C     C99C       52         0
                text22                             C8CC     C8CC       42         0
                text21                             C856     C856       26         0
                text20                             C814     C814       1E         0
                text19                             C7D6     C7D6       14         0
                text18                             D98A     D98A      30C         0
                text17                             E0DC     E0DC      526         0
                text16                             E602     E602      ABC         0
                text15                             CD4A     CD4A       BE         0
                text14                             D2AC     D2AC      1F4         0
                text13                             CFB6     CFB6       F0         0
                text12                             D196     D196      116         0
                text11                             D0A6     D0A6       F0         0
                text10                             C8A2     C8A2       2A         0
                text9                              C87C     C87C       26         0
                text8                              C7EA     C7EA       14         0
                text7                              CC9C     CC9C       AE         0
                text6                              DC96     DC96      446         0
                text5                              C9EE     C9EE       52         0
                text4                              D6A4     D6A4      2E6         0
                text3                              CED4     CED4       E2         0
                text2                              D4A0     D4A0      204         0
                text1                              F0BE     F0BE      C64         0
                text0                              CB1A     CB1A       7E         0
                cinit                              C90E     C90E       42         0
                idataCOMRAM                        C790     C790        6         0

        CLASS   CONST          

        CLASS   SMALLCONST     

        CLASS   MEDIUMCONST    
                mediumconst                        FD22     FD22      2DE         0

        CLASS   COMRAM         
                cstackCOMRAM                          1        1       58         1
                dataCOMRAM                           78       78        6         1
                bssCOMRAM                            59       59       1F         1

        CLASS   ABS1           

        CLASS   BIGRAM         

        CLASS   RAM            

        CLASS   BANK0          
                cstackBANK0                          80       80       76         1

        CLASS   BANK1          
                bssBANK1                            100      100       60         1

        CLASS   BANK2          

        CLASS   BANK3          

        CLASS   BANK4          

        CLASS   BANK5          

        CLASS   BANK6          

        CLASS   BANK7          

        CLASS   BANK8          

        CLASS   BANK9          

        CLASS   BANK10         

        CLASS   BANK11         

        CLASS   BANK12         

        CLASS   BANK13         

        CLASS   BANK14         

        CLASS   BANK15         

        CLASS   SFR            

        CLASS   FARRAM         

        CLASS   CONFIG         
                config                           300000   300000        E         0

        CLASS   IDLOC          
                idloc                            200000   200000        8         0

        CLASS   EEDATA         



SEGMENTS        Name                           Load    Length   Top    Selector   Space  Class

                reset_vec                      000000  000004  000004         0       0  CODE    
                cstackCOMRAM                   000001  00007D  00007E         1       1  COMRAM  
                cstackBANK0                    000080  000076  0000F6        80       1  BANK0   
                bssBANK1                       000100  000060  000160       100       1  BANK1   
                idataCOMRAM                    00C790  000006  00C796      C790       0  CODE    
                text26                         00C796  000008  00C79E      63CB       0  CODE    
                text25                         00C79E  000008  00C7A6      63CF       0  CODE    
                text24                         00C7A6  00000A  00C7B0      63D3       0  CODE    
                text28                         00C7B0  000012  00C7C2      63D8       0  CODE    
                text35                         00C7C2  000014  00C7D6      63E1       0  CODE    
                text19                         00C7D6  000014  00C7EA      63EB       0  CODE    
                text8                          00C7EA  000014  00C7FE      63F5       0  CODE    
                text31                         00C7FE  000016  00C814      63FF       0  CODE    
                text20                         00C814  00001E  00C832      640A       0  CODE    
                text27                         00C832  000024  00C856      6419       0  CODE    
                text21                         00C856  000026  00C87C      642B       0  CODE    
                text9                          00C87C  000026  00C8A2      643E       0  CODE    
                text10                         00C8A2  00002A  00C8CC      6451       0  CODE    
                text22                         00C8CC  000042  00C90E      6466       0  CODE    
                cinit                          00C90E  000042  00C950      6487       0  CODE    
                text34                         00C950  00004C  00C99C      64A8       0  CODE    
                text23                         00C99C  000052  00C9EE      64CE       0  CODE    
                text5                          00C9EE  000052  00CA40      64F7       0  CODE    
                text29                         00CA40  00005C  00CA9C      6520       0  CODE    
                text36                         00CA9C  00007E  00CB1A      654E       0  CODE    
                text0                          00CB1A  00007E  00CB98      658D       0  CODE    
                text32                         00CB98  000082  00CC1A      65CC       0  CODE    
                text30                         00CC1A  000082  00CC9C      660D       0  CODE    
                text7                          00CC9C  0000AE  00CD4A      664E       0  CODE    
                text15                         00CD4A  0000BE  00CE08      66A5       0  CODE    
                text33                         00CE08  0000CC  00CED4      6704       0  CODE    
                text3                          00CED4  0000E2  00CFB6      676A       0  CODE    
                text13                         00CFB6  0000F0  00D0A6      67DB       0  CODE    
                text11                         00D0A6  0000F0  00D196      6853       0  CODE    
                text12                         00D196  000116  00D2AC      68CB       0  CODE    
                text14                         00D2AC  0001F4  00D4A0      6956       0  CODE    
                text2                          00D4A0  000204  00D6A4      6A50       0  CODE    
                text4                          00D6A4  0002E6  00D98A      6B52       0  CODE    
                text18                         00D98A  00030C  00DC96      6CC5       0  CODE    
                text6                          00DC96  000446  00E0DC      6E4B       0  CODE    
                text17                         00E0DC  000526  00E602      706E       0  CODE    
                text16                         00E602  000ABC  00F0BE      7301       0  CODE    
                text1                          00F0BE  000C64  00FD22      785F       0  CODE    
                mediumconst                    00FD22  0002DE  010000      7E91       0  MEDIUMCO
                idloc                          200000  000008  200008    200000       0  IDLOC   
                config                         300000  00000E  30000E    300000       0  CONFIG  


UNUSED ADDRESS RANGES

        Name                Unused          Largest block    Delta
        BANK0            0000F6-0000FF                A
        BANK1            000160-0001FF               A0
        BANK10           000A00-000AFF              100
        BANK11           000B00-000BFF              100
        BANK12           000C00-000CFF              100
        BANK13           000D00-000DFF              100
        BANK14           000E00-000EFF              100
        BANK15           000F00-000F7F               80
        BANK2            000200-0002FF              100
        BANK3            000300-0003FF              100
        BANK4            000400-0004FF              100
        BANK5            000500-0005FF              100
        BANK6            000600-0006FF              100
        BANK7            000700-0007FF              100
        BANK8            000800-0008FF              100
        BANK9            000900-0009FF              100
        BIGRAM           00007E-00007F                2
                         0000F6-0000FF                A
                         000160-000F7F              E20
        CODE             000004-00C78F             C78C
        COMRAM           00007E-00007F                2
        CONST            000004-00C78F             C78C
        EEDATA           F00000-F003FF              400
        MEDIUMCONST      001000-00C78F             B790
        RAM              0000F6-0000FF                A
                         000160-000F7F              100
        SFR              000F80-000FFF               80
        SMALLCONST       001000-00C78F              100
        STACK            000160-000F7F              E20

                                  Symbol Table

?___aldiv                     cstackCOMRAM 000001
?___lldiv                     cstackCOMRAM 000001
?___lwdiv                     cstackCOMRAM 000001
?___lwmod                     cstackCOMRAM 000008
?___wmul                      cstackCOMRAM 000001
?_check_food                  cstackCOMRAM 000001
?_decode_drawer               cstackCOMRAM 000001
?_diet_press                  cstackCOMRAM 000025
?_displayLogs                 cstackCOMRAM 000025
?_food_press                  cstackCOMRAM 000025
?_getFlat                     cstackCOMRAM 000001
?_getLong                     cstackCOMRAM 000001
?_getRound                    cstackCOMRAM 000001
?_get_digits                  cstackCOMRAM 000001
?_printf                      cstackCOMRAM 00000D
?_standbyMode                 cstackCOMRAM 000052
?_verifyKeypress              cstackCOMRAM 000001
?_viewLogs                    cstackCOMRAM 000046
?_which_drawer                cstackCOMRAM 000025
I2C_Master_Init@clockFreq     cstackCOMRAM 00000E
I2C_Master_Read@ackBit        cstackCOMRAM 000002
I2C_Master_Read@receivedByte  cstackCOMRAM 000003
I2C_Master_Write@byteToWrite  cstackCOMRAM 000002
UART_Init@baud                cstackCOMRAM 00000F
_ADCON0                       (abs)        000FC2
_ADCON0bits                   (abs)        000FC2
_ADCON1                       (abs)        000FC1
_ADON                         (abs)        007E10
_ADRESH                       (abs)        000FC4
_ADRESL                       (abs)        000FC3
_EEADR                        (abs)        000FA9
_EECON1bits                   (abs)        000FA6
_EECON2                       (abs)        000FA7
_EEDATA                       (abs)        000FA8
_I2C_Master_Init              text29       00CA40
_I2C_Master_Read              text27       00C832
_I2C_Master_Start             text26       00C796
_I2C_Master_Stop              text25       00C79E
_I2C_Master_Wait              text28       00C7B0
_I2C_Master_Write             text24       00C7A6
_INTCONbits                   (abs)        000FF2
_LATA                         (abs)        000F89
_LATB                         (abs)        000F8A
_LATC                         (abs)        000F8B
_LATD                         (abs)        000F8C
_LATDbits                     (abs)        000F8C
_LATE                         (abs)        000F8D
_LCD_HORZ_LIMIT               mediumconst  00FD63
_LCD_LEFT                     mediumconst  00FD5E
_LCD_RIGHT                    mediumconst  00FD5F
_LCD_SIZE_HORZ                mediumconst  00FD61
_LCD_SIZE_VERT                mediumconst  00FD60
_LCD_VERT_LIMIT               mediumconst  00FD62
_PORTB                        (abs)        000F81
_PORTBbits                    (abs)        000F81
_RCIE                         (abs)        007CED
_RCIF                         (abs)        007CF5
_RCREG                        (abs)        000FAE
_RCSTAbits                    (abs)        000FAB
_SPBRG                        (abs)        000FAF
_SSPADD                       (abs)        000FC8
_SSPBUF                       (abs)        000FC9
_SSPCON1                      (abs)        000FC6
_SSPCON1bits                  (abs)        000FC6
_SSPCON2                      (abs)        000FC5
_SSPCON2bits                  (abs)        000FC5
_SSPSTAT                      (abs)        000FC7
_TRISA                        (abs)        000F92
_TRISB                        (abs)        000F93
_TRISC                        (abs)        000F94
_TRISC6                       (abs)        007CA6
_TRISC7                       (abs)        007CA7
_TRISCbits                    (abs)        000F94
_TRISD                        (abs)        000F95
_TRISE                        (abs)        000F96
_TRMT                         (abs)        007D61
_TXIE                         (abs)        007CEC
_TXIF                         (abs)        007CF4
_TXREG                        (abs)        000FAD
_TXSTAbits                    (abs)        000FAC
_UART                         dataCOMRAM   000078
_UART_Init                    text32       00CB98
_UARTinterruptState           bssCOMRAM    00006A
__CFG_BOREN$SBORDIS           (abs)        000000
__CFG_BORV$3                  (abs)        000000
__CFG_CCP2MX$PORTC            (abs)        000000
__CFG_CP0$OFF                 (abs)        000000
__CFG_CP1$OFF                 (abs)        000000
__CFG_CP2$OFF                 (abs)        000000
__CFG_CP3$OFF                 (abs)        000000
__CFG_CPB$OFF                 (abs)        000000
__CFG_CPD$ON                  (abs)        000000
__CFG_EBTR0$OFF               (abs)        000000
__CFG_EBTR1$OFF               (abs)        000000
__CFG_EBTR2$OFF               (abs)        000000
__CFG_EBTR3$OFF               (abs)        000000
__CFG_EBTRB$OFF               (abs)        000000
__CFG_FCMEN$OFF               (abs)        000000
__CFG_IESO$OFF                (abs)        000000
__CFG_LPT1OSC$OFF             (abs)        000000
__CFG_LVP$OFF                 (abs)        000000
__CFG_MCLRE$ON                (abs)        000000
__CFG_OSC$HSPLL               (abs)        000000
__CFG_PBADEN$ON               (abs)        000000
__CFG_PWRT$OFF                (abs)        000000
__CFG_STVREN$ON               (abs)        000000
__CFG_WDT$OFF                 (abs)        000000
__CFG_WDTPS$32768             (abs)        000000
__CFG_WRT0$OFF                (abs)        000000
__CFG_WRT1$OFF                (abs)        000000
__CFG_WRT2$OFF                (abs)        000000
__CFG_WRT3$OFF                (abs)        000000
__CFG_WRTB$OFF                (abs)        000000
__CFG_WRTC$OFF                (abs)        000000
__CFG_WRTD$OFF                (abs)        000000
__CFG_XINST$OFF               (abs)        000000
__HRAM                        (abs)        000000
__Habs1                       abs1         000000
__Hbank0                      bank0        000000
__Hbank1                      bank1        000000
__Hbank10                     bank10       000000
__Hbank11                     bank11       000000
__Hbank12                     bank12       000000
__Hbank13                     bank13       000000
__Hbank14                     bank14       000000
__Hbank15                     bank15       000000
__Hbank2                      bank2        000000
__Hbank3                      bank3        000000
__Hbank4                      bank4        000000
__Hbank5                      bank5        000000
__Hbank6                      bank6        000000
__Hbank7                      bank7        000000
__Hbank8                      bank8        000000
__Hbank9                      bank9        000000
__Hbigbss                     bigbss       000000
__Hbigdata                    bigdata      000000
__Hbigram                     bigram       000000
__Hbss                        bss          000000
__HbssBANK1                   bssBANK1     000000
__HbssCOMRAM                  bssCOMRAM    000000
__Hcinit                      cinit        000000
__Hclrtext                    clrtext      000000
__Hcomram                     comram       000000
__Hconfig                     config       30000E
__Hconst                      const        000000
__HcstackBANK0                cstackBANK0  000000
__HcstackCOMRAM               cstackCOMRAM 000000
__Hdata                       data         000000
__HdataCOMRAM                 dataCOMRAM   000000
__Heeprom_data                eeprom_data  000000
__Hfarbss                     farbss       000000
__Hfardata                    fardata      000000
__Hibigdata                   ibigdata     000000
__Hidata                      idata        000000
__HidataCOMRAM                idataCOMRAM  000000
__Hidloc                      idloc        200008
__Hifardata                   ifardata     000000
__Hinit                       init         000004
__Hintcode                    intcode      000000
__Hintcode_body               intcode_body 000000
__Hintcodelo                  intcodelo    000000
__Hintentry                   intentry     000000
__Hintret                     intret       000000
__Hintsave_regs               intsave_regs 000000
__Hirdata                     irdata       000000
__Hmediumconst                mediumconst  010000
__HnvFARRAM                   nvFARRAM     000000
__Hnvbit                      nvbit        000000
__Hnvrram                     nvrram       000000
__Hparam                      rparam       000000
__Hpowerup                    powerup      000000
__Hram                        ram          000000
__Hramtop                     ramtop       001000
__Hrbit                       rbit         000000
__Hrbss                       rbss         000000
__Hrdata                      rdata        000000
__Hreset_vec                  reset_vec    000000
__Hrparam                     rparam       000000
__Hsfr                        sfr          000000
__Hsmallconst                 smallconst   000000
__Hspace_0                    (abs)        30000E
__Hspace_1                    (abs)        000160
__Hspace_2                    (abs)        000000
__Hstack                      stack        000000
__Hstruct                     struct       000000
__Htemp                       temp         000000
__Htext                       text         000000
__Htext0                      text0        000000
__Htext1                      text1        000000
__Htext10                     text10       000000
__Htext11                     text11       000000
__Htext12                     text12       000000
__Htext13                     text13       000000
__Htext14                     text14       000000
__Htext15                     text15       000000
__Htext16                     text16       000000
__Htext17                     text17       000000
__Htext18                     text18       000000
__Htext19                     text19       000000
__Htext2                      text2        000000
__Htext20                     text20       000000
__Htext21                     text21       000000
__Htext22                     text22       000000
__Htext23                     text23       000000
__Htext24                     text24       000000
__Htext25                     text25       000000
__Htext26                     text26       000000
__Htext27                     text27       000000
__Htext28                     text28       000000
__Htext29                     text29       000000
__Htext3                      text3        000000
__Htext30                     text30       000000
__Htext31                     text31       000000
__Htext32                     text32       000000
__Htext33                     text33       000000
__Htext34                     text34       000000
__Htext35                     text35       000000
__Htext36                     text36       000000
__Htext4                      text4        000000
__Htext5                      text5        000000
__Htext6                      text6        000000
__Htext7                      text7        000000
__Htext8                      text8        000000
__Htext9                      text9        000000
__LRAM                        (abs)        000001
__Labs1                       abs1         000000
__Lbank0                      bank0        000000
__Lbank1                      bank1        000000
__Lbank10                     bank10       000000
__Lbank11                     bank11       000000
__Lbank12                     bank12       000000
__Lbank13                     bank13       000000
__Lbank14                     bank14       000000
__Lbank15                     bank15       000000
__Lbank2                      bank2        000000
__Lbank3                      bank3        000000
__Lbank4                      bank4        000000
__Lbank5                      bank5        000000
__Lbank6                      bank6        000000
__Lbank7                      bank7        000000
__Lbank8                      bank8        000000
__Lbank9                      bank9        000000
__Lbigbss                     bigbss       000000
__Lbigdata                    bigdata      000000
__Lbigram                     bigram       000000
__Lbss                        bss          000000
__LbssBANK1                   bssBANK1     000000
__LbssCOMRAM                  bssCOMRAM    000000
__Lcinit                      cinit        000000
__Lclrtext                    clrtext      000000
__Lcomram                     comram       000000
__Lconfig                     config       300000
__Lconst                      const        000000
__LcstackBANK0                cstackBANK0  000000
__LcstackCOMRAM               cstackCOMRAM 000000
__Ldata                       data         000000
__LdataCOMRAM                 dataCOMRAM   000000
__Leeprom_data                eeprom_data  000000
__Lfarbss                     farbss       000000
__Lfardata                    fardata      000000
__Libigdata                   ibigdata     000000
__Lidata                      idata        000000
__LidataCOMRAM                idataCOMRAM  000000
__Lidloc                      idloc        200000
__Lifardata                   ifardata     000000
__Linit                       init         000000
__Lintcode                    intcode      000000
__Lintcode_body               intcode_body 000000
__Lintcodelo                  intcodelo    000000
__Lintentry                   intentry     000000
__Lintret                     intret       000000
__Lintsave_regs               intsave_regs 000000
__Lirdata                     irdata       000000
__Lmediumconst                mediumconst  00FD22
__LnvFARRAM                   nvFARRAM     000000
__Lnvbit                      nvbit        000000
__Lnvrram                     nvrram       000000
__Lparam                      rparam       000000
__Lpowerup                    powerup      000000
__Lram                        ram          000000
__Lramtop                     ramtop       001000
__Lrbit                       rbit         000000
__Lrbss                       rbss         000000
__Lrdata                      rdata        000000
__Lreset_vec                  reset_vec    000000
__Lrparam                     rparam       000000
__Lsfr                        sfr          000000
__Lsmallconst                 smallconst   000000
__Lspace_0                    (abs)        000000
__Lspace_1                    (abs)        000000
__Lspace_2                    (abs)        000000
__Lstack                      stack        000000
__Lstruct                     struct       000000
__Ltemp                       temp         000000
__Ltext                       text         000000
__Ltext0                      text0        000000
__Ltext1                      text1        000000
__Ltext10                     text10       000000
__Ltext11                     text11       000000
__Ltext12                     text12       000000
__Ltext13                     text13       000000
__Ltext14                     text14       000000
__Ltext15                     text15       000000
__Ltext16                     text16       000000
__Ltext17                     text17       000000
__Ltext18                     text18       000000
__Ltext19                     text19       000000
__Ltext2                      text2        000000
__Ltext20                     text20       000000
__Ltext21                     text21       000000
__Ltext22                     text22       000000
__Ltext23                     text23       000000
__Ltext24                     text24       000000
__Ltext25                     text25       000000
__Ltext26                     text26       000000
__Ltext27                     text27       000000
__Ltext28                     text28       000000
__Ltext29                     text29       000000
__Ltext3                      text3        000000
__Ltext30                     text30       000000
__Ltext31                     text31       000000
__Ltext32                     text32       000000
__Ltext33                     text33       000000
__Ltext34                     text34       000000
__Ltext35                     text35       000000
__Ltext36                     text36       000000
__Ltext4                      text4        000000
__Ltext5                      text5        000000
__Ltext6                      text6        000000
__Ltext7                      text7        000000
__Ltext8                      text8        000000
__Ltext9                      text9        000000
__S0                          (abs)        30000E
__S1                          (abs)        000160
__S2                          (abs)        000000
___aldiv                      text33       00CE08
___aldiv@counter              cstackCOMRAM 000009
___aldiv@dividend             cstackCOMRAM 000001
___aldiv@divisor              cstackCOMRAM 000005
___aldiv@quotient             cstackCOMRAM 00000B
___aldiv@sign                 cstackCOMRAM 00000A
___inthi_sp                   stack        000000
___intlo_sp                   stack        000000
___lldiv                      text30       00CC1A
___lldiv@counter              cstackCOMRAM 00000D
___lldiv@dividend             cstackCOMRAM 000001
___lldiv@divisor              cstackCOMRAM 000005
___lldiv@quotient             cstackCOMRAM 000009
___lwdiv                      text23       00C99C
___lwdiv@counter              cstackCOMRAM 000007
___lwdiv@dividend             cstackCOMRAM 000001
___lwdiv@divisor              cstackCOMRAM 000003
___lwdiv@quotient             cstackCOMRAM 000005
___lwmod                      text22       00C8CC
___lwmod@counter              cstackCOMRAM 00000C
___lwmod@dividend             cstackCOMRAM 000008
___lwmod@divisor              cstackCOMRAM 00000A
___param_bank                 (abs)        000000
___rparam_used                (abs)        000001
___sp                         stack        000000
___wmul                       text21       00C856
___wmul@multiplicand          cstackCOMRAM 000003
___wmul@multiplier            cstackCOMRAM 000001
___wmul@product               cstackCOMRAM 000005
__accesstop                   (abs)        000080
__activetblptr                (abs)        000002
__end_of_I2C_Master_Init      text29       00CA9C
__end_of_I2C_Master_Read      text27       00C856
__end_of_I2C_Master_Start     text26       00C79E
__end_of_I2C_Master_Stop      text25       00C7A6
__end_of_I2C_Master_Wait      text28       00C7C2
__end_of_I2C_Master_Write     text24       00C7B0
__end_of_LCD_HORZ_LIMIT       mediumconst  00FD64
__end_of_LCD_LEFT             mediumconst  00FD5F
__end_of_LCD_RIGHT            mediumconst  00FD60
__end_of_LCD_SIZE_HORZ        mediumconst  00FD62
__end_of_LCD_SIZE_VERT        mediumconst  00FD61
__end_of_LCD_VERT_LIMIT       mediumconst  00FD63
__end_of_UART_Init            text32       00CC1A
__end_of___aldiv              text33       00CED4
__end_of___lldiv              text30       00CC9C
__end_of___lwdiv              text23       00C9EE
__end_of___lwmod              text22       00C90E
__end_of___wmul               text21       00C87C
__end_of__initialization      cinit        00C946
__end_of_check_food           text16       00F0BE
__end_of_decode_drawer        text3        00CFB6
__end_of_diet_press           text17       00E602
__end_of_displayLogs          text6        00E0DC
__end_of_dpowers              mediumconst  00FD4F
__end_of_food_press           text14       00D4A0
__end_of_getFlat              text13       00D0A6
__end_of_getLong              text12       00D2AC
__end_of_getRound             text11       00D196
__end_of_get_digits           text15       00CE08
__end_of_happynewyear         mediumconst  00FD5E
__end_of_hexpowers            mediumconst  00FD57
__end_of_initEEPROM           text9        00C8A2
__end_of_initLCD              text34       00C99C
__end_of_input                mediumconst  00FD45
__end_of_isdigit              text20       00C832
__end_of_keys                 mediumconst  00FD34
__end_of_lcdInst              text35       00C7D6
__end_of_lcdNibble            text36       00CB1A
__end_of_main                 text0        00CB98
__end_of_mainOperation        text31       00C814
__end_of_printf               text18       00DC96
__end_of_putch                text19       00C7EA
__end_of_readEEPROM           text8        00C7FE
__end_of_shiftEEPROM          text7        00CD4A
__end_of_standbyMode          text1        00FD22
__end_of_verifyKeypress       text5        00CA40
__end_of_viewLogs             text4        00D98A
__end_of_which_drawer         text2        00D6A4
__end_of_writeEEPROM          text10       00C8CC
__initialization              cinit        00C90E
__mediumconst                 mediumconst  00FD22
__pbssBANK1                   bssBANK1     000100
__pbssCOMRAM                  bssCOMRAM    000059
__pcinit                      cinit        00C90E
__pcstackBANK0                cstackBANK0  000080
__pcstackCOMRAM               cstackCOMRAM 000001
__pdataCOMRAM                 dataCOMRAM   000078
__pidataCOMRAM                idataCOMRAM  00C790
__pmediumconst                mediumconst  00FD22
__ptext0                      text0        00CB1A
__ptext1                      text1        00F0BE
__ptext10                     text10       00C8A2
__ptext11                     text11       00D0A6
__ptext12                     text12       00D196
__ptext13                     text13       00CFB6
__ptext14                     text14       00D2AC
__ptext15                     text15       00CD4A
__ptext16                     text16       00E602
__ptext17                     text17       00E0DC
__ptext18                     text18       00D98A
__ptext19                     text19       00C7D6
__ptext2                      text2        00D4A0
__ptext20                     text20       00C814
__ptext21                     text21       00C856
__ptext22                     text22       00C8CC
__ptext23                     text23       00C99C
__ptext24                     text24       00C7A6
__ptext25                     text25       00C79E
__ptext26                     text26       00C796
__ptext27                     text27       00C832
__ptext28                     text28       00C7B0
__ptext29                     text29       00CA40
__ptext3                      text3        00CED4
__ptext30                     text30       00CC1A
__ptext31                     text31       00C7FE
__ptext32                     text32       00CB98
__ptext33                     text33       00CE08
__ptext34                     text34       00C950
__ptext35                     text35       00C7C2
__ptext36                     text36       00CA9C
__ptext4                      text4        00D6A4
__ptext5                      text5        00C9EE
__ptext6                      text6        00DC96
__ptext7                      text7        00CC9C
__ptext8                      text8        00C7EA
__ptext9                      text9        00C87C
__ramtop                      ramtop       001000
__size_of_I2C_Master_Init     (abs)        000000
__size_of_I2C_Master_Read     (abs)        000000
__size_of_I2C_Master_Start    (abs)        000000
__size_of_I2C_Master_Stop     (abs)        000000
__size_of_I2C_Master_Wait     (abs)        000000
__size_of_I2C_Master_Write    (abs)        000000
__size_of_UART_Init           (abs)        000000
__size_of___aldiv             (abs)        000000
__size_of___lldiv             (abs)        000000
__size_of___lwdiv             (abs)        000000
__size_of___lwmod             (abs)        000000
__size_of___wmul              (abs)        000000
__size_of_check_food          (abs)        000000
__size_of_decode_drawer       (abs)        000000
__size_of_diet_press          (abs)        000000
__size_of_displayLogs         (abs)        000000
__size_of_food_press          (abs)        000000
__size_of_getFlat             (abs)        000000
__size_of_getLong             (abs)        000000
__size_of_getRound            (abs)        000000
__size_of_get_digits          (abs)        000000
__size_of_initEEPROM          (abs)        000000
__size_of_initLCD             (abs)        000000
__size_of_isdigit             (abs)        000000
__size_of_lcdInst             (abs)        000000
__size_of_lcdNibble           (abs)        000000
__size_of_main                (abs)        000000
__size_of_mainOperation       (abs)        000000
__size_of_printf              (abs)        000000
__size_of_putch               (abs)        000000
__size_of_readEEPROM          (abs)        000000
__size_of_shiftEEPROM         (abs)        000000
__size_of_standbyMode         (abs)        000000
__size_of_verifyKeypress      (abs)        000000
__size_of_viewLogs            (abs)        000000
__size_of_which_drawer        (abs)        000000
__size_of_writeEEPROM         (abs)        000000
__smallconst                  smallconst   000000
_arr_dataRX                   bssBANK1     000150
_check_food                   text16       00E602
_columnLeft                   dataCOMRAM   00007B
_columnRight                  dataCOMRAM   00007A
_decode_drawer                text3        00CED4
_diet_press                   text17       00E0DC
_displayLogs                  text6        00DC96
_dpowers                      mediumconst  00FD45
_food_press                   text14       00D2AC
_getFlat                      text13       00CFB6
_getLong                      text12       00D196
_getRound                     text11       00D0A6
_get_digits                   text15       00CD4A
_happynewyear                 mediumconst  00FD57
_hexpowers                    mediumconst  00FD4F
_initEEPROM                   text9        00C87C
_initLCD                      text34       00C950
_input                        mediumconst  00FD34
_isdigit                      text20       00C814
_isdigit$1349                 cstackCOMRAM 000002
_keys                         mediumconst  00FD23
_lcdInst                      text35       00C7C2
_lcdNibble                    text36       00CA9C
_main                         text0        00CB1A
_mainOperation                text31       00C7FE
_printf                       text18       00D98A
_putch                        text19       00C7D6
_readEEPROM                   text8        00C7EA
_rowDown                      dataCOMRAM   00007C
_rowUp                        dataCOMRAM   00007D
_shiftEEPROM                  text7        00CC9C
_standbyMode                  text1        00F0BE
_uart                         bssCOMRAM    00006C
_verifyKeypress               text5        00C9EE
_viewLogs                     text4        00D6A4
_which_drawer                 text2        00D4A0
_writeEEPROM                  text10       00C8A2
check_food@foodInput          cstackCOMRAM 000003
check_food@returnValue        cstackCOMRAM 000007
check_food@sum                cstackCOMRAM 000001
decode_drawer@drawer          cstackCOMRAM 000001
decode_drawer@returnValue     cstackCOMRAM 000005
diet_press@F3141              bssCOMRAM    000059
diet_press@backCheck          cstackCOMRAM 00002D
diet_press@count              cstackCOMRAM 00002F
diet_press@dietTable          cstackCOMRAM 000034
diet_press@drawer             cstackCOMRAM 000025
diet_press@i                  cstackCOMRAM 00002B
diet_press@keypress           cstackCOMRAM 000033
diet_press@previous           cstackCOMRAM 000029
diet_press@sum                cstackCOMRAM 000031
displayLogs@day               cstackCOMRAM 00002D
displayLogs@flatPieces        cstackCOMRAM 000031
displayLogs@keypress3         cstackCOMRAM 000039
displayLogs@logNumber         cstackCOMRAM 000025
displayLogs@longPieces        cstackCOMRAM 000033
displayLogs@markedDrawer1     cstackCOMRAM 00003C
displayLogs@markedDrawer2     cstackCOMRAM 00003E
displayLogs@markedDrawer3     cstackCOMRAM 000040
displayLogs@markedDrawer4     cstackCOMRAM 000042
displayLogs@minutes           cstackCOMRAM 000035
displayLogs@month             cstackCOMRAM 00002B
displayLogs@n                 cstackCOMRAM 000044
displayLogs@operationTime     cstackCOMRAM 00003A
displayLogs@roundPieces       cstackCOMRAM 00002F
displayLogs@seconds           cstackCOMRAM 000037
displayLogs@year              cstackCOMRAM 000029
end_of_initialization         cinit        00C946
food_press@F3126              bssCOMRAM    000061
food_press@backCheck          cstackCOMRAM 00002D
food_press@count              cstackCOMRAM 000031
food_press@dietSum            cstackCOMRAM 000025
food_press@drawer             cstackCOMRAM 000027
food_press@foodTable          cstackCOMRAM 000034
food_press@isValid            cstackCOMRAM 00002F
food_press@keypress           cstackCOMRAM 000033
food_press@tally              cstackCOMRAM 00002B
getFlat@code                  cstackCOMRAM 000001
getFlat@returnValue           cstackCOMRAM 000005
getLong@code                  cstackCOMRAM 000001
getLong@returnValue           cstackCOMRAM 000005
getRound@code                 cstackCOMRAM 000001
getRound@returnValue          cstackCOMRAM 000005
get_digits@count              cstackCOMRAM 000005
get_digits@sum                cstackCOMRAM 000001
initEEPROM@i                  cstackCOMRAM 000003
intlevel0                     text         000000
intlevel1                     text         000000
intlevel2                     text         000000
intlevel3                     text         000000
isdigit@c                     cstackCOMRAM 000003
lcdInst@data                  cstackCOMRAM 000003
lcdNibble@data                cstackCOMRAM 000002
lcdNibble@temp                cstackCOMRAM 000001
main@operationMode            cstackCOMRAM 000057
printf@ap                     cstackCOMRAM 00001C
printf@c                      cstackCOMRAM 000024
printf@f                      cstackCOMRAM 00000D
printf@flag                   cstackCOMRAM 000021
printf@idx                    cstackCOMRAM 00001B
printf@prec                   cstackCOMRAM 00001E
printf@val                    cstackCOMRAM 00001F
printf@width                  cstackCOMRAM 000022
putch@data                    cstackCOMRAM 000003
readEEPROM@address            cstackCOMRAM 000001
shiftEEPROM@i                 cstackCOMRAM 000006
shiftEEPROM@temp              cstackCOMRAM 000004
stackhi                       (abs)        000F7F
stacklo                       (abs)        000160
standbyMode@F3159             bssBANK1     000140
standbyMode@F3161             bssBANK1     000130
standbyMode@F3163             bssBANK1     000120
standbyMode@F3165             bssBANK1     000110
standbyMode@F3167             bssBANK1     000100
standbyMode@LCDinterruptState bssCOMRAM    000069
standbyMode@diet              cstackBANK0  0000EC
standbyMode@dietType          cstackBANK0  0000B0
standbyMode@drawer            cstackBANK0  0000F0
standbyMode@drawerCount       cstackBANK0  0000F2
standbyMode@drawerInformation cstackBANK0  0000C0
standbyMode@firstIteration    cstackBANK0  0000D7
standbyMode@flat              cstackBANK0  0000DE
standbyMode@flatPieces        cstackBANK0  000090
standbyMode@food              cstackBANK0  0000EE
standbyMode@i                 cstackBANK0  0000F4
standbyMode@keypress          cstackBANK0  0000DB
standbyMode@keypress1         cstackBANK0  0000E2
standbyMode@lng               cstackBANK0  0000E0
standbyMode@logNumber         cstackBANK0  0000E9
standbyMode@longPieces        cstackBANK0  0000A0
standbyMode@n                 cstackBANK0  0000EA
standbyMode@round             cstackBANK0  0000DC
standbyMode@roundPieces       cstackBANK0  000080
standbyMode@time              cstackBANK0  0000D0
standbyMode@validDrawer       cstackBANK0  0000E3
standbyMode@whichKey          cstackBANK0  0000D9
standbyMode@x                 cstackBANK0  0000E7
standbyMode@zero              cstackBANK0  0000E5
start                         init         000000
start_initialization          cinit        00C90E
verifyKeypress@i              cstackCOMRAM 000008
verifyKeypress@keypress       cstackCOMRAM 000001
verifyKeypress@logNumber      cstackCOMRAM 000005
verifyKeypress@returnVal      cstackCOMRAM 000006
viewLogs@checkLog             cstackCOMRAM 00004A
viewLogs@keypress2            cstackCOMRAM 000051
viewLogs@logNumber            cstackCOMRAM 000050
viewLogs@logView              cstackCOMRAM 00004E
viewLogs@returnVal            cstackCOMRAM 00004C
which_drawer@backCheck        cstackCOMRAM 00002C
which_drawer@count            cstackCOMRAM 00002E
which_drawer@keypress         cstackCOMRAM 000030
which_drawer@rand             cstackCOMRAM 000028
which_drawer@sum              cstackCOMRAM 00002A
writeEEPROM@address           cstackCOMRAM 000002
writeEEPROM@data              cstackCOMRAM 000001


FUNCTION INFORMATION:

 *************** function _main *****************
 Defined at:
		line 14 in file "main.c"
 Parameters:    Size  Location     Type
		None
 Auto vars:     Size  Location     Type
  operationMod    2   86[COMRAM] unsigned int 
 Return value:  Size  Location     Type
                  1    wreg      void 
 Registers used:
		wreg, fsr1l, fsr1h, fsr2l, fsr2h, status,2, status,0, tblptrl, tblptrh, tblptru, prodl, prodh, cstack
 Tracked objects:
		On entry : 
		On exit  : 
		Unchanged: 
 Data sizes:     COMRAM   BANK0   BANK1   BANK2   BANK3   BANK4   BANK5   BANK6   BANK7   BANK8   BANK9  BANK10  BANK11  BANK12  BANK13  BANK14  BANK15
      Params:         0       0       0       0       0       0       0       0       0       0       0       0       0       0       0       0       0
      Locals:         2       0       0       0       0       0       0       0       0       0       0       0       0       0       0       0       0
      Temps:          1       0       0       0       0       0       0       0       0       0       0       0       0       0       0       0       0
      Totals:         3       0       0       0       0       0       0       0       0       0       0       0       0       0       0       0       0
Total ram usage:        3 bytes
 Hardware stack levels required when called:    6
 This function calls:
		_initLCD
		_lcdInst
		_mainOperation
		_printf
		_standbyMode
 This function is called by:
		Startup code after reset
 This function uses a non-reentrant model


 *************** function _standbyMode *****************
 Defined at:
		line 1483 in file "standbyMode.c"
 Parameters:    Size  Location     Type
		None
 Auto vars:     Size  Location     Type
  keypress1       1   98[BANK0 ] unsigned char 
  whichKey        2   89[BANK0 ] unsigned int 
  drawerInform   16   64[BANK0 ] unsigned int [8]
  dietType       16   48[BANK0 ] unsigned int [8]
  longPieces     16   32[BANK0 ] unsigned int [8]
  flatPieces     16   16[BANK0 ] unsigned int [8]
  roundPieces    16    0[BANK0 ] unsigned int [8]
  time            7   80[BANK0 ] unsigned char [7]
  i               2  116[BANK0 ] unsigned int 
  drawerCount     2  114[BANK0 ] unsigned int 
  drawer          2  112[BANK0 ] unsigned int 
  food            2  110[BANK0 ] unsigned int 
  diet            2  108[BANK0 ] unsigned int 
  n               2  106[BANK0 ] unsigned int 
  x               2  103[BANK0 ] unsigned int 
  zero            2  101[BANK0 ] unsigned int 
  validDrawer     2   99[BANK0 ] unsigned int 
  lng             2   96[BANK0 ] unsigned int 
  flat            2   94[BANK0 ] unsigned int 
  round           2   92[BANK0 ] unsigned int 
  firstIterati    2   87[BANK0 ] unsigned int 
  logNumber       1  105[BANK0 ] unsigned char 
  keypress        1   91[BANK0 ] unsigned char 
 Return value:  Size  Location     Type
                  2   81[COMRAM] unsigned int 
 Registers used:
		wreg, fsr1l, fsr1h, fsr2l, fsr2h, status,2, status,0, tblptrl, tblptrh, tblptru, prodl, prodh, cstack
 Tracked objects:
		On entry : 
		On exit  : 
		Unchanged: 
 Data sizes:     COMRAM   BANK0   BANK1   BANK2   BANK3   BANK4   BANK5   BANK6   BANK7   BANK8   BANK9  BANK10  BANK11  BANK12  BANK13  BANK14  BANK15
      Params:         2       0       0       0       0       0       0       0       0       0       0       0       0       0       0       0       0
      Locals:         0     118       0       0       0       0       0       0       0       0       0       0       0       0       0       0       0
      Temps:          2       0       0       0       0       0       0       0       0       0       0       0       0       0       0       0       0
      Totals:         4     118       0       0       0       0       0       0       0       0       0       0       0       0       0       0       0
Total ram usage:      122 bytes
 Hardware stack levels used:    1
 Hardware stack levels required when called:    5
 This function calls:
		_I2C_Master_Init
		_I2C_Master_Read
		_I2C_Master_Start
		_I2C_Master_Stop
		_I2C_Master_Write
		___wmul
		_diet_press
		_food_press
		_getFlat
		_getLong
		_getRound
		_initEEPROM
		_lcdInst
		_printf
		_readEEPROM
		_shiftEEPROM
		_viewLogs
		_which_drawer
		_writeEEPROM
 This function is called by:
		_main
 This function uses a non-reentrant model


 *************** function _which_drawer *****************
 Defined at:
		line 1417 in file "standbyMode.c"
 Parameters:    Size  Location     Type
		None
 Auto vars:     Size  Location     Type
  rand            2   39[COMRAM] unsigned int 
  keypress        1   47[COMRAM] unsigned char 
  count           2   45[COMRAM] unsigned int 
  backCheck       2   43[COMRAM] unsigned int 
  sum             2   41[COMRAM] unsigned int 
 Return value:  Size  Location     Type
                  2   36[COMRAM] unsigned int 
 Registers used:
		wreg, fsr2l, fsr2h, status,2, status,0, tblptrl, tblptrh, tblptru, prodl, prodh, cstack
 Tracked objects:
		On entry : 
		On exit  : 
		Unchanged: 
 Data sizes:     COMRAM   BANK0   BANK1   BANK2   BANK3   BANK4   BANK5   BANK6   BANK7   BANK8   BANK9  BANK10  BANK11  BANK12  BANK13  BANK14  BANK15
      Params:         2       0       0       0       0       0       0       0       0       0       0       0       0       0       0       0       0
      Locals:         9       0       0       0       0       0       0       0       0       0       0       0       0       0       0       0       0
      Temps:          1       0       0       0       0       0       0       0       0       0       0       0       0       0       0       0       0
      Totals:        12       0       0       0       0       0       0       0       0       0       0       0       0       0       0       0       0
Total ram usage:       12 bytes
 Hardware stack levels used:    1
 Hardware stack levels required when called:    3
 This function calls:
		_decode_drawer
		_lcdInst
		_printf
		_putch
 This function is called by:
		_standbyMode
 This function uses a non-reentrant model


 *************** function _decode_drawer *****************
 Defined at:
		line 1339 in file "standbyMode.c"
 Parameters:    Size  Location     Type
  drawer          2    0[COMRAM] unsigned int 
 Auto vars:     Size  Location     Type
  returnValue     2    4[COMRAM] unsigned int 
 Return value:  Size  Location     Type
                  2    0[COMRAM] unsigned int 
 Registers used:
		wreg, status,2, status,0
 Tracked objects:
		On entry : 
		On exit  : 
		Unchanged: 
 Data sizes:     COMRAM   BANK0   BANK1   BANK2   BANK3   BANK4   BANK5   BANK6   BANK7   BANK8   BANK9  BANK10  BANK11  BANK12  BANK13  BANK14  BANK15
      Params:         2       0       0       0       0       0       0       0       0       0       0       0       0       0       0       0       0
      Locals:         2       0       0       0       0       0       0       0       0       0       0       0       0       0       0       0       0
      Temps:          2       0       0       0       0       0       0       0       0       0       0       0       0       0       0       0       0
      Totals:         6       0       0       0       0       0       0       0       0       0       0       0       0       0       0       0       0
Total ram usage:        6 bytes
 Hardware stack levels used:    1
 This function calls:
		Nothing
 This function is called by:
		_which_drawer
 This function uses a non-reentrant model


 *************** function _viewLogs *****************
 Defined at:
		line 822 in file "standbyMode.c"
 Parameters:    Size  Location     Type
		None
 Auto vars:     Size  Location     Type
  keypress2       1   80[COMRAM] unsigned char 
  logView         2   77[COMRAM] unsigned int 
  returnVal       2   75[COMRAM] unsigned int 
  checkLog        2   73[COMRAM] unsigned int 
  logNumber       1   79[COMRAM] unsigned char 
 Return value:  Size  Location     Type
                  2   69[COMRAM] unsigned int 
 Registers used:
		wreg, fsr2l, fsr2h, status,2, status,0, tblptrl, tblptrh, tblptru, prodl, prodh, cstack
 Tracked objects:
		On entry : 
		On exit  : 
		Unchanged: 
 Data sizes:     COMRAM   BANK0   BANK1   BANK2   BANK3   BANK4   BANK5   BANK6   BANK7   BANK8   BANK9  BANK10  BANK11  BANK12  BANK13  BANK14  BANK15
      Params:         2       0       0       0       0       0       0       0       0       0       0       0       0       0       0       0       0
      Locals:         8       0       0       0       0       0       0       0       0       0       0       0       0       0       0       0       0
      Temps:          2       0       0       0       0       0       0       0       0       0       0       0       0       0       0       0       0
      Totals:        12       0       0       0       0       0       0       0       0       0       0       0       0       0       0       0       0
Total ram usage:       12 bytes
 Hardware stack levels used:    1
 Hardware stack levels required when called:    4
 This function calls:
		_displayLogs
		_lcdInst
		_printf
		_putch
		_readEEPROM
		_verifyKeypress
 This function is called by:
		_standbyMode
 This function uses a non-reentrant model


 *************** function _verifyKeypress *****************
 Defined at:
		line 808 in file "standbyMode.c"
 Parameters:    Size  Location     Type
  logNumber       1    wreg     unsigned char 
  keypress        2    0[COMRAM] unsigned int 
 Auto vars:     Size  Location     Type
  logNumber       1    4[COMRAM] unsigned char 
  i               2    7[COMRAM] unsigned int 
  returnVal       2    5[COMRAM] unsigned int 
 Return value:  Size  Location     Type
                  2    0[COMRAM] unsigned int 
 Registers used:
		wreg, status,2, status,0
 Tracked objects:
		On entry : 
		On exit  : 
		Unchanged: 
 Data sizes:     COMRAM   BANK0   BANK1   BANK2   BANK3   BANK4   BANK5   BANK6   BANK7   BANK8   BANK9  BANK10  BANK11  BANK12  BANK13  BANK14  BANK15
      Params:         2       0       0       0       0       0       0       0       0       0       0       0       0       0       0       0       0
      Locals:         5       0       0       0       0       0       0       0       0       0       0       0       0       0       0       0       0
      Temps:          2       0       0       0       0       0       0       0       0       0       0       0       0       0       0       0       0
      Totals:         9       0       0       0       0       0       0       0       0       0       0       0       0       0       0       0       0
Total ram usage:        9 bytes
 Hardware stack levels used:    1
 This function calls:
		Nothing
 This function is called by:
		_viewLogs
 This function uses a non-reentrant model


 *************** function _displayLogs *****************
 Defined at:
		line 909 in file "standbyMode.c"
 Parameters:    Size  Location     Type
  logNumber       2   36[COMRAM] unsigned int 
 Auto vars:     Size  Location     Type
  n               2   67[COMRAM] unsigned int 
  markedDrawer    2   65[COMRAM] unsigned int 
  markedDrawer    2   63[COMRAM] unsigned int 
  markedDrawer    2   61[COMRAM] unsigned int 
  markedDrawer    2   59[COMRAM] unsigned int 
  operationTim    2   57[COMRAM] unsigned int 
  seconds         2   54[COMRAM] unsigned int 
  minutes         2   52[COMRAM] unsigned int 
  longPieces      2   50[COMRAM] unsigned int 
  flatPieces      2   48[COMRAM] unsigned int 
  roundPieces     2   46[COMRAM] unsigned int 
  day             2   44[COMRAM] unsigned int 
  month           2   42[COMRAM] unsigned int 
  year            2   40[COMRAM] unsigned int 
  keypress3       1   56[COMRAM] unsigned char 
 Return value:  Size  Location     Type
                  2   36[COMRAM] unsigned int 
 Registers used:
		wreg, fsr2l, fsr2h, status,2, status,0, tblptrl, tblptrh, tblptru, prodl, prodh, cstack
 Tracked objects:
		On entry : 
		On exit  : 
		Unchanged: 
 Data sizes:     COMRAM   BANK0   BANK1   BANK2   BANK3   BANK4   BANK5   BANK6   BANK7   BANK8   BANK9  BANK10  BANK11  BANK12  BANK13  BANK14  BANK15
      Params:         2       0       0       0       0       0       0       0       0       0       0       0       0       0       0       0       0
      Locals:        29       0       0       0       0       0       0       0       0       0       0       0       0       0       0       0       0
      Temps:          2       0       0       0       0       0       0       0       0       0       0       0       0       0       0       0       0
      Totals:        33       0       0       0       0       0       0       0       0       0       0       0       0       0       0       0       0
Total ram usage:       33 bytes
 Hardware stack levels used:    1
 Hardware stack levels required when called:    3
 This function calls:
		___lwdiv
		___lwmod
		___wmul
		_lcdInst
		_printf
		_readEEPROM
 This function is called by:
		_viewLogs
 This function uses a non-reentrant model


 *************** function _shiftEEPROM *****************
 Defined at:
		line 48 in file "EEPROMstorage.c"
 Parameters:    Size  Location     Type
		None
 Auto vars:     Size  Location     Type
  i               2    5[COMRAM] unsigned int 
  temp            2    3[COMRAM] unsigned int 
 Return value:  Size  Location     Type
                  1    wreg      void 
 Registers used:
		wreg, status,2, status,0, cstack
 Tracked objects:
		On entry : 
		On exit  : 
		Unchanged: 
 Data sizes:     COMRAM   BANK0   BANK1   BANK2   BANK3   BANK4   BANK5   BANK6   BANK7   BANK8   BANK9  BANK10  BANK11  BANK12  BANK13  BANK14  BANK15
      Params:         0       0       0       0       0       0       0       0       0       0       0       0       0       0       0       0       0
      Locals:         4       0       0       0       0       0       0       0       0       0       0       0       0       0       0       0       0
      Temps:          1       0       0       0       0       0       0       0       0       0       0       0       0       0       0       0       0
      Totals:         5       0       0       0       0       0       0       0       0       0       0       0       0       0       0       0       0
Total ram usage:        5 bytes
 Hardware stack levels used:    1
 Hardware stack levels required when called:    1
 This function calls:
		_readEEPROM
		_writeEEPROM
 This function is called by:
		_standbyMode
 This function uses a non-reentrant model


 *************** function _readEEPROM *****************
 Defined at:
		line 29 in file "EEPROMstorage.c"
 Parameters:    Size  Location     Type
  address         1    wreg     unsigned char 
 Auto vars:     Size  Location     Type
  address         1    0[COMRAM] unsigned char 
 Return value:  Size  Location     Type
                  1    wreg      unsigned char 
 Registers used:
		wreg, status,2
 Tracked objects:
		On entry : 
		On exit  : 
		Unchanged: 
 Data sizes:     COMRAM   BANK0   BANK1   BANK2   BANK3   BANK4   BANK5   BANK6   BANK7   BANK8   BANK9  BANK10  BANK11  BANK12  BANK13  BANK14  BANK15
      Params:         0       0       0       0       0       0       0       0       0       0       0       0       0       0       0       0       0
      Locals:         1       0       0       0       0       0       0       0       0       0       0       0       0       0       0       0       0
      Temps:          0       0       0       0       0       0       0       0       0       0       0       0       0       0       0       0       0
      Totals:         1       0       0       0       0       0       0       0       0       0       0       0       0       0       0       0       0
Total ram usage:        1 bytes
 Hardware stack levels used:    1
 This function calls:
		Nothing
 This function is called by:
		_viewLogs
		_displayLogs
		_standbyMode
		_shiftEEPROM
 This function uses a non-reentrant model


 *************** function _initEEPROM *****************
 Defined at:
		line 40 in file "EEPROMstorage.c"
 Parameters:    Size  Location     Type
		None
 Auto vars:     Size  Location     Type
  i               2    2[COMRAM] unsigned int 
 Return value:  Size  Location     Type
                  1    wreg      void 
 Registers used:
		wreg, status,2, status,0, cstack
 Tracked objects:
		On entry : 
		On exit  : 
		Unchanged: 
 Data sizes:     COMRAM   BANK0   BANK1   BANK2   BANK3   BANK4   BANK5   BANK6   BANK7   BANK8   BANK9  BANK10  BANK11  BANK12  BANK13  BANK14  BANK15
      Params:         0       0       0       0       0       0       0       0       0       0       0       0       0       0       0       0       0
      Locals:         2       0       0       0       0       0       0       0       0       0       0       0       0       0       0       0       0
      Temps:          0       0       0       0       0       0       0       0       0       0       0       0       0       0       0       0       0
      Totals:         2       0       0       0       0       0       0       0       0       0       0       0       0       0       0       0       0
Total ram usage:        2 bytes
 Hardware stack levels used:    1
 Hardware stack levels required when called:    1
 This function calls:
		_writeEEPROM
 This function is called by:
		_standbyMode
 This function uses a non-reentrant model


 *************** function _writeEEPROM *****************
 Defined at:
		line 10 in file "EEPROMstorage.c"
 Parameters:    Size  Location     Type
  address         1    wreg     unsigned char 
  data            1    0[COMRAM] unsigned char 
 Auto vars:     Size  Location     Type
  address         1    1[COMRAM] unsigned char 
 Return value:  Size  Location     Type
                  1    wreg      void 
 Registers used:
		wreg, status,2
 Tracked objects:
		On entry : 
		On exit  : 
		Unchanged: 
 Data sizes:     COMRAM   BANK0   BANK1   BANK2   BANK3   BANK4   BANK5   BANK6   BANK7   BANK8   BANK9  BANK10  BANK11  BANK12  BANK13  BANK14  BANK15
      Params:         1       0       0       0       0       0       0       0       0       0       0       0       0       0       0       0       0
      Locals:         1       0       0       0       0       0       0       0       0       0       0       0       0       0       0       0       0
      Temps:          0       0       0       0       0       0       0       0       0       0       0       0       0       0       0       0       0
      Totals:         2       0       0       0       0       0       0       0       0       0       0       0       0       0       0       0       0
Total ram usage:        2 bytes
 Hardware stack levels used:    1
 This function calls:
		Nothing
 This function is called by:
		_standbyMode
		_initEEPROM
		_shiftEEPROM
 This function uses a non-reentrant model


 *************** function _getRound *****************
 Defined at:
		line 312 in file "standbyMode.c"
 Parameters:    Size  Location     Type
  code            2    0[COMRAM] unsigned int 
 Auto vars:     Size  Location     Type
  returnValue     2    4[COMRAM] unsigned int 
 Return value:  Size  Location     Type
                  2    0[COMRAM] unsigned int 
 Registers used:
		wreg, status,2, status,0
 Tracked objects:
		On entry : 
		On exit  : 
		Unchanged: 
 Data sizes:     COMRAM   BANK0   BANK1   BANK2   BANK3   BANK4   BANK5   BANK6   BANK7   BANK8   BANK9  BANK10  BANK11  BANK12  BANK13  BANK14  BANK15
      Params:         2       0       0       0       0       0       0       0       0       0       0       0       0       0       0       0       0
      Locals:         2       0       0       0       0       0       0       0       0       0       0       0       0       0       0       0       0
      Temps:          2       0       0       0       0       0       0       0       0       0       0       0       0       0       0       0       0
      Totals:         6       0       0       0       0       0       0       0       0       0       0       0       0       0       0       0       0
Total ram usage:        6 bytes
 Hardware stack levels used:    1
 This function calls:
		Nothing
 This function is called by:
		_standbyMode
 This function uses a non-reentrant model


 *************** function _getLong *****************
 Defined at:
		line 625 in file "standbyMode.c"
 Parameters:    Size  Location     Type
  code            2    0[COMRAM] unsigned int 
 Auto vars:     Size  Location     Type
  returnValue     2    4[COMRAM] unsigned int 
 Return value:  Size  Location     Type
                  2    0[COMRAM] unsigned int 
 Registers used:
		wreg, status,2, status,0
 Tracked objects:
		On entry : 
		On exit  : 
		Unchanged: 
 Data sizes:     COMRAM   BANK0   BANK1   BANK2   BANK3   BANK4   BANK5   BANK6   BANK7   BANK8   BANK9  BANK10  BANK11  BANK12  BANK13  BANK14  BANK15
      Params:         2       0       0       0       0       0       0       0       0       0       0       0       0       0       0       0       0
      Locals:         2       0       0       0       0       0       0       0       0       0       0       0       0       0       0       0       0
      Temps:          2       0       0       0       0       0       0       0       0       0       0       0       0       0       0       0       0
      Totals:         6       0       0       0       0       0       0       0       0       0       0       0       0       0       0       0       0
Total ram usage:        6 bytes
 Hardware stack levels used:    1
 This function calls:
		Nothing
 This function is called by:
		_standbyMode
 This function uses a non-reentrant model


 *************** function _getFlat *****************
 Defined at:
		line 468 in file "standbyMode.c"
 Parameters:    Size  Location     Type
  code            2    0[COMRAM] unsigned int 
 Auto vars:     Size  Location     Type
  returnValue     2    4[COMRAM] unsigned int 
 Return value:  Size  Location     Type
                  2    0[COMRAM] unsigned int 
 Registers used:
		wreg, status,2, status,0
 Tracked objects:
		On entry : 
		On exit  : 
		Unchanged: 
 Data sizes:     COMRAM   BANK0   BANK1   BANK2   BANK3   BANK4   BANK5   BANK6   BANK7   BANK8   BANK9  BANK10  BANK11  BANK12  BANK13  BANK14  BANK15
      Params:         2       0       0       0       0       0       0       0       0       0       0       0       0       0       0       0       0
      Locals:         2       0       0       0       0       0       0       0       0       0       0       0       0       0       0       0       0
      Temps:          2       0       0       0       0       0       0       0       0       0       0       0       0       0       0       0       0
      Totals:         6       0       0       0       0       0       0       0       0       0       0       0       0       0       0       0       0
Total ram usage:        6 bytes
 Hardware stack levels used:    1
 This function calls:
		Nothing
 This function is called by:
		_standbyMode
 This function uses a non-reentrant model


 *************** function _food_press *****************
 Defined at:
		line 1114 in file "standbyMode.c"
 Parameters:    Size  Location     Type
  dietSum         2   36[COMRAM] unsigned int 
  drawer          2   38[COMRAM] unsigned int 
 Auto vars:     Size  Location     Type
  keypress        1   50[COMRAM] unsigned char 
  foodTable       8   51[COMRAM] unsigned int [4]
  count           2   48[COMRAM] unsigned int 
  isValid         2   46[COMRAM] unsigned int 
  backCheck       2   44[COMRAM] unsigned int 
  tally           2   42[COMRAM] unsigned int 
 Return value:  Size  Location     Type
                  2   36[COMRAM] unsigned int 
 Registers used:
		wreg, fsr1l, fsr1h, fsr2l, fsr2h, status,2, status,0, tblptrl, tblptrh, tblptru, prodl, prodh, cstack
 Tracked objects:
		On entry : 
		On exit  : 
		Unchanged: 
 Data sizes:     COMRAM   BANK0   BANK1   BANK2   BANK3   BANK4   BANK5   BANK6   BANK7   BANK8   BANK9  BANK10  BANK11  BANK12  BANK13  BANK14  BANK15
      Params:         4       0       0       0       0       0       0       0       0       0       0       0       0       0       0       0       0
      Locals:        17       0       0       0       0       0       0       0       0       0       0       0       0       0       0       0       0
      Temps:          2       0       0       0       0       0       0       0       0       0       0       0       0       0       0       0       0
      Totals:        23       0       0       0       0       0       0       0       0       0       0       0       0       0       0       0       0
Total ram usage:       23 bytes
 Hardware stack levels used:    1
 Hardware stack levels required when called:    3
 This function calls:
		_check_food
		_get_digits
		_lcdInst
		_printf
		_putch
 This function is called by:
		_standbyMode
 This function uses a non-reentrant model


 *************** function _get_digits *****************
 Defined at:
		line 1009 in file "standbyMode.c"
 Parameters:    Size  Location     Type
  sum             2    0[COMRAM] unsigned int 
 Auto vars:     Size  Location     Type
  count           2    4[COMRAM] unsigned int 
 Return value:  Size  Location     Type
                  2    0[COMRAM] unsigned int 
 Registers used:
		wreg, status,2, status,0
 Tracked objects:
		On entry : 
		On exit  : 
		Unchanged: 
 Data sizes:     COMRAM   BANK0   BANK1   BANK2   BANK3   BANK4   BANK5   BANK6   BANK7   BANK8   BANK9  BANK10  BANK11  BANK12  BANK13  BANK14  BANK15
      Params:         2       0       0       0       0       0       0       0       0       0       0       0       0       0       0       0       0
      Locals:         2       0       0       0       0       0       0       0       0       0       0       0       0       0       0       0       0
      Temps:          2       0       0       0       0       0       0       0       0       0       0       0       0       0       0       0       0
      Totals:         6       0       0       0       0       0       0       0       0       0       0       0       0       0       0       0       0
Total ram usage:        6 bytes
 Hardware stack levels used:    1
 This function calls:
		Nothing
 This function is called by:
		_food_press
 This function uses a non-reentrant model


 *************** function _check_food *****************
 Defined at:
		line 90 in file "standbyMode.c"
 Parameters:    Size  Location     Type
  sum             2    0[COMRAM] unsigned int 
  foodInput       2    2[COMRAM] PTR unsigned int 
		 -> food_press@foodTable(8), 
 Auto vars:     Size  Location     Type
  returnValue     2    6[COMRAM] unsigned int 
 Return value:  Size  Location     Type
                  2    0[COMRAM] unsigned int 
 Registers used:
		wreg, fsr2l, fsr2h, status,2, status,0
 Tracked objects:
		On entry : 
		On exit  : 
		Unchanged: 
 Data sizes:     COMRAM   BANK0   BANK1   BANK2   BANK3   BANK4   BANK5   BANK6   BANK7   BANK8   BANK9  BANK10  BANK11  BANK12  BANK13  BANK14  BANK15
      Params:         4       0       0       0       0       0       0       0       0       0       0       0       0       0       0       0       0
      Locals:         2       0       0       0       0       0       0       0       0       0       0       0       0       0       0       0       0
      Temps:          2       0       0       0       0       0       0       0       0       0       0       0       0       0       0       0       0
      Totals:         8       0       0       0       0       0       0       0       0       0       0       0       0       0       0       0       0
Total ram usage:        8 bytes
 Hardware stack levels used:    1
 This function calls:
		Nothing
 This function is called by:
		_food_press
 This function uses a non-reentrant model


 *************** function _diet_press *****************
 Defined at:
		line 1180 in file "standbyMode.c"
 Parameters:    Size  Location     Type
  drawer          2   36[COMRAM] unsigned int 
 Auto vars:     Size  Location     Type
  keypress        1   50[COMRAM] unsigned char 
  dietTable       8   51[COMRAM] unsigned int [4]
  sum             2   48[COMRAM] unsigned int 
  count           2   46[COMRAM] unsigned int 
  backCheck       2   44[COMRAM] unsigned int 
  i               2   42[COMRAM] unsigned int 
  previous        2   40[COMRAM] unsigned int 
 Return value:  Size  Location     Type
                  2   36[COMRAM] unsigned int 
 Registers used:
		wreg, fsr1l, fsr1h, fsr2l, fsr2h, status,2, status,0, tblptrl, tblptrh, tblptru, prodl, prodh, cstack
 Tracked objects:
		On entry : 
		On exit  : 
		Unchanged: 
 Data sizes:     COMRAM   BANK0   BANK1   BANK2   BANK3   BANK4   BANK5   BANK6   BANK7   BANK8   BANK9  BANK10  BANK11  BANK12  BANK13  BANK14  BANK15
      Params:         2       0       0       0       0       0       0       0       0       0       0       0       0       0       0       0       0
      Locals:        19       0       0       0       0       0       0       0       0       0       0       0       0       0       0       0       0
      Temps:          2       0       0       0       0       0       0       0       0       0       0       0       0       0       0       0       0
[...]
		_standbyMode
		_RTC_setTime
		_tick
		_tock
		_sendByteToArduino
 This function uses a non-reentrant model


 *************** function _I2C_Master_Start *****************
 Defined at:
		line 69 in file "I2C.c"
 Parameters:    Size  Location     Type
		None
 Auto vars:     Size  Location     Type
		None
 Return value:  Size  Location     Type
                  1    wreg      void 
 Registers used:
		wreg, status,2, status,0, cstack
 Tracked objects:
		On entry : 
		On exit  : 
		Unchanged: 
 Data sizes:     COMRAM   BANK0   BANK1   BANK2   BANK3   BANK4   BANK5   BANK6   BANK7   BANK8   BANK9  BANK10  BANK11  BANK12  BANK13  BANK14  BANK15
      Params:         0       0       0       0       0       0       0       0       0       0       0       0       0       0       0       0       0
      Locals:         0       0       0       0       0       0       0       0       0       0       0       0       0       0       0       0       0
      Temps:          0       0       0       0       0       0       0       0       0       0       0       0       0       0       0       0       0
      Totals:         0       0       0       0       0       0       0       0       0       0       0       0       0       0       0       0       0
Total ram usage:        0 bytes
 Hardware stack levels used:    1
 Hardware stack levels required when called:    1
 This function calls:
		_I2C_Master_Wait
 This function is called by:
		_standbyMode
		_RTC_setTime
		_tick
		_tock
		_sendByteToArduino
 This function uses a non-reentrant model


 *************** function _I2C_Master_Read *****************
 Defined at:
		line 120 in file "I2C.c"
 Parameters:    Size  Location     Type
  ackBit          1    wreg     unsigned char 
 Auto vars:     Size  Location     Type
  ackBit          1    1[COMRAM] unsigned char 
  receivedByte    1    2[COMRAM] unsigned char 
 Return value:  Size  Location     Type
                  1    wreg      unsigned char 
 Registers used:
		wreg, status,2, status,0, cstack
 Tracked objects:
		On entry : 
		On exit  : 
		Unchanged: 
 Data sizes:     COMRAM   BANK0   BANK1   BANK2   BANK3   BANK4   BANK5   BANK6   BANK7   BANK8   BANK9  BANK10  BANK11  BANK12  BANK13  BANK14  BANK15
      Params:         0       0       0       0       0       0       0       0       0       0       0       0       0       0       0       0       0
      Locals:         2       0       0       0       0       0       0       0       0       0       0       0       0       0       0       0       0
      Temps:          0       0       0       0       0       0       0       0       0       0       0       0       0       0       0       0       0
      Totals:         2       0       0       0       0       0       0       0       0       0       0       0       0       0       0       0       0
Total ram usage:        2 bytes
 Hardware stack levels used:    1
 Hardware stack levels required when called:    1
 This function calls:
		_I2C_Master_Wait
 This function is called by:
		_standbyMode
		_tick
		_tock
 This function uses a non-reentrant model


 *************** function _I2C_Master_Wait *****************
 Defined at:
		line 51 in file "I2C.c"
 Parameters:    Size  Location     Type
		None
 Auto vars:     Size  Location     Type
		None
 Return value:  Size  Location     Type
                  1    wreg      void 
 Registers used:
		wreg, status,2, status,0
 Tracked objects:
		On entry : 
		On exit  : 
		Unchanged: 
 Data sizes:     COMRAM   BANK0   BANK1   BANK2   BANK3   BANK4   BANK5   BANK6   BANK7   BANK8   BANK9  BANK10  BANK11  BANK12  BANK13  BANK14  BANK15
      Params:         0       0       0       0       0       0       0       0       0       0       0       0       0       0       0       0       0
      Locals:         0       0       0       0       0       0       0       0       0       0       0       0       0       0       0       0       0
      Temps:          1       0       0       0       0       0       0       0       0       0       0       0       0       0       0       0       0
      Totals:         1       0       0       0       0       0       0       0       0       0       0       0       0       0       0       0       0
Total ram usage:        1 bytes
 Hardware stack levels used:    1
 This function calls:
		Nothing
 This function is called by:
		_I2C_Master_Start
		_I2C_Master_Stop
		_I2C_Master_Write
		_I2C_Master_Read
		_I2C_Master_RepeatedStart
 This function uses a non-reentrant model


 *************** function _I2C_Master_Init *****************
 Defined at:
		line 14 in file "I2C.c"
 Parameters:    Size  Location     Type
  clockFreq       4   13[COMRAM] const unsigned long 
 Auto vars:     Size  Location     Type
		None
 Return value:  Size  Location     Type
                  1    wreg      void 
 Registers used:
		wreg, status,2, status,0, cstack
 Tracked objects:
		On entry : 
		On exit  : 
		Unchanged: 
 Data sizes:     COMRAM   BANK0   BANK1   BANK2   BANK3   BANK4   BANK5   BANK6   BANK7   BANK8   BANK9  BANK10  BANK11  BANK12  BANK13  BANK14  BANK15
      Params:         4       0       0       0       0       0       0       0       0       0       0       0       0       0       0       0       0
      Locals:         0       0       0       0       0       0       0       0       0       0       0       0       0       0       0       0       0
      Temps:          4       0       0       0       0       0       0       0       0       0       0       0       0       0       0       0       0
      Totals:         8       0       0       0       0       0       0       0       0       0       0       0       0       0       0       0       0
Total ram usage:        8 bytes
 Hardware stack levels used:    1
 Hardware stack levels required when called:    1
 This function calls:
		___lldiv
 This function is called by:
		_standbyMode
		_tick
		_tock
 This function uses a non-reentrant model


 *************** function ___lldiv *****************
 Defined at:
		line 8 in file "/Applications/microchip/xc8/v1.45/sources/common/lldiv.c"
 Parameters:    Size  Location     Type
  dividend        4    0[COMRAM] unsigned long 
  divisor         4    4[COMRAM] unsigned long 
 Auto vars:     Size  Location     Type
  quotient        4    8[COMRAM] unsigned long 
  counter         1   12[COMRAM] unsigned char 
 Return value:  Size  Location     Type
                  4    0[COMRAM] unsigned long 
 Registers used:
		wreg, status,2, status,0
 Tracked objects:
		On entry : 
		On exit  : 
		Unchanged: 
 Data sizes:     COMRAM   BANK0   BANK1   BANK2   BANK3   BANK4   BANK5   BANK6   BANK7   BANK8   BANK9  BANK10  BANK11  BANK12  BANK13  BANK14  BANK15
      Params:         8       0       0       0       0       0       0       0       0       0       0       0       0       0       0       0       0
      Locals:         5       0       0       0       0       0       0       0       0       0       0       0       0       0       0       0       0
      Temps:          0       0       0       0       0       0       0       0       0       0       0       0       0       0       0       0       0
      Totals:        13       0       0       0       0       0       0       0       0       0       0       0       0       0       0       0       0
Total ram usage:       13 bytes
 Hardware stack levels used:    1
 This function calls:
		Nothing
 This function is called by:
		_I2C_Master_Init
 This function uses a non-reentrant model


 *************** function _mainOperation *****************
 Defined at:
		line 111 in file "operationMode.c"
 Parameters:    Size  Location     Type
		None
 Auto vars:     Size  Location     Type
		None
 Return value:  Size  Location     Type
                  1    wreg      void 
 Registers used:
		wreg, fsr2l, fsr2h, status,2, status,0, cstack
 Tracked objects:
		On entry : 
		On exit  : 
		Unchanged: 
 Data sizes:     COMRAM   BANK0   BANK1   BANK2   BANK3   BANK4   BANK5   BANK6   BANK7   BANK8   BANK9  BANK10  BANK11  BANK12  BANK13  BANK14  BANK15
      Params:         0       0       0       0       0       0       0       0       0       0       0       0       0       0       0       0       0
      Locals:         0       0       0       0       0       0       0       0       0       0       0       0       0       0       0       0       0
      Temps:          0       0       0       0       0       0       0       0       0       0       0       0       0       0       0       0       0
      Totals:         0       0       0       0       0       0       0       0       0       0       0       0       0       0       0       0       0
Total ram usage:        0 bytes
 Hardware stack levels used:    1
 Hardware stack levels required when called:    2
 This function calls:
		_UART_Init
 This function is called by:
		_main
 This function uses a non-reentrant model


 *************** function _UART_Init *****************
 Defined at:
		line 197 in file "UART_PIC.c"
 Parameters:    Size  Location     Type
  baud            4   14[COMRAM] long 
 Auto vars:     Size  Location     Type
		None
 Return value:  Size  Location     Type
                  1    wreg      void 
 Registers used:
		wreg, fsr2l, fsr2h, status,2, status,0, cstack
 Tracked objects:
		On entry : 
		On exit  : 
		Unchanged: 
 Data sizes:     COMRAM   BANK0   BANK1   BANK2   BANK3   BANK4   BANK5   BANK6   BANK7   BANK8   BANK9  BANK10  BANK11  BANK12  BANK13  BANK14  BANK15
      Params:         4       0       0       0       0       0       0       0       0       0       0       0       0       0       0       0       0
      Locals:         0       0       0       0       0       0       0       0       0       0       0       0       0       0       0       0       0
      Temps:          4       0       0       0       0       0       0       0       0       0       0       0       0       0       0       0       0
      Totals:         8       0       0       0       0       0       0       0       0       0       0       0       0       0       0       0       0
Total ram usage:        8 bytes
 Hardware stack levels used:    1
 Hardware stack levels required when called:    1
 This function calls:
		___aldiv
 This function is called by:
		_mainOperation
 This function uses a non-reentrant model


 *************** function ___aldiv *****************
 Defined at:
		line 8 in file "/Applications/microchip/xc8/v1.45/sources/common/aldiv.c"
 Parameters:    Size  Location     Type
  dividend        4    0[COMRAM] long 
  divisor         4    4[COMRAM] long 
 Auto vars:     Size  Location     Type
  quotient        4   10[COMRAM] long 
  sign            1    9[COMRAM] unsigned char 
  counter         1    8[COMRAM] unsigned char 
 Return value:  Size  Location     Type
                  4    0[COMRAM] long 
 Registers used:
		wreg, status,2, status,0
 Tracked objects:
		On entry : 
		On exit  : 
		Unchanged: 
 Data sizes:     COMRAM   BANK0   BANK1   BANK2   BANK3   BANK4   BANK5   BANK6   BANK7   BANK8   BANK9  BANK10  BANK11  BANK12  BANK13  BANK14  BANK15
      Params:         8       0       0       0       0       0       0       0       0       0       0       0       0       0       0       0       0
      Locals:         6       0       0       0       0       0       0       0       0       0       0       0       0       0       0       0       0
      Temps:          0       0       0       0       0       0       0       0       0       0       0       0       0       0       0       0       0
      Totals:        14       0       0       0       0       0       0       0       0       0       0       0       0       0       0       0       0
Total ram usage:       14 bytes
 Hardware stack levels used:    1
 This function calls:
		Nothing
 This function is called by:
		_UART_Init
 This function uses a non-reentrant model


 *************** function _initLCD *****************
 Defined at:
		line 31 in file "standbyMode.c"
 Parameters:    Size  Location     Type
		None
 Auto vars:     Size  Location     Type
		None
 Return value:  Size  Location     Type
                  1    wreg      void 
 Registers used:
		wreg, status,2, status,0, cstack
 Tracked objects:
		On entry : 
		On exit  : 
		Unchanged: 
 Data sizes:     COMRAM   BANK0   BANK1   BANK2   BANK3   BANK4   BANK5   BANK6   BANK7   BANK8   BANK9  BANK10  BANK11  BANK12  BANK13  BANK14  BANK15
      Params:         0       0       0       0       0       0       0       0       0       0       0       0       0       0       0       0       0
      Locals:         0       0       0       0       0       0       0       0       0       0       0       0       0       0       0       0       0
      Temps:          1       0       0       0       0       0       0       0       0       0       0       0       0       0       0       0       0
      Totals:         1       0       0       0       0       0       0       0       0       0       0       0       0       0       0       0       0
Total ram usage:        1 bytes
 Hardware stack levels used:    1
 Hardware stack levels required when called:    2
 This function calls:
		_lcdInst
 This function is called by:
		_main
 This function uses a non-reentrant model


 *************** function _lcdInst *****************
 Defined at:
		line 17 in file "standbyMode.c"
 Parameters:    Size  Location     Type
  data            1    wreg     unsigned char 
 Auto vars:     Size  Location     Type
  data            1    2[COMRAM] unsigned char 
 Return value:  Size  Location     Type
                  1    wreg      void 
 Registers used:
		wreg, status,2, status,0, cstack
 Tracked objects:
		On entry : 
		On exit  : 
		Unchanged: 
 Data sizes:     COMRAM   BANK0   BANK1   BANK2   BANK3   BANK4   BANK5   BANK6   BANK7   BANK8   BANK9  BANK10  BANK11  BANK12  BANK13  BANK14  BANK15
      Params:         0       0       0       0       0       0       0       0       0       0       0       0       0       0       0       0       0
      Locals:         1       0       0       0       0       0       0       0       0       0       0       0       0       0       0       0       0
      Temps:          0       0       0       0       0       0       0       0       0       0       0       0       0       0       0       0       0
      Totals:         1       0       0       0       0       0       0       0       0       0       0       0       0       0       0       0       0
Total ram usage:        1 bytes
 Hardware stack levels used:    1
 Hardware stack levels required when called:    1
 This function calls:
		_lcdNibble
 This function is called by:
		_main
		_initLCD
		_viewLogs
		_displayLogs
		_food_press
		_diet_press
		_which_drawer
		_standbyMode
 This function uses a non-reentrant model


 *************** function _lcdNibble *****************
 Defined at:
		line 52 in file "standbyMode.c"
 Parameters:    Size  Location     Type
  data            1    wreg     unsigned char 
 Auto vars:     Size  Location     Type
  data            1    1[COMRAM] unsigned char 
  temp            1    0[COMRAM] unsigned char 
 Return value:  Size  Location     Type
                  1    wreg      void 
 Registers used:
		wreg, status,2, status,0
 Tracked objects:
		On entry : 
		On exit  : 
		Unchanged: 
 Data sizes:     COMRAM   BANK0   BANK1   BANK2   BANK3   BANK4   BANK5   BANK6   BANK7   BANK8   BANK9  BANK10  BANK11  BANK12  BANK13  BANK14  BANK15
      Params:         0       0       0       0       0       0       0       0       0       0       0       0       0       0       0       0       0
      Locals:         2       0       0       0       0       0       0       0       0       0       0       0       0       0       0       0       0
      Temps:          0       0       0       0       0       0       0       0       0       0       0       0       0       0       0       0       0
      Totals:         2       0       0       0       0       0       0       0       0       0       0       0       0       0       0       0       0
Total ram usage:        2 bytes
 Hardware stack levels used:    1
 This function calls:
		Nothing
 This function is called by:
		_lcdInst
		_putch
 This function uses a non-reentrant model



MODULE INFORMATION

Module		Function		Class		Link	Load	Size
/Applications/microchip/xc8/v1.45/sources/common/lwmod.c
		___lwmod       		CODE           	C8CC	0000	67

/Applications/microchip/xc8/v1.45/sources/common/lwmod.c estimated size: 67

UART_PIC.c
		_UART_Init     		CODE           	CB98	0000	131

UART_PIC.c estimated size: 131

/Applications/microchip/xc8/v1.45/sources/common/doprnt.c
		_printf        		CODE           	D98A	0000	781

/Applications/microchip/xc8/v1.45/sources/common/doprnt.c estimated size: 781

I2C.c
		_I2C_Master_Read		CODE           	C832	0000	37
		_I2C_Master_Wait		CODE           	C7B0	0000	19
		_I2C_Master_Init		CODE           	CA40	0000	93
		_I2C_Master_Stop		CODE           	C79E	0000	9
		_I2C_Master_Write		CODE           	C7A6	0000	11
		_I2C_Master_Start		CODE           	C796	0000	9

I2C.c estimated size: 178

EEPROMstorage.c
		_shiftEEPROM   		CODE           	CC9C	0000	175
		_initEEPROM    		CODE           	C87C	0000	39
		_readEEPROM    		CODE           	C7EA	0000	21
		_writeEEPROM   		CODE           	C8A2	0000	43

EEPROMstorage.c estimated size: 278

/Applications/microchip/xc8/v1.45/sources/common/lwdiv.c
		___lwdiv       		CODE           	C99C	0000	83

/Applications/microchip/xc8/v1.45/sources/common/lwdiv.c estimated size: 83

/Applications/microchip/xc8/v1.45/sources/common/lldiv.c
		___lldiv       		CODE           	CC1A	0000	131

/Applications/microchip/xc8/v1.45/sources/common/lldiv.c estimated size: 131

standbyMode.c
		_diet_press    		CODE           	E0DC	0000	1319
		_which_drawer  		CODE           	D4A0	0000	517
		_getFlat       		CODE           	CFB6	0000	241
		_putch         		CODE           	C7D6	0000	21
		_displayLogs   		CODE           	DC96	0000	1095
		_lcdInst       		CODE           	C7C2	0000	21
		_food_press    		CODE           	D2AC	0000	501
		_viewLogs      		CODE           	D6A4	0000	743
		_getRound      		CODE           	D0A6	0000	241
		_check_food    		CODE           	E602	0000	2749
		_verifyKeypress		CODE           	C9EE	0000	83
		_decode_drawer 		CODE           	CED4	0000	227
		_lcdNibble     		CODE           	CA9C	0000	127
		_standbyMode   		CODE           	F0BE	0000	3173
		_getLong       		CODE           	D196	0000	279
		_get_digits    		CODE           	CD4A	0000	191
		_initLCD       		CODE           	C950	0000	77

standbyMode.c estimated size: 11605

/Applications/microchip/xc8/v1.45/sources/common/aldiv.c
		___aldiv       		CODE           	CE08	0000	205

/Applications/microchip/xc8/v1.45/sources/common/aldiv.c estimated size: 205

/Applications/microchip/xc8/v1.45/sources/common/Umul16.c
		___wmul        		CODE           	C856	0000	39

/Applications/microchip/xc8/v1.45/sources/common/Umul16.c estimated size: 39

/Applications/microchip/xc8/v1.45/sources/common/isdigit.c
		_isdigit       		CODE           	C814	0000	31

/Applications/microchip/xc8/v1.45/sources/common/isdigit.c estimated size: 31

shared
		_dpowers       		MEDIUMCONST    	FD45	0000	11
		_LCD_LEFT      		MEDIUMCONST    	FD5E	0000	2
		_input         		MEDIUMCONST    	FD34	0000	18
		_keys          		MEDIUMCONST    	FD23	0000	18
		_LCD_RIGHT     		MEDIUMCONST    	FD5F	0000	2
		__initialization		CODE           	C90E	0000	57
		_LCD_VERT_LIMIT		MEDIUMCONST    	FD62	0000	2
		_LCD_HORZ_LIMIT		MEDIUMCONST    	FD63	0000	2
		_hexpowers     		MEDIUMCONST    	FD4F	0000	9
		_LCD_SIZE_VERT 		MEDIUMCONST    	FD60	0000	2
		_LCD_SIZE_HORZ 		MEDIUMCONST    	FD61	0000	2
		_happynewyear  		MEDIUMCONST    	FD57	0000	8

shared estimated size: 133

main.c
		_main          		CODE           	CB1A	0000	127

main.c estimated size: 127

operationMode.c
		_mainOperation 		CODE           	C7FE	0000	23

operationMode.c estimated size: 23

