Microchip MPLAB XC8 Compiler V1.45 ()

Linker command line:

-W-3 --edf=/Applications/microchip/xc8/v1.45/dat/en_msgs.txt -cs \
  -h+dist/default/production/Main_Robot.production.sym \
  --cmf=dist/default/production/Main_Robot.production.cmf -z -Q18F4620 \
  -o/tmp/xcGN3Klvk -Mdist/default/production/Main_Robot.production.map -E1 \
  -ver=XC8 -ASTACK=090h-0f7fh -pstack=STACK -ACODE=00h-0FFFFh \
  -ACONST=00h-0FFFFh -ASMALLCONST=01000h-010FFhx240 \
  -AMEDIUMCONST=01000h-0FFFFh -ACOMRAM=01h-07Fh -AABS1=00h-0F7Fh \
  -ABIGRAM=01h-0F7Fh -ARAM=080h-0FFh,0100h-01FFhx14,0F00h-0F7Fh \
  -ABANK0=080h-0FFh -ABANK1=0100h-01FFh -ABANK2=0200h-02FFh \
  -ABANK3=0300h-03FFh -ABANK4=0400h-04FFh -ABANK5=0500h-05FFh \
  -ABANK6=0600h-06FFh -ABANK7=0700h-07FFh -ABANK8=0800h-08FFh \
  -ABANK9=0900h-09FFh -ABANK10=0A00h-0AFFh -ABANK11=0B00h-0BFFh \
  -ABANK12=0C00h-0CFFh -ABANK13=0D00h-0DFFh -ABANK14=0E00h-0EFFh \
  -ABANK15=0F00h-0F7Fh -ASFR=0F80h-0FFFh \
  -preset_vec=00h,intcode,intcodelo,powerup,init -pramtop=01000h \
  -psmallconst=SMALLCONST -pmediumconst=MEDIUMCONST -pconst=CONST \
  -AFARRAM=00h-00h -ACONFIG=0300000h-030000Dh -pconfig=CONFIG \
  -AIDLOC=0200000h-0200007h -pidloc=IDLOC -AEEDATA=0F00000h-0F003FFh \
  -peeprom_data=EEDATA \
  -prdata=COMRAM,nvrram=COMRAM,nvbit=COMRAM,rbss=COMRAM,rbit=COMRAM \
  -pfarbss=FARRAM,fardata=FARRAM,nvFARRAM=FARRAM \
  -pintsave_regs=BIGRAM,bigbss=BIGRAM,bigdata=BIGRAM -pbss=RAM \
  -pidata=CODE,irdata=CODE,ibigdata=CODE,ifardata=CODE -prparam=COMRAM \
  /tmp/xcCZVZrxC.obj dist/default/production/Main_Robot.production.obj 

Object code version is 3.11

Machine type is 18F4620

Call graph: (short form)




                Name                               Link     Load   Length Selector   Space Scale
/tmp/xcCZVZrxC.obj
                init                                  0        0        4        0       0
                idloc                            200000   200000        8   200000       0
                config                           300000   300000        E   300000       0
dist/default/production/Main_Robot.production.obj
                mediumconst                        FD24     FD24      2DC     7E92       0
                text28                             D58E     D58E       7E     6AC7       0
                text27                             D2D8     D2D8       14     696C       0
                text26                             D442     D442       4C     6A21       0
                text25                             D60C     D60C       82     6B06       0
                text24                             D532     D532       5C     6A99       0
                text23                             D2C6     D2C6       12     6963       0
                text22                             D354     D354       24     69AA       0
                text21                             D2AC     D2AC        8     6956       0
                text20                             D2B4     D2B4        8     695A       0
                text19                             D2BC     D2BC        A     695E       0
                text18                             D48E     D48E       52     6A47       0
                text17                             D400     D400       42     6A00       0
                text16                             D378     D378       26     69BC       0
                text15                             D314     D314       1E     698A       0
                text14                             D2EC     D2EC       14     6976       0
                text13                             DEF4     DEF4      30C     6F7A       0
                text12                             E5EE     E5EE      526     72F7       0
                text11                             EB14     EB14      832     758A       0
                text10                             D68E     D68E       BE     6B47       0
                text9                              D82E     D82E      1F4     6C17       0
                text8                              D300     D300       14     6980       0
                text7                              E200     E200      3EE     7100       0
                text6                              D4E0     D4E0       52     6A70       0
                text5                              DC26     DC26      2CE     6E13       0
                text4                              D74C     D74C       E2     6BA6       0
                text3                              DA22     DA22      204     6D11       0
                text2                              D39E     D39E       2A     69CF       0
                text1                              F346     F346      9DE     79A3       0
                text0                              D3C8     D3C8       38     69E4       0
                cstackCOMRAM                          1        1       6B        1       1
                bssBANK0                             80       80       10       80       1
                bssCOMRAM                            6C       6C       12        1       1
                cinit                              D332     D332       22     6999       0

TOTAL           Name                               Link     Load   Length     Space
        CLASS   STACK          

        CLASS   CODE           
                init                                  0        0        4         0
                text28                             D58E     D58E       7E         0
                text27                             D2D8     D2D8       14         0
                text26                             D442     D442       4C         0
                text25                             D60C     D60C       82         0
                text24                             D532     D532       5C         0
                text23                             D2C6     D2C6       12         0
                text22                             D354     D354       24         0
                text21                             D2AC     D2AC        8         0
                text20                             D2B4     D2B4        8         0
                text19                             D2BC     D2BC        A         0
                text18                             D48E     D48E       52         0
                text17                             D400     D400       42         0
                text16                             D378     D378       26         0
                text15                             D314     D314       1E         0
                text14                             D2EC     D2EC       14         0
                text13                             DEF4     DEF4      30C         0
                text12                             E5EE     E5EE      526         0
                text11                             EB14     EB14      832         0
                text10                             D68E     D68E       BE         0
                text9                              D82E     D82E      1F4         0
                text8                              D300     D300       14         0
                text7                              E200     E200      3EE         0
                text6                              D4E0     D4E0       52         0
                text5                              DC26     DC26      2CE         0
                text4                              D74C     D74C       E2         0
                text3                              DA22     DA22      204         0
                text2                              D39E     D39E       2A         0
                text1                              F346     F346      9DE         0
                text0                              D3C8     D3C8       38         0
                cinit                              D332     D332       22         0

        CLASS   CONST          

        CLASS   SMALLCONST     

        CLASS   MEDIUMCONST    
                mediumconst                        FD24     FD24      2DC         0

        CLASS   COMRAM         
                cstackCOMRAM                          1        1       6B         1
                bssCOMRAM                            6C       6C       12         1

        CLASS   ABS1           

        CLASS   BIGRAM         

        CLASS   RAM            

        CLASS   BANK0          
                bssBANK0                             80       80       10         1

        CLASS   BANK1          

        CLASS   BANK2          

        CLASS   BANK3          

        CLASS   BANK4          

        CLASS   BANK5          

        CLASS   BANK6          

        CLASS   BANK7          

        CLASS   BANK8          

        CLASS   BANK9          

        CLASS   BANK10         

        CLASS   BANK11         

        CLASS   BANK12         

        CLASS   BANK13         

        CLASS   BANK14         

        CLASS   BANK15         

        CLASS   SFR            

        CLASS   FARRAM         

        CLASS   CONFIG         
                config                           300000   300000        E         0

        CLASS   IDLOC          
                idloc                            200000   200000        8         0

        CLASS   EEDATA         



SEGMENTS        Name                           Load    Length   Top    Selector   Space  Class

                reset_vec                      000000  000004  000004         0       0  CODE    
                cstackCOMRAM                   000001  00007D  00007E         1       1  COMRAM  
                bssBANK0                       000080  000010  000090        80       1  BANK0   
                text21                         00D2AC  000008  00D2B4      6956       0  CODE    
                text20                         00D2B4  000008  00D2BC      695A       0  CODE    
                text19                         00D2BC  00000A  00D2C6      695E       0  CODE    
                text23                         00D2C6  000012  00D2D8      6963       0  CODE    
                text27                         00D2D8  000014  00D2EC      696C       0  CODE    
                text14                         00D2EC  000014  00D300      6976       0  CODE    
                text8                          00D300  000014  00D314      6980       0  CODE    
                text15                         00D314  00001E  00D332      698A       0  CODE    
                cinit                          00D332  000022  00D354      6999       0  CODE    
                text22                         00D354  000024  00D378      69AA       0  CODE    
                text16                         00D378  000026  00D39E      69BC       0  CODE    
                text2                          00D39E  00002A  00D3C8      69CF       0  CODE    
                text0                          00D3C8  000038  00D400      69E4       0  CODE    
                text17                         00D400  000042  00D442      6A00       0  CODE    
                text26                         00D442  00004C  00D48E      6A21       0  CODE    
                text18                         00D48E  000052  00D4E0      6A47       0  CODE    
                text6                          00D4E0  000052  00D532      6A70       0  CODE    
                text24                         00D532  00005C  00D58E      6A99       0  CODE    
                text28                         00D58E  00007E  00D60C      6AC7       0  CODE    
                text25                         00D60C  000082  00D68E      6B06       0  CODE    
                text10                         00D68E  0000BE  00D74C      6B47       0  CODE    
                text4                          00D74C  0000E2  00D82E      6BA6       0  CODE    
                text9                          00D82E  0001F4  00DA22      6C17       0  CODE    
                text3                          00DA22  000204  00DC26      6D11       0  CODE    
                text5                          00DC26  0002CE  00DEF4      6E13       0  CODE    
                text13                         00DEF4  00030C  00E200      6F7A       0  CODE    
                text7                          00E200  0003EE  00E5EE      7100       0  CODE    
                text12                         00E5EE  000526  00EB14      72F7       0  CODE    
                text11                         00EB14  000832  00F346      758A       0  CODE    
                text1                          00F346  0009DE  00FD24      79A3       0  CODE    
                mediumconst                    00FD24  0002DC  010000      7E92       0  MEDIUMCO
                idloc                          200000  000008  200008    200000       0  IDLOC   
                config                         300000  00000E  30000E    300000       0  CONFIG  


UNUSED ADDRESS RANGES

        Name                Unused          Largest block    Delta
        BANK0            000090-0000FF               70
        BANK1            000100-0001FF              100
        BANK10           000A00-000AFF              100
        BANK11           000B00-000BFF              100
        BANK12           000C00-000CFF              100
        BANK13           000D00-000DFF              100
        BANK14           000E00-000EFF              100
        BANK15           000F00-000F7F               80
        BANK2            000200-0002FF              100
        BANK3            000300-0003FF              100
        BANK4            000400-0004FF              100
        BANK5            000500-0005FF              100
        BANK6            000600-0006FF              100
        BANK7            000700-0007FF              100
        BANK8            000800-0008FF              100
        BANK9            000900-0009FF              100
        BIGRAM           00007E-00007F                2
                         000090-000F7F              EF0
        CODE             000004-00D2AB             D2A8
        COMRAM           00007E-00007F                2
        CONST            000004-00D2AB             D2A8
        EEDATA           F00000-F003FF              400
        MEDIUMCONST      001000-00D2AB             C2AC
        RAM              000090-000F7F              100
        SFR              000F80-000FFF               80
        SMALLCONST       001000-00D2AB              100
        STACK            000090-000F7F              EF0

                                  Symbol Table

?___lldiv                     cstackCOMRAM 000001
?___lwdiv                     cstackCOMRAM 000001
?___lwmod                     cstackCOMRAM 000008
?___wmul                      cstackCOMRAM 000001
?_check_food                  cstackCOMRAM 000001
?_decode_drawer               cstackCOMRAM 000001
?_diet_press                  cstackCOMRAM 000025
?_displayLogs                 cstackCOMRAM 000025
?_food_press                  cstackCOMRAM 000025
?_get_digits                  cstackCOMRAM 000001
?_printf                      cstackCOMRAM 00000D
?_verifyKeypress              cstackCOMRAM 000001
?_viewLogs                    cstackCOMRAM 000040
?_which_drawer                cstackCOMRAM 000025
I2C_Master_Init@clockFreq     cstackCOMRAM 00000E
I2C_Master_Read@ackBit        cstackCOMRAM 000002
I2C_Master_Read@receivedByte  cstackCOMRAM 000003
I2C_Master_Write@byteToWrite  cstackCOMRAM 000002
_ADCON0                       (abs)        000FC2
_ADCON1                       (abs)        000FC1
_EEADR                        (abs)        000FA9
_EECON1bits                   (abs)        000FA6
_EECON2                       (abs)        000FA7
_EEDATA                       (abs)        000FA8
_I2C_Master_Init              text24       00D532
_I2C_Master_Read              text22       00D354
_I2C_Master_Start             text21       00D2AC
_I2C_Master_Stop              text20       00D2B4
_I2C_Master_Wait              text23       00D2C6
_I2C_Master_Write             text19       00D2BC
_INTCONbits                   (abs)        000FF2
_LATA                         (abs)        000F89
_LATB                         (abs)        000F8A
_LATC                         (abs)        000F8B
_LATD                         (abs)        000F8C
_LATDbits                     (abs)        000F8C
_LATE                         (abs)        000F8D
_LCD_HORZ_LIMIT               mediumconst  00FD65
_LCD_LEFT                     mediumconst  00FD60
_LCD_RIGHT                    mediumconst  00FD61
_LCD_SIZE_HORZ                mediumconst  00FD63
_LCD_SIZE_VERT                mediumconst  00FD62
_LCD_VERT_LIMIT               mediumconst  00FD64
_PORTB                        (abs)        000F81
_PORTBbits                    (abs)        000F81
_SSPADD                       (abs)        000FC8
_SSPBUF                       (abs)        000FC9
_SSPCON1                      (abs)        000FC6
_SSPCON1bits                  (abs)        000FC6
_SSPCON2                      (abs)        000FC5
_SSPCON2bits                  (abs)        000FC5
_SSPSTAT                      (abs)        000FC7
_TRISA                        (abs)        000F92
_TRISB                        (abs)        000F93
_TRISC                        (abs)        000F94
_TRISCbits                    (abs)        000F94
_TRISD                        (abs)        000F95
_TRISE                        (abs)        000F96
__CFG_BOREN$SBORDIS           (abs)        000000
__CFG_BORV$3                  (abs)        000000
__CFG_CCP2MX$PORTC            (abs)        000000
__CFG_CP0$OFF                 (abs)        000000
__CFG_CP1$OFF                 (abs)        000000
__CFG_CP2$OFF                 (abs)        000000
__CFG_CP3$OFF                 (abs)        000000
__CFG_CPB$OFF                 (abs)        000000
__CFG_CPD$ON                  (abs)        000000
__CFG_EBTR0$OFF               (abs)        000000
__CFG_EBTR1$OFF               (abs)        000000
__CFG_EBTR2$OFF               (abs)        000000
__CFG_EBTR3$OFF               (abs)        000000
__CFG_EBTRB$OFF               (abs)        000000
__CFG_FCMEN$OFF               (abs)        000000
__CFG_IESO$OFF                (abs)        000000
__CFG_LPT1OSC$OFF             (abs)        000000
__CFG_LVP$OFF                 (abs)        000000
__CFG_MCLRE$ON                (abs)        000000
__CFG_OSC$HSPLL               (abs)        000000
__CFG_PBADEN$ON               (abs)        000000
__CFG_PWRT$OFF                (abs)        000000
__CFG_STVREN$ON               (abs)        000000
__CFG_WDT$OFF                 (abs)        000000
__CFG_WDTPS$32768             (abs)        000000
__CFG_WRT0$OFF                (abs)        000000
__CFG_WRT1$OFF                (abs)        000000
__CFG_WRT2$OFF                (abs)        000000
__CFG_WRT3$OFF                (abs)        000000
__CFG_WRTB$OFF                (abs)        000000
__CFG_WRTC$OFF                (abs)        000000
__CFG_WRTD$OFF                (abs)        000000
__CFG_XINST$OFF               (abs)        000000
__HRAM                        (abs)        000000
__Habs1                       abs1         000000
__Hbank0                      bank0        000000
__Hbank1                      bank1        000000
__Hbank10                     bank10       000000
__Hbank11                     bank11       000000
__Hbank12                     bank12       000000
__Hbank13                     bank13       000000
__Hbank14                     bank14       000000
__Hbank15                     bank15       000000
__Hbank2                      bank2        000000
__Hbank3                      bank3        000000
__Hbank4                      bank4        000000
__Hbank5                      bank5        000000
__Hbank6                      bank6        000000
__Hbank7                      bank7        000000
__Hbank8                      bank8        000000
__Hbank9                      bank9        000000
__Hbigbss                     bigbss       000000
__Hbigdata                    bigdata      000000
__Hbigram                     bigram       000000
__Hbss                        bss          000000
__HbssBANK0                   bssBANK0     000000
__HbssCOMRAM                  bssCOMRAM    000000
__Hcinit                      cinit        000000
__Hclrtext                    clrtext      000000
__Hcomram                     comram       000000
__Hconfig                     config       30000E
__Hconst                      const        000000
__HcstackCOMRAM               cstackCOMRAM 000000
__Hdata                       data         000000
__Heeprom_data                eeprom_data  000000
__Hfarbss                     farbss       000000
__Hfardata                    fardata      000000
__Hibigdata                   ibigdata     000000
__Hidata                      idata        000000
__Hidloc                      idloc        200008
__Hifardata                   ifardata     000000
__Hinit                       init         000004
__Hintcode                    intcode      000000
__Hintcode_body               intcode_body 000000
__Hintcodelo                  intcodelo    000000
__Hintentry                   intentry     000000
__Hintret                     intret       000000
__Hintsave_regs               intsave_regs 000000
__Hirdata                     irdata       000000
__Hmediumconst                mediumconst  010000
__HnvFARRAM                   nvFARRAM     000000
__Hnvbit                      nvbit        000000
__Hnvrram                     nvrram       000000
__Hparam                      rparam       000000
__Hpowerup                    powerup      000000
__Hram                        ram          000000
__Hramtop                     ramtop       001000
__Hrbit                       rbit         000000
__Hrbss                       rbss         000000
__Hrdata                      rdata        000000
__Hreset_vec                  reset_vec    000000
__Hrparam                     rparam       000000
__Hsfr                        sfr          000000
__Hsmallconst                 smallconst   000000
__Hspace_0                    (abs)        30000E
__Hspace_1                    (abs)        000090
__Hspace_2                    (abs)        000000
__Hstack                      stack        000000
__Hstruct                     struct       000000
__Htemp                       temp         000000
__Htext                       text         000000
__Htext0                      text0        000000
__Htext1                      text1        000000
__Htext10                     text10       000000
__Htext11                     text11       000000
__Htext12                     text12       000000
__Htext13                     text13       000000
__Htext14                     text14       000000
__Htext15                     text15       000000
__Htext16                     text16       000000
__Htext17                     text17       000000
__Htext18                     text18       000000
__Htext19                     text19       000000
__Htext2                      text2        000000
__Htext20                     text20       000000
__Htext21                     text21       000000
__Htext22                     text22       000000
__Htext23                     text23       000000
__Htext24                     text24       000000
__Htext25                     text25       000000
__Htext26                     text26       000000
__Htext27                     text27       000000
__Htext28                     text28       000000
__Htext3                      text3        000000
__Htext4                      text4        000000
__Htext5                      text5        000000
__Htext6                      text6        000000
__Htext7                      text7        000000
__Htext8                      text8        000000
__Htext9                      text9        000000
__LRAM                        (abs)        000001
__Labs1                       abs1         000000
__Lbank0                      bank0        000000
__Lbank1                      bank1        000000
__Lbank10                     bank10       000000
__Lbank11                     bank11       000000
__Lbank12                     bank12       000000
__Lbank13                     bank13       000000
__Lbank14                     bank14       000000
__Lbank15                     bank15       000000
__Lbank2                      bank2        000000
__Lbank3                      bank3        000000
__Lbank4                      bank4        000000
__Lbank5                      bank5        000000
__Lbank6                      bank6        000000
__Lbank7                      bank7        000000
__Lbank8                      bank8        000000
__Lbank9                      bank9        000000
__Lbigbss                     bigbss       000000
__Lbigdata                    bigdata      000000
__Lbigram                     bigram       000000
__Lbss                        bss          000000
__LbssBANK0                   bssBANK0     000000
__LbssCOMRAM                  bssCOMRAM    000000
__Lcinit                      cinit        000000
__Lclrtext                    clrtext      000000
__Lcomram                     comram       000000
__Lconfig                     config       300000
__Lconst                      const        000000
__LcstackCOMRAM               cstackCOMRAM 000000
__Ldata                       data         000000
__Leeprom_data                eeprom_data  000000
__Lfarbss                     farbss       000000
__Lfardata                    fardata      000000
__Libigdata                   ibigdata     000000
__Lidata                      idata        000000
__Lidloc                      idloc        200000
__Lifardata                   ifardata     000000
__Linit                       init         000000
__Lintcode                    intcode      000000
__Lintcode_body               intcode_body 000000
__Lintcodelo                  intcodelo    000000
__Lintentry                   intentry     000000
__Lintret                     intret       000000
__Lintsave_regs               intsave_regs 000000
__Lirdata                     irdata       000000
__Lmediumconst                mediumconst  00FD24
__LnvFARRAM                   nvFARRAM     000000
__Lnvbit                      nvbit        000000
__Lnvrram                     nvrram       000000
__Lparam                      rparam       000000
__Lpowerup                    powerup      000000
__Lram                        ram          000000
__Lramtop                     ramtop       001000
__Lrbit                       rbit         000000
__Lrbss                       rbss         000000
__Lrdata                      rdata        000000
__Lreset_vec                  reset_vec    000000
__Lrparam                     rparam       000000
__Lsfr                        sfr          000000
__Lsmallconst                 smallconst   000000
__Lspace_0                    (abs)        000000
__Lspace_1                    (abs)        000000
__Lspace_2                    (abs)        000000
__Lstack                      stack        000000
__Lstruct                     struct       000000
__Ltemp                       temp         000000
__Ltext                       text         000000
__Ltext0                      text0        000000
__Ltext1                      text1        000000
__Ltext10                     text10       000000
__Ltext11                     text11       000000
__Ltext12                     text12       000000
__Ltext13                     text13       000000
__Ltext14                     text14       000000
__Ltext15                     text15       000000
__Ltext16                     text16       000000
__Ltext17                     text17       000000
__Ltext18                     text18       000000
__Ltext19                     text19       000000
__Ltext2                      text2        000000
__Ltext20                     text20       000000
__Ltext21                     text21       000000
__Ltext22                     text22       000000
__Ltext23                     text23       000000
__Ltext24                     text24       000000
__Ltext25                     text25       000000
__Ltext26                     text26       000000
__Ltext27                     text27       000000
__Ltext28                     text28       000000
__Ltext3                      text3        000000
__Ltext4                      text4        000000
__Ltext5                      text5        000000
__Ltext6                      text6        000000
__Ltext7                      text7        000000
__Ltext8                      text8        000000
__Ltext9                      text9        000000
__S0                          (abs)        30000E
__S1                          (abs)        000090
__S2                          (abs)        000000
___inthi_sp                   stack        000000
___intlo_sp                   stack        000000
___lldiv                      text25       00D60C
___lldiv@counter              cstackCOMRAM 00000D
___lldiv@dividend             cstackCOMRAM 000001
___lldiv@divisor              cstackCOMRAM 000005
___lldiv@quotient             cstackCOMRAM 000009
___lwdiv                      text18       00D48E
___lwdiv@counter              cstackCOMRAM 000007
___lwdiv@dividend             cstackCOMRAM 000001
___lwdiv@divisor              cstackCOMRAM 000003
___lwdiv@quotient             cstackCOMRAM 000005
___lwmod                      text17       00D400
___lwmod@counter              cstackCOMRAM 00000C
___lwmod@dividend             cstackCOMRAM 000008
___lwmod@divisor              cstackCOMRAM 00000A
___param_bank                 (abs)        000000
___rparam_used                (abs)        000001
___sp                         stack        000000
___wmul                       text16       00D378
___wmul@multiplicand          cstackCOMRAM 000003
___wmul@multiplier            cstackCOMRAM 000001
___wmul@product               cstackCOMRAM 000005
__accesstop                   (abs)        000080
__activetblptr                (abs)        000002
__end_of_I2C_Master_Init      text24       00D58E
__end_of_I2C_Master_Read      text22       00D378
__end_of_I2C_Master_Start     text21       00D2B4
__end_of_I2C_Master_Stop      text20       00D2BC
__end_of_I2C_Master_Wait      text23       00D2D8
__end_of_I2C_Master_Write     text19       00D2C6
__end_of_LCD_HORZ_LIMIT       mediumconst  00FD66
__end_of_LCD_LEFT             mediumconst  00FD61
__end_of_LCD_RIGHT            mediumconst  00FD62
__end_of_LCD_SIZE_HORZ        mediumconst  00FD64
__end_of_LCD_SIZE_VERT        mediumconst  00FD63
__end_of_LCD_VERT_LIMIT       mediumconst  00FD65
__end_of___lldiv              text25       00D68E
__end_of___lwdiv              text18       00D4E0
__end_of___lwmod              text17       00D442
__end_of___wmul               text16       00D39E
__end_of__initialization      cinit        00D34A
__end_of_check_food           text11       00F346
__end_of_decode_drawer        text4        00D82E
__end_of_diet_press           text12       00EB14
__end_of_displayLogs          text7        00E5EE
__end_of_dpowers              mediumconst  00FD51
__end_of_food_press           text9        00DA22
__end_of_get_digits           text10       00D74C
__end_of_happynewyear         mediumconst  00FD60
__end_of_hexpowers            mediumconst  00FD59
__end_of_initLCD              text26       00D48E
__end_of_input                mediumconst  00FD47
__end_of_isdigit              text15       00D332
__end_of_keys                 mediumconst  00FD36
__end_of_lcdInst              text27       00D2EC
__end_of_lcdNibble            text28       00D60C
__end_of_main                 text0        00D400
__end_of_printf               text13       00E200
__end_of_putch                text14       00D300
__end_of_readEEPROM           text8        00D314
__end_of_standbyMode          text1        00FD24
__end_of_verifyKeypress       text6        00D532
__end_of_viewLogs             text5        00DEF4
__end_of_which_drawer         text3        00DC26
__end_of_writeEEPROM          text2        00D3C8
__initialization              cinit        00D332
__mediumconst                 mediumconst  00FD24
__pbssBANK0                   bssBANK0     000080
__pbssCOMRAM                  bssCOMRAM    00006C
__pcinit                      cinit        00D332
__pcstackCOMRAM               cstackCOMRAM 000001
__pmediumconst                mediumconst  00FD24
__ptext0                      text0        00D3C8
__ptext1                      text1        00F346
__ptext10                     text10       00D68E
__ptext11                     text11       00EB14
__ptext12                     text12       00E5EE
__ptext13                     text13       00DEF4
__ptext14                     text14       00D2EC
__ptext15                     text15       00D314
__ptext16                     text16       00D378
__ptext17                     text17       00D400
__ptext18                     text18       00D48E
__ptext19                     text19       00D2BC
__ptext2                      text2        00D39E
__ptext20                     text20       00D2B4
__ptext21                     text21       00D2AC
__ptext22                     text22       00D354
__ptext23                     text23       00D2C6
__ptext24                     text24       00D532
__ptext25                     text25       00D60C
__ptext26                     text26       00D442
__ptext27                     text27       00D2D8
__ptext28                     text28       00D58E
__ptext3                      text3        00DA22
__ptext4                      text4        00D74C
__ptext5                      text5        00DC26
__ptext6                      text6        00D4E0
__ptext7                      text7        00E200
__ptext8                      text8        00D300
__ptext9                      text9        00D82E
__ramtop                      ramtop       001000
__size_of_I2C_Master_Init     (abs)        000000
__size_of_I2C_Master_Read     (abs)        000000
__size_of_I2C_Master_Start    (abs)        000000
__size_of_I2C_Master_Stop     (abs)        000000
__size_of_I2C_Master_Wait     (abs)        000000
__size_of_I2C_Master_Write    (abs)        000000
__size_of___lldiv             (abs)        000000
__size_of___lwdiv             (abs)        000000
__size_of___lwmod             (abs)        000000
__size_of___wmul              (abs)        000000
__size_of_check_food          (abs)        000000
__size_of_decode_drawer       (abs)        000000
__size_of_diet_press          (abs)        000000
__size_of_displayLogs         (abs)        000000
__size_of_food_press          (abs)        000000
__size_of_get_digits          (abs)        000000
__size_of_initLCD             (abs)        000000
__size_of_isdigit             (abs)        000000
__size_of_lcdInst             (abs)        000000
__size_of_lcdNibble           (abs)        000000
__size_of_main                (abs)        000000
__size_of_printf              (abs)        000000
__size_of_putch               (abs)        000000
__size_of_readEEPROM          (abs)        000000
__size_of_standbyMode         (abs)        000000
__size_of_verifyKeypress      (abs)        000000
__size_of_viewLogs            (abs)        000000
__size_of_which_drawer        (abs)        000000
__size_of_writeEEPROM         (abs)        000000
__smallconst                  smallconst   000000
_check_food                   text11       00EB14
_decode_drawer                text4        00D74C
_diet_press                   text12       00E5EE
_displayLogs                  text7        00E200
_dpowers                      mediumconst  00FD47
_drawerInformation            bssCOMRAM    00006C
_food_press                   text9        00D82E
_get_digits                   text10       00D68E
_happynewyear                 mediumconst  00FD59
_hexpowers                    mediumconst  00FD51
_initLCD                      text26       00D442
_input                        mediumconst  00FD36
_isdigit                      text15       00D314
_isdigit$930                  cstackCOMRAM 000002
_keys                         mediumconst  00FD25
_lcdInst                      text27       00D2D8
_lcdNibble                    text28       00D58E
_main                         text0        00D3C8
_printf                       text13       00DEF4
_putch                        text14       00D2EC
_readEEPROM                   text8        00D300
_standbyMode                  text1        00F346
_verifyKeypress               text6        00D4E0
_viewLogs                     text5        00DC26
_which_drawer                 text3        00DA22
_writeEEPROM                  text2        00D39E
check_food@foodInput          cstackCOMRAM 000003
check_food@returnValue        cstackCOMRAM 000007
check_food@sum                cstackCOMRAM 000001
decode_drawer@drawer          cstackCOMRAM 000001
decode_drawer@returnValue     cstackCOMRAM 000005
diet_press@F3112              bssBANK0     000080
diet_press@backCheck          cstackCOMRAM 00002D
diet_press@count              cstackCOMRAM 00002F
diet_press@dietTable          cstackCOMRAM 000034
diet_press@drawer             cstackCOMRAM 000025
diet_press@i                  cstackCOMRAM 00002B
diet_press@keypress           cstackCOMRAM 000033
diet_press@previous           cstackCOMRAM 000029
diet_press@sum                cstackCOMRAM 000031
displayLogs@flatPieces        cstackCOMRAM 00002B
displayLogs@keypress3         cstackCOMRAM 00002F
displayLogs@logNumber         cstackCOMRAM 000025
displayLogs@longPieces        cstackCOMRAM 00002D
displayLogs@markedDrawer1     cstackCOMRAM 000036
displayLogs@markedDrawer2     cstackCOMRAM 000038
displayLogs@markedDrawer3     cstackCOMRAM 00003A
displayLogs@markedDrawer4     cstackCOMRAM 00003C
displayLogs@minutes           cstackCOMRAM 000032
displayLogs@n                 cstackCOMRAM 00003E
displayLogs@operationTime     cstackCOMRAM 000030
displayLogs@roundPieces       cstackCOMRAM 000029
displayLogs@seconds           cstackCOMRAM 000034
end_of_initialization         cinit        00D34A
food_press@F3097              bssBANK0     000088
food_press@backCheck          cstackCOMRAM 00002D
food_press@count              cstackCOMRAM 000031
food_press@dietSum            cstackCOMRAM 000025
food_press@drawer             cstackCOMRAM 000027
food_press@foodTable          cstackCOMRAM 000033
food_press@isValid            cstackCOMRAM 00002F
food_press@keypress           cstackCOMRAM 00003B
food_press@tally              cstackCOMRAM 00002B
get_digits@count              cstackCOMRAM 000005
get_digits@sum                cstackCOMRAM 000001
intlevel0                     text         000000
intlevel1                     text         000000
intlevel2                     text         000000
intlevel3                     text         000000
isdigit@c                     cstackCOMRAM 000003
lcdInst@data                  cstackCOMRAM 000003
lcdNibble@data                cstackCOMRAM 000002
lcdNibble@temp                cstackCOMRAM 000001
printf@ap                     cstackCOMRAM 00001C
printf@c                      cstackCOMRAM 000024
printf@f                      cstackCOMRAM 00000D
printf@flag                   cstackCOMRAM 000021
printf@idx                    cstackCOMRAM 00001B
printf@prec                   cstackCOMRAM 00001E
printf@val                    cstackCOMRAM 00001F
printf@width                  cstackCOMRAM 000022
putch@data                    cstackCOMRAM 000003
readEEPROM@address            cstackCOMRAM 000001
stackhi                       (abs)        000F7F
stacklo                       (abs)        000090
standbyMode@LCDinterruptState bssCOMRAM    00007C
standbyMode@diet              cstackCOMRAM 000066
standbyMode@display           cstackCOMRAM 00005A
standbyMode@drawer            cstackCOMRAM 00006A
standbyMode@drawerCount       cstackCOMRAM 000064
standbyMode@firstIteration    cstackCOMRAM 000055
standbyMode@food              cstackCOMRAM 000060
standbyMode@i                 cstackCOMRAM 000068
standbyMode@keypress          cstackCOMRAM 000059
standbyMode@keypress1         cstackCOMRAM 00005B
standbyMode@time              cstackCOMRAM 00004E
standbyMode@validDrawer       cstackCOMRAM 00005C
standbyMode@whichKey          cstackCOMRAM 000057
standbyMode@x                 cstackCOMRAM 000062
standbyMode@zero              cstackCOMRAM 00005E
start                         init         000000
start_initialization          cinit        00D332
verifyKeypress@i              cstackCOMRAM 000008
verifyKeypress@keypress       cstackCOMRAM 000001
verifyKeypress@logNumber      cstackCOMRAM 000005
verifyKeypress@returnVal      cstackCOMRAM 000006
viewLogs@checkLog             cstackCOMRAM 000046
viewLogs@keypress2            cstackCOMRAM 00004B
viewLogs@logNumber            cstackCOMRAM 00004A
viewLogs@logView              cstackCOMRAM 000044
viewLogs@returnVal            cstackCOMRAM 000048
which_drawer@backCheck        cstackCOMRAM 00002C
which_drawer@count            cstackCOMRAM 00002E
which_drawer@keypress         cstackCOMRAM 000030
which_drawer@rand             cstackCOMRAM 000028
which_drawer@sum              cstackCOMRAM 00002A
writeEEPROM@address           cstackCOMRAM 000002
writeEEPROM@data              cstackCOMRAM 000001


FUNCTION INFORMATION:

 *************** function _main *****************
 Defined at:
		line 13 in file "main.c"
 Parameters:    Size  Location     Type
		None
 Auto vars:     Size  Location     Type
		None
 Return value:  Size  Location     Type
                  1    wreg      void 
 Registers used:
		wreg, fsr1l, fsr1h, fsr2l, fsr2h, status,2, status,0, tblptrl, tblptrh, tblptru, prodl, prodh, cstack
 Tracked objects:
		On entry : 
		On exit  : 
		Unchanged: 
 Data sizes:     COMRAM   BANK0   BANK1   BANK2   BANK3   BANK4   BANK5   BANK6   BANK7   BANK8   BANK9  BANK10  BANK11  BANK12  BANK13  BANK14  BANK15
      Params:         0       0       0       0       0       0       0       0       0       0       0       0       0       0       0       0       0
      Locals:         0       0       0       0       0       0       0       0       0       0       0       0       0       0       0       0       0
      Temps:          0       0       0       0       0       0       0       0       0       0       0       0       0       0       0       0       0
      Totals:         0       0       0       0       0       0       0       0       0       0       0       0       0       0       0       0       0
Total ram usage:        0 bytes
 Hardware stack levels required when called:    6
 This function calls:
		_initLCD
		_standbyMode
 This function is called by:
		Startup code after reset
 This function uses a non-reentrant model


 *************** function _standbyMode *****************
 Defined at:
		line 969 in file "standbyMode.c"
 Parameters:    Size  Location     Type
		None
 Auto vars:     Size  Location     Type
  keypress1       1   90[COMRAM] unsigned char 
  whichKey        2   86[COMRAM] unsigned int 
  drawer          2  105[COMRAM] unsigned int 
  i               2  103[COMRAM] unsigned int 
  diet            2  101[COMRAM] unsigned int 
  drawerCount     2   99[COMRAM] unsigned int 
  food            2   95[COMRAM] unsigned int 
  zero            2   93[COMRAM] unsigned int 
  validDrawer     2   91[COMRAM] unsigned int 
  firstIterati    2   84[COMRAM] unsigned int 
  time            7   77[COMRAM] unsigned char [7]
  x               2   97[COMRAM] unsigned int 
  display         1   89[COMRAM] unsigned char 
  keypress        1   88[COMRAM] unsigned char 
 Return value:  Size  Location     Type
                  1    wreg      void 
 Registers used:
		wreg, fsr1l, fsr1h, fsr2l, fsr2h, status,2, status,0, tblptrl, tblptrh, tblptru, prodl, prodh, cstack
 Tracked objects:
		On entry : 
		On exit  : 
		Unchanged: 
 Data sizes:     COMRAM   BANK0   BANK1   BANK2   BANK3   BANK4   BANK5   BANK6   BANK7   BANK8   BANK9  BANK10  BANK11  BANK12  BANK13  BANK14  BANK15
      Params:         0       0       0       0       0       0       0       0       0       0       0       0       0       0       0       0       0
      Locals:        30       0       0       0       0       0       0       0       0       0       0       0       0       0       0       0       0
      Temps:          2       0       0       0       0       0       0       0       0       0       0       0       0       0       0       0       0
      Totals:        32       0       0       0       0       0       0       0       0       0       0       0       0       0       0       0       0
Total ram usage:       32 bytes
 Hardware stack levels used:    1
 Hardware stack levels required when called:    5
 This function calls:
		_I2C_Master_Init
		_I2C_Master_Read
		_I2C_Master_Start
		_I2C_Master_Stop
		_I2C_Master_Write
		_diet_press
		_food_press
		_lcdInst
		_printf
		_putch
		_readEEPROM
		_viewLogs
		_which_drawer
		_writeEEPROM
 This function is called by:
		_main
 This function uses a non-reentrant model


 *************** function _writeEEPROM *****************
 Defined at:
		line 10 in file "EEPROMstorage.c"
 Parameters:    Size  Location     Type
  address         1    wreg     unsigned char 
  data            1    0[COMRAM] unsigned char 
 Auto vars:     Size  Location     Type
  address         1    1[COMRAM] unsigned char 
 Return value:  Size  Location     Type
                  1    wreg      void 
 Registers used:
		wreg, status,2
 Tracked objects:
		On entry : 
		On exit  : 
		Unchanged: 
 Data sizes:     COMRAM   BANK0   BANK1   BANK2   BANK3   BANK4   BANK5   BANK6   BANK7   BANK8   BANK9  BANK10  BANK11  BANK12  BANK13  BANK14  BANK15
      Params:         1       0       0       0       0       0       0       0       0       0       0       0       0       0       0       0       0
      Locals:         1       0       0       0       0       0       0       0       0       0       0       0       0       0       0       0       0
      Temps:          0       0       0       0       0       0       0       0       0       0       0       0       0       0       0       0       0
      Totals:         2       0       0       0       0       0       0       0       0       0       0       0       0       0       0       0       0
Total ram usage:        2 bytes
 Hardware stack levels used:    1
 This function calls:
		Nothing
 This function is called by:
		_standbyMode
 This function uses a non-reentrant model


 *************** function _which_drawer *****************
 Defined at:
		line 903 in file "standbyMode.c"
 Parameters:    Size  Location     Type
		None
 Auto vars:     Size  Location     Type
  rand            2   39[COMRAM] unsigned int 
  keypress        1   47[COMRAM] unsigned char 
  count           2   45[COMRAM] unsigned int 
  backCheck       2   43[COMRAM] unsigned int 
  sum             2   41[COMRAM] unsigned int 
 Return value:  Size  Location     Type
                  2   36[COMRAM] unsigned int 
 Registers used:
		wreg, fsr2l, fsr2h, status,2, status,0, tblptrl, tblptrh, tblptru, prodl, prodh, cstack
 Tracked objects:
		On entry : 
		On exit  : 
		Unchanged: 
 Data sizes:     COMRAM   BANK0   BANK1   BANK2   BANK3   BANK4   BANK5   BANK6   BANK7   BANK8   BANK9  BANK10  BANK11  BANK12  BANK13  BANK14  BANK15
      Params:         2       0       0       0       0       0       0       0       0       0       0       0       0       0       0       0       0
      Locals:         9       0       0       0       0       0       0       0       0       0       0       0       0       0       0       0       0
      Temps:          1       0       0       0       0       0       0       0       0       0       0       0       0       0       0       0       0
      Totals:        12       0       0       0       0       0       0       0       0       0       0       0       0       0       0       0       0
Total ram usage:       12 bytes
 Hardware stack levels used:    1
 Hardware stack levels required when called:    3
 This function calls:
		_decode_drawer
		_lcdInst
		_printf
		_putch
 This function is called by:
		_standbyMode
 This function uses a non-reentrant model


 *************** function _decode_drawer *****************
 Defined at:
		line 825 in file "standbyMode.c"
 Parameters:    Size  Location     Type
  drawer          2    0[COMRAM] unsigned int 
 Auto vars:     Size  Location     Type
  returnValue     2    4[COMRAM] unsigned int 
 Return value:  Size  Location     Type
                  2    0[COMRAM] unsigned int 
 Registers used:
		wreg, status,2, status,0
 Tracked objects:
		On entry : 
		On exit  : 
		Unchanged: 
 Data sizes:     COMRAM   BANK0   BANK1   BANK2   BANK3   BANK4   BANK5   BANK6   BANK7   BANK8   BANK9  BANK10  BANK11  BANK12  BANK13  BANK14  BANK15
      Params:         2       0       0       0       0       0       0       0       0       0       0       0       0       0       0       0       0
      Locals:         2       0       0       0       0       0       0       0       0       0       0       0       0       0       0       0       0
      Temps:          2       0       0       0       0       0       0       0       0       0       0       0       0       0       0       0       0
      Totals:         6       0       0       0       0       0       0       0       0       0       0       0       0       0       0       0       0
Total ram usage:        6 bytes
 Hardware stack levels used:    1
 This function calls:
		Nothing
 This function is called by:
		_which_drawer
 This function uses a non-reentrant model


 *************** function _viewLogs *****************
 Defined at:
		line 319 in file "standbyMode.c"
 Parameters:    Size  Location     Type
		None
 Auto vars:     Size  Location     Type
  keypress2       1   74[COMRAM] unsigned char 
  returnVal       2   71[COMRAM] unsigned int 
  checkLog        2   69[COMRAM] unsigned int 
  logView         2   67[COMRAM] unsigned int 
  logNumber       1   73[COMRAM] unsigned char 
 Return value:  Size  Location     Type
                  2   63[COMRAM] unsigned int 
 Registers used:
		wreg, fsr2l, fsr2h, status,2, status,0, tblptrl, tblptrh, tblptru, prodl, prodh, cstack
 Tracked objects:
		On entry : 
		On exit  : 
		Unchanged: 
 Data sizes:     COMRAM   BANK0   BANK1   BANK2   BANK3   BANK4   BANK5   BANK6   BANK7   BANK8   BANK9  BANK10  BANK11  BANK12  BANK13  BANK14  BANK15
      Params:         2       0       0       0       0       0       0       0       0       0       0       0       0       0       0       0       0
      Locals:         8       0       0       0       0       0       0       0       0       0       0       0       0       0       0       0       0
      Temps:          2       0       0       0       0       0       0       0       0       0       0       0       0       0       0       0       0
      Totals:        12       0       0       0       0       0       0       0       0       0       0       0       0       0       0       0       0
Total ram usage:       12 bytes
 Hardware stack levels used:    1
 Hardware stack levels required when called:    4
 This function calls:
		_displayLogs
		_lcdInst
		_printf
		_putch
		_readEEPROM
		_verifyKeypress
 This function is called by:
		_standbyMode
 This function uses a non-reentrant model


 *************** function _verifyKeypress *****************
 Defined at:
		line 305 in file "standbyMode.c"
 Parameters:    Size  Location     Type
  logNumber       1    wreg     unsigned char 
  keypress        2    0[COMRAM] unsigned int 
 Auto vars:     Size  Location     Type
  logNumber       1    4[COMRAM] unsigned char 
  i               2    7[COMRAM] unsigned int 
  returnVal       2    5[COMRAM] unsigned int 
 Return value:  Size  Location     Type
                  2    0[COMRAM] unsigned int 
 Registers used:
		wreg, status,2, status,0
 Tracked objects:
		On entry : 
		On exit  : 
		Unchanged: 
 Data sizes:     COMRAM   BANK0   BANK1   BANK2   BANK3   BANK4   BANK5   BANK6   BANK7   BANK8   BANK9  BANK10  BANK11  BANK12  BANK13  BANK14  BANK15
      Params:         2       0       0       0       0       0       0       0       0       0       0       0       0       0       0       0       0
      Locals:         5       0       0       0       0       0       0       0       0       0       0       0       0       0       0       0       0
      Temps:          2       0       0       0       0       0       0       0       0       0       0       0       0       0       0       0       0
      Totals:         9       0       0       0       0       0       0       0       0       0       0       0       0       0       0       0       0
Total ram usage:        9 bytes
 Hardware stack levels used:    1
 This function calls:
		Nothing
 This function is called by:
		_viewLogs
 This function uses a non-reentrant model


 *************** function _displayLogs *****************
 Defined at:
		line 401 in file "standbyMode.c"
 Parameters:    Size  Location     Type
  logNumber       2   36[COMRAM] unsigned int 
 Auto vars:     Size  Location     Type
  n               2   61[COMRAM] unsigned int 
  markedDrawer    2   59[COMRAM] unsigned int 
  markedDrawer    2   57[COMRAM] unsigned int 
  markedDrawer    2   55[COMRAM] unsigned int 
  markedDrawer    2   53[COMRAM] unsigned int 
  seconds         2   51[COMRAM] unsigned int 
  minutes         2   49[COMRAM] unsigned int 
  operationTim    2   47[COMRAM] unsigned int 
  longPieces      2   44[COMRAM] unsigned int 
  flatPieces      2   42[COMRAM] unsigned int 
  roundPieces     2   40[COMRAM] unsigned int 
  keypress3       1   46[COMRAM] unsigned char 
 Return value:  Size  Location     Type
                  2   36[COMRAM] unsigned int 
 Registers used:
		wreg, fsr2l, fsr2h, status,2, status,0, tblptrl, tblptrh, tblptru, prodl, prodh, cstack
 Tracked objects:
		On entry : 
		On exit  : 
		Unchanged: 
 Data sizes:     COMRAM   BANK0   BANK1   BANK2   BANK3   BANK4   BANK5   BANK6   BANK7   BANK8   BANK9  BANK10  BANK11  BANK12  BANK13  BANK14  BANK15
      Params:         2       0       0       0       0       0       0       0       0       0       0       0       0       0       0       0       0
      Locals:        23       0       0       0       0       0       0       0       0       0       0       0       0       0       0       0       0
      Temps:          2       0       0       0       0       0       0       0       0       0       0       0       0       0       0       0       0
      Totals:        27       0       0       0       0       0       0       0       0       0       0       0       0       0       0       0       0
Total ram usage:       27 bytes
 Hardware stack levels used:    1
 Hardware stack levels required when called:    3
 This function calls:
		___lwdiv
		___lwmod
		___wmul
		_lcdInst
		_printf
		_readEEPROM
 This function is called by:
		_viewLogs
 This function uses a non-reentrant model


 *************** function _readEEPROM *****************
 Defined at:
		line 29 in file "EEPROMstorage.c"
 Parameters:    Size  Location     Type
  address         1    wreg     unsigned char 
 Auto vars:     Size  Location     Type
  address         1    0[COMRAM] unsigned char 
 Return value:  Size  Location     Type
                  1    wreg      unsigned char 
 Registers used:
		wreg, status,2
 Tracked objects:
		On entry : 
		On exit  : 
		Unchanged: 
 Data sizes:     COMRAM   BANK0   BANK1   BANK2   BANK3   BANK4   BANK5   BANK6   BANK7   BANK8   BANK9  BANK10  BANK11  BANK12  BANK13  BANK14  BANK15
      Params:         0       0       0       0       0       0       0       0       0       0       0       0       0       0       0       0       0
      Locals:         1       0       0       0       0       0       0       0       0       0       0       0       0       0       0       0       0
      Temps:          0       0       0       0       0       0       0       0       0       0       0       0       0       0       0       0       0
      Totals:         1       0       0       0       0       0       0       0       0       0       0       0       0       0       0       0       0
Total ram usage:        1 bytes
 Hardware stack levels used:    1
 This function calls:
		Nothing
 This function is called by:
		_viewLogs
		_displayLogs
		_standbyMode
 This function uses a non-reentrant model


 *************** function _food_press *****************
 Defined at:
		line 600 in file "standbyMode.c"
 Parameters:    Size  Location     Type
  dietSum         2   36[COMRAM] unsigned int 
  drawer          2   38[COMRAM] unsigned int 
 Auto vars:     Size  Location     Type
  keypress        1   58[COMRAM] unsigned char 
  foodTable       8   50[COMRAM] unsigned int [4]
  count           2   48[COMRAM] unsigned int 
  isValid         2   46[COMRAM] unsigned int 
  backCheck       2   44[COMRAM] unsigned int 
  tally           2   42[COMRAM] unsigned int 
 Return value:  Size  Location     Type
                  2   36[COMRAM] unsigned int 
 Registers used:
		wreg, fsr1l, fsr1h, fsr2l, fsr2h, status,2, status,0, tblptrl, tblptrh, tblptru, prodl, prodh, cstack
 Tracked objects:
		On entry : 
		On exit  : 
		Unchanged: 
 Data sizes:     COMRAM   BANK0   BANK1   BANK2   BANK3   BANK4   BANK5   BANK6   BANK7   BANK8   BANK9  BANK10  BANK11  BANK12  BANK13  BANK14  BANK15
      Params:         4       0       0       0       0       0       0       0       0       0       0       0       0       0       0       0       0
      Locals:        17       0       0       0       0       0       0       0       0       0       0       0       0       0       0       0       0
      Temps:          2       0       0       0       0       0       0       0       0       0       0       0       0       0       0       0       0
      Totals:        23       0       0       0       0       0       0       0       0       0       0       0       0       0       0       0       0
Total ram usage:       23 bytes
 Hardware stack levels used:    1
 Hardware stack levels required when called:    3
 This function calls:
		_check_food
		_get_digits
		_lcdInst
		_printf
		_putch
 This function is called by:
		_standbyMode
 This function uses a non-reentrant model


 *************** function _get_digits *****************
 Defined at:
		line 495 in file "standbyMode.c"
 Parameters:    Size  Location     Type
  sum             2    0[COMRAM] unsigned int 
 Auto vars:     Size  Location     Type
  count           2    4[COMRAM] unsigned int 
 Return value:  Size  Location     Type
                  2    0[COMRAM] unsigned int 
 Registers used:
		wreg, status,2, status,0
 Tracked objects:
		On entry : 
		On exit  : 
		Unchanged: 
 Data sizes:     COMRAM   BANK0   BANK1   BANK2   BANK3   BANK4   BANK5   BANK6   BANK7   BANK8   BANK9  BANK10  BANK11  BANK12  BANK13  BANK14  BANK15
      Params:         2       0       0       0       0       0       0       0       0       0       0       0       0       0       0       0       0
      Locals:         2       0       0       0       0       0       0       0       0       0       0       0       0       0       0       0       0
      Temps:          2       0       0       0       0       0       0       0       0       0       0       0       0       0       0       0       0
      Totals:         6       0       0       0       0       0       0       0       0       0       0       0       0       0       0       0       0
Total ram usage:        6 bytes
 Hardware stack levels used:    1
 This function calls:
		Nothing
 This function is called by:
		_food_press
 This function uses a non-reentrant model


 *************** function _check_food *****************
 Defined at:
		line 120 in file "standbyMode.c"
 Parameters:    Size  Location     Type
  sum             2    0[COMRAM] unsigned int 
  foodInput       2    2[COMRAM] PTR unsigned int 
		 -> food_press@foodTable(8), 
 Auto vars:     Size  Location     Type
  returnValue     2    6[COMRAM] unsigned int 
 Return value:  Size  Location     Type
                  2    0[COMRAM] unsigned int 
 Registers used:
		wreg, fsr2l, fsr2h, status,2, status,0
 Tracked objects:
		On entry : 
		On exit  : 
		Unchanged: 
 Data sizes:     COMRAM   BANK0   BANK1   BANK2   BANK3   BANK4   BANK5   BANK6   BANK7   BANK8   BANK9  BANK10  BANK11  BANK12  BANK13  BANK14  BANK15
      Params:         4       0       0       0       0       0       0       0       0       0       0       0       0       0       0       0       0
      Locals:         2       0       0       0       0       0       0       0       0       0       0       0       0       0       0       0       0
      Temps:          2       0       0       0       0       0       0       0       0       0       0       0       0       0       0       0       0
      Totals:         8       0       0       0       0       0       0       0       0       0       0       0       0       0       0       0       0
Total ram usage:        8 bytes
 Hardware stack levels used:    1
 This function calls:
		Nothing
 This function is called by:
		_food_press
 This function uses a non-reentrant model


 *************** function _diet_press *****************
 Defined at:
		line 666 in file "standbyMode.c"
 Parameters:    Size  Location     Type
  drawer          2   36[COMRAM] unsigned int 
 Auto vars:     Size  Location     Type
  keypress        1   50[COMRAM] unsigned char 
  dietTable       8   51[COMRAM] unsigned int [4]
  sum             2   48[COMRAM] unsigned int 
  count           2   46[COMRAM] unsigned int 
  backCheck       2   44[COMRAM] unsigned int 
  i               2   42[COMRAM] unsigned int 
  previous        2   40[COMRAM] unsigned int 
 Return value:  Size  Location     Type
                  2   36[COMRAM] unsigned int 
 Registers used:
		wreg, fsr1l, fsr1h, fsr2l, fsr2h, status,2, status,0, tblptrl, tblptrh, tblptru, prodl, prodh, cstack
 Tracked objects:
		On entry : 
		On exit  : 
		Unchanged: 
 Data sizes:     COMRAM   BANK0   BANK1   BANK2   BANK3   BANK4   BANK5   BANK6   BANK7   BANK8   BANK9  BANK10  BANK11  BANK12  BANK13  BANK14  BANK15
      Params:         2       0       0       0       0       0       0       0       0       0       0       0       0       0       0       0       0
      Locals:        19       0       0       0       0       0       0       0       0       0       0       0       0       0       0       0       0
      Temps:          2       0       0       0       0       0       0       0       0       0       0       0       0       0       0       0       0
      Totals:        23       0       0       0       0       0       0       0       0       0       0       0       0       0       0       0       0
Total ram usage:       23 bytes
 Hardware stack levels used:    1
 Hardware stack levels required when called:    3
 This function calls:
		_lcdInst
		_printf
		_putch
 This function is called by:
		_standbyMode
 This function uses a non-reentrant model


 *************** function _printf *****************
 Defined at:
		line 464 in file "/Applications/microchip/xc8/v1.45/sources/common/doprnt.c"
 Parameters:    Size  Location     Type
  f               2   12[COMRAM] PTR const unsigned char 
		 -> STR_70(11), STR_69(13), STR_68(11), STR_67(13), 
		 -> STR_66(11), STR_65(8), STR_64(15), STR_63(16), 
		 -> STR_62(10), STR_61(8), STR_60(15), STR_59(16), 
		 -> STR_58(10), STR_57(16), STR_56(16), STR_55(17), 
		 -> STR_54(13), STR_53(17), STR_52(14), STR_51(11), 
		 -> STR_50(11), STR_49(15), STR_48(15), STR_47(10), 
		 -> STR_46(13), STR_45(16), STR_44(16), STR_43(15), 
		 -> STR_42(15), STR_41(17), STR_40(17), STR_39(8), 
		 -> STR_38(15), STR_37(15), STR_36(11), STR_35(14), 
		 -> STR_34(16), STR_33(16), STR_32(11), STR_31(14), 
		 -> STR_30(16), STR_29(16), STR_28(16), STR_27(13), 
		 -> STR_26(13), STR_25(15), STR_24(15), STR_23(17), 
		 -> STR_22(18), STR_21(15), STR_20(11), STR_19(7), 
		 -> STR_18(3), STR_17(16), STR_16(6), STR_15(7), 
		 -> STR_14(16), STR_13(14), STR_12(17), STR_11(7), 
		 -> STR_10(9), STR_9(17), STR_8(11), STR_7(17), 
		 -> STR_6(14), STR_5(17), STR_4(11), STR_3(15), 
		 -> STR_2(11), STR_1(8), 
 Auto vars:     Size  Location     Type
  idx             1   26[COMRAM] unsigned char 
  tmpval          4    0        struct .
  cp              3    0        PTR const unsigned char 
  width           2   33[COMRAM] int 
  val             2   30[COMRAM] unsigned int 
  ap              2   27[COMRAM] PTR void [1]
		 -> ?_printf(2), 
  len             2    0        unsigned int 
  c               1   35[COMRAM] char 
  flag            1   32[COMRAM] unsigned char 
  prec            1   29[COMRAM] char 
 Return value:  Size  Location     Type
                  2   12[COMRAM] int 
 Registers used:
		wreg, fsr2l, fsr2h, status,2, status,0, tblptrl, tblptrh, tblptru, prodl, prodh, cstack
 Tracked objects:
		On entry : 
		On exit  : 
		Unchanged: 
 Data sizes:     COMRAM   BANK0   BANK1   BANK2   BANK3   BANK4   BANK5   BANK6   BANK7   BANK8   BANK9  BANK10  BANK11  BANK12  BANK13  BANK14  BANK15
      Params:        10       0       0       0       0       0       0       0       0       0       0       0       0       0       0       0       0
      Locals:        10       0       0       0       0       0       0       0       0       0       0       0       0       0       0       0       0
      Temps:          4       0       0       0       0       0       0       0       0       0       0       0       0       0       0       0       0
      Totals:        24       0       0       0       0       0       0       0       0       0       0       0       0       0       0       0       0
Total ram usage:       24 bytes
 Hardware stack levels used:    1
 Hardware stack levels required when called:    2
 This function calls:
		___lwdiv
		___lwmod
		___wmul
		_isdigit
		_putch
 This function is called by:
		_viewLogs
		_displayLogs
		_food_press
		_diet_press
		_which_drawer
		_standbyMode
 This function uses a non-reentrant model


 *************** function _putch *****************
 Defined at:
		line 85 in file "standbyMode.c"
 Parameters:    Size  Location     Type
  data            1    wreg     unsigned char 
 Auto vars:     Size  Location     Type
  data            1    2[COMRAM] unsigned char 
 Return value:  Size  Location     Type
                  1    wreg      void 
 Registers used:
		wreg, status,2, status,0, cstack
 Tracked objects:
		On entry : 
		On exit  : 
		Unchanged: 
 Data sizes:     COMRAM   BANK0   BANK1   BANK2   BANK3   BANK4   BANK5   BANK6   BANK7   BANK8   BANK9  BANK10  BANK11  BANK12  BANK13  BANK14  BANK15
      Params:         0       0       0       0       0       0       0       0       0       0       0       0       0       0       0       0       0
      Locals:         1       0       0       0       0       0       0       0       0       0       0       0       0       0       0       0       0
      Temps:          0       0       0       0       0       0       0       0       0       0       0       0       0       0       0       0       0
      Totals:         1       0       0       0       0       0       0       0       0       0       0       0       0       0       0       0       0
Total ram usage:        1 bytes
 Hardware stack levels used:    1
 Hardware stack levels required when called:    1
 This function calls:
		_lcdNibble
 This function is called by:
		_viewLogs
		_food_press
		_diet_press
		_which_drawer
		_standbyMode
		_printf
 This function uses a non-reentrant model


 *************** function _isdigit *****************
 Defined at:
		line 8 in file "/Applications/microchip/xc8/v1.45/sources/common/isdigit.c"
 Parameters:    Size  Location     Type
  c               1    wreg     unsigned char 
 Auto vars:     Size  Location     Type
  c               1    2[COMRAM] unsigned char 
 Return value:  Size  Location     Type
		None               void
 Registers used:
		wreg, status,2, status,0
 Tracked objects:
		On entry : 
		On exit  : 
		Unchanged: 
 Data sizes:     COMRAM   BANK0   BANK1   BANK2   BANK3   BANK4   BANK5   BANK6   BANK7   BANK8   BANK9  BANK10  BANK11  BANK12  BANK13  BANK14  BANK15
      Params:         0       0       0       0       0       0       0       0       0       0       0       0       0       0       0       0       0
      Locals:         2       0       0       0       0       0       0       0       0       0       0       0       0       0       0       0       0
      Temps:          1       0       0       0       0       0       0       0       0       0       0       0       0       0       0       0       0
      Totals:         3       0       0       0       0       0       0       0       0       0       0       0       0       0       0       0       0
Total ram usage:        3 bytes
 Hardware stack levels used:    1
 This function calls:
		Nothing
 This function is called by:
		_printf
 This function uses a non-reentrant model


 *************** function ___wmul *****************
 Defined at:
		line 15 in file "/Applications/microchip/xc8/v1.45/sources/common/Umul16.c"
 Parameters:    Size  Location     Type
  multiplier      2    0[COMRAM] unsigned int 
  multiplicand    2    2[COMRAM] unsigned int 
 Auto vars:     Size  Location     Type
  product         2    4[COMRAM] unsigned int 
 Return value:  Size  Location     Type
                  2    0[COMRAM] unsigned int 
 Registers used:
		wreg, status,2, status,0, prodl, prodh
 Tracked objects:
		On entry : 
		On exit  : 
		Unchanged: 
 Data sizes:     COMRAM   BANK0   BANK1   BANK2   BANK3   BANK4   BANK5   BANK6   BANK7   BANK8   BANK9  BANK10  BANK11  BANK12  BANK13  BANK14  BANK15
      Params:         4       0       0       0       0       0       0       0       0       0       0       0       0       0       0       0       0
      Locals:         2       0       0       0       0       0       0       0       0       0       0       0       0       0       0       0       0
      Temps:          0       0       0       0       0       0       0       0       0       0       0       0       0       0       0       0       0
      Totals:         6       0       0       0       0       0       0       0       0       0       0       0       0       0       0       0       0
Total ram usage:        6 bytes
 Hardware stack levels used:    1
 This function calls:
		Nothing
 This function is called by:
		_displayLogs
		_printf
 This function uses a non-reentrant model


 *************** function ___lwmod *****************
 Defined at:
		line 8 in file "/Applications/microchip/xc8/v1.45/sources/common/lwmod.c"
 Parameters:    Size  Location     Type
  dividend        2    7[COMRAM] unsigned int 
  divisor         2    9[COMRAM] unsigned int 
 Auto vars:     Size  Location     Type
  counter         1   11[COMRAM] unsigned char 
 Return value:  Size  Location     Type
                  2    7[COMRAM] unsigned int 
 Registers used:
		wreg, status,2, status,0
 Tracked objects:
		On entry : 
		On exit  : 
		Unchanged: 
 Data sizes:     COMRAM   BANK0   BANK1   BANK2   BANK3   BANK4   BANK5   BANK6   BANK7   BANK8   BANK9  BANK10  BANK11  BANK12  BANK13  BANK14  BANK15
      Params:         4       0       0       0       0       0       0       0       0       0       0       0       0       0       0       0       0
      Locals:         1       0       0       0       0       0       0       0       0       0       0       0       0       0       0       0       0
      Temps:          0       0       0       0       0       0       0       0       0       0       0       0       0       0       0       0       0
      Totals:         5       0       0       0       0       0       0       0       0       0       0       0       0       0       0       0       0
Total ram usage:        5 bytes
 Hardware stack levels used:    1
 This function calls:
		Nothing
 This function is called by:
		_displayLogs
		_printf
 This function uses a non-reentrant model


 *************** function ___lwdiv *****************
 Defined at:
		line 8 in file "/Applications/microchip/xc8/v1.45/sources/common/lwdiv.c"
 Parameters:    Size  Location     Type
  dividend        2    0[COMRAM] unsigned int 
  divisor         2    2[COMRAM] unsigned int 
 Auto vars:     Size  Location     Type
  quotient        2    4[COMRAM] unsigned int 
  counter         1    6[COMRAM] unsigned char 
 Return value:  Size  Location     Type
                  2    0[COMRAM] unsigned int 
 Registers used:
		wreg, status,2, status,0
 Tracked objects:
		On entry : 
		On exit  : 
		Unchanged: 
 Data sizes:     COMRAM   BANK0   BANK1   BANK2   BANK3   BANK4   BANK5   BANK6   BANK7   BANK8   BANK9  BANK10  BANK11  BANK12  BANK13  BANK14  BANK15
      Params:         4       0       0       0       0       0       0       0       0       0       0       0       0       0       0       0       0
      Locals:         3       0       0       0       0       0       0       0       0       0       0       0       0       0       0       0       0
      Temps:          0       0       0       0       0       0       0       0       0       0       0       0       0       0       0       0       0
      Totals:         7       0       0       0       0       0       0       0       0       0       0       0       0       0       0       0       0
Total ram usage:        7 bytes
 Hardware stack levels used:    1
 This function calls:
		Nothing
 This function is called by:
		_displayLogs
		_printf
 This function uses a non-reentrant model


 *************** function _I2C_Master_Write *****************
 Defined at:
		line 108 in file "I2C.c"
 Parameters:    Size  Location     Type
  byteToWrite     2    1[COMRAM] unsigned int 
 Auto vars:     Size  Location     Type
		None
 Return value:  Size  Location     Type
                  1    wreg      void 
 Registers used:
		wreg, status,2, status,0, cstack
 Tracked objects:
		On entry : 
		On exit  : 
		Unchanged: 
 Data sizes:     COMRAM   BANK0   BANK1   BANK2   BANK3   BANK4   BANK5   BANK6   BANK7   BANK8   BANK9  BANK10  BANK11  BANK12  BANK13  BANK14  BANK15
      Params:         2       0       0       0       0       0       0       0       0       0       0       0       0       0       0       0       0
      Locals:         0       0       0       0       0       0       0       0       0       0       0       0       0       0       0       0       0
      Temps:          0       0       0       0       0       0       0       0       0       0       0       0       0       0       0       0       0
      Totals:         2       0       0       0       0       0       0       0       0       0       0       0       0       0       0       0       0
Total ram usage:        2 bytes
 Hardware stack levels used:    1
 Hardware stack levels required when called:    1
 This function calls:
		_I2C_Master_Wait
 This function is called by:
		_standbyMode
		_RTC_setTime
 This function uses a non-reentrant model


 *************** function _I2C_Master_Stop *****************
 Defined at:
		line 95 in file "I2C.c"
 Parameters:    Size  Location     Type
		None
 Auto vars:     Size  Location     Type
		None
 Return value:  Size  Location     Type
                  1    wreg      void 
 Registers used:
		wreg, status,2, status,0, cstack
 Tracked objects:
		On entry : 
		On exit  : 
		Unchanged: 
 Data sizes:     COMRAM   BANK0   BANK1   BANK2   BANK3   BANK4   BANK5   BANK6   BANK7   BANK8   BANK9  BANK10  BANK11  BANK12  BANK13  BANK14  BANK15
      Params:         0       0       0       0       0       0       0       0       0       0       0       0       0       0       0       0       0
      Locals:         0       0       0       0       0       0       0       0       0       0       0       0       0       0       0       0       0
      Temps:          0       0       0       0       0       0       0       0       0       0       0       0       0       0       0       0       0
      Totals:         0       0       0       0       0       0       0       0       0       0       0       0       0       0       0       0       0
Total ram usage:        0 bytes
 Hardware stack levels used:    1
 Hardware stack levels required when called:    1
 This function calls:
		_I2C_Master_Wait
 This function is called by:
		_standbyMode
		_RTC_setTime
 This function uses a non-reentrant model


 *************** function _I2C_Master_Start *****************
 Defined at:
		line 69 in file "I2C.c"
 Parameters:    Size  Location     Type
		None
 Auto vars:     Size  Location     Type
		None
 Return value:  Size  Location     Type
                  1    wreg      void 
 Registers used:
		wreg, status,2, status,0, cstack
 Tracked objects:
		On entry : 
		On exit  : 
		Unchanged: 
 Data sizes:     COMRAM   BANK0   BANK1   BANK2   BANK3   BANK4   BANK5   BANK6   BANK7   BANK8   BANK9  BANK10  BANK11  BANK12  BANK13  BANK14  BANK15
      Params:         0       0       0       0       0       0       0       0       0       0       0       0       0       0       0       0       0
      Locals:         0       0       0       0       0       0       0       0       0       0       0       0       0       0       0       0       0
      Temps:          0       0       0       0       0       0       0       0       0       0       0       0       0       0       0       0       0
      Totals:         0       0       0       0       0       0       0       0       0       0       0       0       0       0       0       0       0
Total ram usage:        0 bytes
 Hardware stack levels used:    1
 Hardware stack levels required when called:    1
 This function calls:
		_I2C_Master_Wait
 This function is called by:
		_standbyMode
		_RTC_setTime
 This function uses a non-reentrant model


 *************** function _I2C_Master_Read *****************
 Defined at:
		line 120 in file "I2C.c"
 Parameters:    Size  Location     Type
  ackBit          1    wreg     unsigned char 
 Auto vars:     Size  Location     Type
  ackBit          1    1[COMRAM] unsigned char 
  receivedByte    1    2[COMRAM] unsigned char 
 Return value:  Size  Location     Type
                  1    wreg      unsigned char 
 Registers used:
		wreg, status,2, status,0, cstack
 Tracked objects:
		On entry : 
		On exit  : 
		Unchanged: 
 Data sizes:     COMRAM   BANK0   BANK1   BANK2   BANK3   BANK4   BANK5   BANK6   BANK7   BANK8   BANK9  BANK10  BANK11  BANK12  BANK13  BANK14  BANK15
      Params:         0       0       0       0       0       0       0       0       0       0       0       0       0       0       0       0       0
      Locals:         2       0       0       0       0       0       0       0       0       0       0       0       0       0       0       0       0
      Temps:          0       0       0       0       0       0       0       0       0       0       0       0       0       0       0       0       0
      Totals:         2       0       0       0       0       0       0       0       0       0       0       0       0       0       0       0       0
Total ram usage:        2 bytes
 Hardware stack levels used:    1
 Hardware stack levels required when called:    1
 This function calls:
		_I2C_Master_Wait
 This function is called by:
		_standbyMode
 This function uses a non-reentrant model


 *************** function _I2C_Master_Wait *****************
 Defined at:
		line 51 in file "I2C.c"
 Parameters:    Size  Location     Type
		None
 Auto vars:     Size  Location     Type
		None
 Return value:  Size  Location     Type
                  1    wreg      void 
 Registers used:
		wreg, status,2, status,0
 Tracked objects:
		On entry : 
		On exit  : 
		Unchanged: 
 Data sizes:     COMRAM   BANK0   BANK1   BANK2   BANK3   BANK4   BANK5   BANK6   BANK7   BANK8   BANK9  BANK10  BANK11  BANK12  BANK13  BANK14  BANK15
      Params:         0       0       0       0       0       0       0       0       0       0       0       0       0       0       0       0       0
      Locals:         0       0       0       0       0       0       0       0       0       0       0       0       0       0       0       0       0
      Temps:          1       0       0       0       0       0       0       0       0       0       0       0       0       0       0       0       0
      Totals:         1       0       0       0       0       0       0       0       0       0       0       0       0       0       0       0       0
Total ram usage:        1 bytes
 Hardware stack levels used:    1
 This function calls:
		Nothing
 This function is called by:
		_I2C_Master_Start
		_I2C_Master_Stop
		_I2C_Master_Write
		_I2C_Master_Read
		_I2C_Master_RepeatedStart
 This function uses a non-reentrant model


 *************** function _I2C_Master_Init *****************
 Defined at:
		line 14 in file "I2C.c"
 Parameters:    Size  Location     Type
  clockFreq       4   13[COMRAM] const unsigned long 
 Auto vars:     Size  Location     Type
		None
 Return value:  Size  Location     Type
                  1    wreg      void 
 Registers used:
		wreg, status,2, status,0, cstack
 Tracked objects:
		On entry : 
		On exit  : 
		Unchanged: 
 Data sizes:     COMRAM   BANK0   BANK1   BANK2   BANK3   BANK4   BANK5   BANK6   BANK7   BANK8   BANK9  BANK10  BANK11  BANK12  BANK13  BANK14  BANK15
      Params:         4       0       0       0       0       0       0       0       0       0       0       0       0       0       0       0       0
      Locals:         0       0       0       0       0       0       0       0       0       0       0       0       0       0       0       0       0
      Temps:          4       0       0       0       0       0       0       0       0       0       0       0       0       0       0       0       0
      Totals:         8       0       0       0       0       0       0       0       0       0       0       0       0       0       0       0       0
Total ram usage:        8 bytes
 Hardware stack levels used:    1
 Hardware stack levels required when called:    1
 This function calls:
		___lldiv
 This function is called by:
		_standbyMode
 This function uses a non-reentrant model


 *************** function ___lldiv *****************
 Defined at:
		line 8 in file "/Applications/microchip/xc8/v1.45/sources/common/lldiv.c"
 Parameters:    Size  Location     Type
  dividend        4    0[COMRAM] unsigned long 
  divisor         4    4[COMRAM] unsigned long 
 Auto vars:     Size  Location     Type
  quotient        4    8[COMRAM] unsigned long 
  counter         1   12[COMRAM] unsigned char 
 Return value:  Size  Location     Type
                  4    0[COMRAM] unsigned long 
 Registers used:
		wreg, status,2, status,0
 Tracked objects:
		On entry : 
		On exit  : 
		Unchanged: 
 Data sizes:     COMRAM   BANK0   BANK1   BANK2   BANK3   BANK4   BANK5   BANK6   BANK7   BANK8   BANK9  BANK10  BANK11  BANK12  BANK13  BANK14  BANK15
      Params:         8       0       0       0       0       0       0       0       0       0       0       0       0       0       0       0       0
      Locals:         5       0       0       0       0       0       0       0       0       0       0       0       0       0       0       0       0
      Temps:          0       0       0       0       0       0       0       0       0       0       0       0       0       0       0       0       0
      Totals:        13       0       0       0       0       0       0       0       0       0       0       0       0       0       0       0       0
Total ram usage:       13 bytes
 Hardware stack levels used:    1
 This function calls:
		Nothing
 This function is called by:
		_I2C_Master_Init
 This function uses a non-reentrant model


 *************** function _initLCD *****************
 Defined at:
		line 40 in file "standbyMode.c"
 Parameters:    Size  Location     Type
		None
 Auto vars:     Size  Location     Type
		None
 Return value:  Size  Location     Type
                  1    wreg      void 
 Registers used:
		wreg, status,2, status,0, cstack
 Tracked objects:
		On entry : 
		On exit  : 
		Unchanged: 
 Data sizes:     COMRAM   BANK0   BANK1   BANK2   BANK3   BANK4   BANK5   BANK6   BANK7   BANK8   BANK9  BANK10  BANK11  BANK12  BANK13  BANK14  BANK15
      Params:         0       0       0       0       0       0       0       0       0       0       0       0       0       0       0       0       0
      Locals:         0       0       0       0       0       0       0       0       0       0       0       0       0       0       0       0       0
      Temps:          1       0       0       0       0       0       0       0       0       0       0       0       0       0       0       0       0
      Totals:         1       0       0       0       0       0       0       0       0       0       0       0       0       0       0       0       0
Total ram usage:        1 bytes
 Hardware stack levels used:    1
 Hardware stack levels required when called:    2
 This function calls:
		_lcdInst
 This function is called by:
		_main
 This function uses a non-reentrant model


 *************** function _lcdInst *****************
 Defined at:
		line 26 in file "standbyMode.c"
 Parameters:    Size  Location     Type
  data            1    wreg     unsigned char 
 Auto vars:     Size  Location     Type
  data            1    2[COMRAM] unsigned char 
 Return value:  Size  Location     Type
                  1    wreg      void 
 Registers used:
		wreg, status,2, status,0, cstack
 Tracked objects:
		On entry : 
		On exit  : 
		Unchanged: 
 Data sizes:     COMRAM   BANK0   BANK1   BANK2   BANK3   BANK4   BANK5   BANK6   BANK7   BANK8   BANK9  BANK10  BANK11  BANK12  BANK13  BANK14  BANK15
      Params:         0       0       0       0       0       0       0       0       0       0       0       0       0       0       0       0       0
      Locals:         1       0       0       0       0       0       0       0       0       0       0       0       0       0       0       0       0
      Temps:          0       0       0       0       0       0       0       0       0       0       0       0       0       0       0       0       0
      Totals:         1       0       0       0       0       0       0       0       0       0       0       0       0       0       0       0       0
Total ram usage:        1 bytes
 Hardware stack levels used:    1
 Hardware stack levels required when called:    1
 This function calls:
		_lcdNibble
 This function is called by:
		_initLCD
		_viewLogs
		_displayLogs
		_food_press
		_diet_press
		_which_drawer
		_standbyMode
 This function uses a non-reentrant model


 *************** function _lcdNibble *****************
 Defined at:
		line 61 in file "standbyMode.c"
 Parameters:    Size  Location     Type
  data            1    wreg     unsigned char 
 Auto vars:     Size  Location     Type
  data            1    1[COMRAM] unsigned char 
  temp            1    0[COMRAM] unsigned char 
 Return value:  Size  Location     Type
                  1    wreg      void 
 Registers used:
		wreg, status,2, status,0
 Tracked objects:
		On entry : 
		On exit  : 
		Unchanged: 
 Data sizes:     COMRAM   BANK0   BANK1   BANK2   BANK3   BANK4   BANK5   BANK6   BANK7   BANK8   BANK9  BANK10  BANK11  BANK12  BANK13  BANK14  BANK15
      Params:         0       0       0       0       0       0       0       0       0       0       0       0       0       0       0       0       0
      Locals:         2       0       0       0       0       0       0       0       0       0       0       0       0       0       0       0       0
      Temps:          0       0       0       0       0       0       0       0       0       0       0       0       0       0       0       0       0
      Totals:         2       0       0       0       0       0       0       0       0       0       0       0       0       0       0       0       0
Total ram usage:        2 bytes
 Hardware stack levels used:    1
 This function calls:
		Nothing
 This function is called by:
		_lcdInst
		_putch
 This function uses a non-reentrant model



MODULE INFORMATION

Module		Function		Class		Link	Load	Size
/Applications/microchip/xc8/v1.45/sources/common/lwmod.c
		___lwmod       		CODE           	D400	0000	67

/Applications/microchip/xc8/v1.45/sources/common/lwmod.c estimated size: 67

/Applications/microchip/xc8/v1.45/sources/common/doprnt.c
		_printf        		CODE           	DEF4	0000	781

/Applications/microchip/xc8/v1.45/sources/common/doprnt.c estimated size: 781

I2C.c
		_I2C_Master_Read		CODE           	D354	0000	37
		_I2C_Master_Wait		CODE           	D2C6	0000	19
		_I2C_Master_Init		CODE           	D532	0000	93
		_I2C_Master_Stop		CODE           	D2B4	0000	9
		_I2C_Master_Write		CODE           	D2BC	0000	11
		_I2C_Master_Start		CODE           	D2AC	0000	9

I2C.c estimated size: 178

EEPROMstorage.c
		_readEEPROM    		CODE           	D300	0000	21
		_writeEEPROM   		CODE           	D39E	0000	43

EEPROMstorage.c estimated size: 64

/Applications/microchip/xc8/v1.45/sources/common/lwdiv.c
		___lwdiv       		CODE           	D48E	0000	83

/Applications/microchip/xc8/v1.45/sources/common/lwdiv.c estimated size: 83

/Applications/microchip/xc8/v1.45/sources/common/lldiv.c
		___lldiv       		CODE           	D60C	0000	131

/Applications/microchip/xc8/v1.45/sources/common/lldiv.c estimated size: 131

standbyMode.c
		_diet_press    		CODE           	E5EE	0000	1319
		_which_drawer  		CODE           	DA22	0000	517
		_putch         		CODE           	D2EC	0000	21
		_displayLogs   		CODE           	E200	0000	1007
		_lcdInst       		CODE           	D2D8	0000	21
		_food_press    		CODE           	D82E	0000	501
		_viewLogs      		CODE           	DC26	0000	719
		_check_food    		CODE           	EB14	0000	2099
		_verifyKeypress		CODE           	D4E0	0000	83
		_decode_drawer 		CODE           	D74C	0000	227
		_lcdNibble     		CODE           	D58E	0000	127
		_standbyMode   		CODE           	F346	0000	2527
		_get_digits    		CODE           	D68E	0000	191
		_initLCD       		CODE           	D442	0000	77

standbyMode.c estimated size: 9436

/Applications/microchip/xc8/v1.45/sources/common/Umul16.c
		___wmul        		CODE           	D378	0000	39

/Applications/microchip/xc8/v1.45/sources/common/Umul16.c estimated size: 39

/Applications/microchip/xc8/v1.45/sources/common/isdigit.c
		_isdigit       		CODE           	D314	0000	31

/Applications/microchip/xc8/v1.45/sources/common/isdigit.c estimated size: 31

shared
		_dpowers       		MEDIUMCONST    	FD47	0000	11
		_LCD_LEFT      		MEDIUMCONST    	FD60	0000	2
		_input         		MEDIUMCONST    	FD36	0000	18
		_keys          		MEDIUMCONST    	FD25	0000	18
		_LCD_RIGHT     		MEDIUMCONST    	FD61	0000	2
		__initialization		CODE           	D332	0000	25
		_LCD_VERT_LIMIT		MEDIUMCONST    	FD64	0000	2
		_LCD_HORZ_LIMIT		MEDIUMCONST    	FD65	0000	2
		_hexpowers     		MEDIUMCONST    	FD51	0000	9
		_LCD_SIZE_VERT 		MEDIUMCONST    	FD62	0000	2
		_LCD_SIZE_HORZ 		MEDIUMCONST    	FD63	0000	2
		_happynewyear  		MEDIUMCONST    	FD59	0000	8

shared estimated size: 101

main.c
		_main          		CODE           	D3C8	0000	57

main.c estimated size: 57

